Archive member included to satisfy reference by file (symbol)

D:/Non-Project/STM CubeIDE/STM32CubeIDE_1.14.0/STM32CubeIDE/plugins/com.st.stm32cube.ide.mcu.externaltools.gnu-tools-for-stm32.11.3.rel1.win32_1.1.100.202309141235/tools/bin/../lib/gcc/arm-none-eabi/11.3.1/../../../../arm-none-eabi/lib/thumb/v7e-m+fp/hard\libc_nano.a(libc_a-exit.o)
                              D:/Non-Project/STM CubeIDE/STM32CubeIDE_1.14.0/STM32CubeIDE/plugins/com.st.stm32cube.ide.mcu.externaltools.gnu-tools-for-stm32.11.3.rel1.win32_1.1.100.202309141235/tools/bin/../lib/gcc/arm-none-eabi/11.3.1/../../../../arm-none-eabi/lib/thumb/v7e-m+fp/hard/crt0.o (exit)
D:/Non-Project/STM CubeIDE/STM32CubeIDE_1.14.0/STM32CubeIDE/plugins/com.st.stm32cube.ide.mcu.externaltools.gnu-tools-for-stm32.11.3.rel1.win32_1.1.100.202309141235/tools/bin/../lib/gcc/arm-none-eabi/11.3.1/../../../../arm-none-eabi/lib/thumb/v7e-m+fp/hard\libc_nano.a(libc_a-findfp.o)
                              D:/Non-Project/STM CubeIDE/STM32CubeIDE_1.14.0/STM32CubeIDE/plugins/com.st.stm32cube.ide.mcu.externaltools.gnu-tools-for-stm32.11.3.rel1.win32_1.1.100.202309141235/tools/bin/../lib/gcc/arm-none-eabi/11.3.1/../../../../arm-none-eabi/lib/thumb/v7e-m+fp/hard\libc_nano.a(libc_a-exit.o) (__stdio_exit_handler)
D:/Non-Project/STM CubeIDE/STM32CubeIDE_1.14.0/STM32CubeIDE/plugins/com.st.stm32cube.ide.mcu.externaltools.gnu-tools-for-stm32.11.3.rel1.win32_1.1.100.202309141235/tools/bin/../lib/gcc/arm-none-eabi/11.3.1/../../../../arm-none-eabi/lib/thumb/v7e-m+fp/hard\libc_nano.a(libc_a-fwalk.o)
                              D:/Non-Project/STM CubeIDE/STM32CubeIDE_1.14.0/STM32CubeIDE/plugins/com.st.stm32cube.ide.mcu.externaltools.gnu-tools-for-stm32.11.3.rel1.win32_1.1.100.202309141235/tools/bin/../lib/gcc/arm-none-eabi/11.3.1/../../../../arm-none-eabi/lib/thumb/v7e-m+fp/hard\libc_nano.a(libc_a-findfp.o) (_fwalk_sglue)
D:/Non-Project/STM CubeIDE/STM32CubeIDE_1.14.0/STM32CubeIDE/plugins/com.st.stm32cube.ide.mcu.externaltools.gnu-tools-for-stm32.11.3.rel1.win32_1.1.100.202309141235/tools/bin/../lib/gcc/arm-none-eabi/11.3.1/../../../../arm-none-eabi/lib/thumb/v7e-m+fp/hard\libc_nano.a(libc_a-stdio.o)
                              D:/Non-Project/STM CubeIDE/STM32CubeIDE_1.14.0/STM32CubeIDE/plugins/com.st.stm32cube.ide.mcu.externaltools.gnu-tools-for-stm32.11.3.rel1.win32_1.1.100.202309141235/tools/bin/../lib/gcc/arm-none-eabi/11.3.1/../../../../arm-none-eabi/lib/thumb/v7e-m+fp/hard\libc_nano.a(libc_a-findfp.o) (__sread)
D:/Non-Project/STM CubeIDE/STM32CubeIDE_1.14.0/STM32CubeIDE/plugins/com.st.stm32cube.ide.mcu.externaltools.gnu-tools-for-stm32.11.3.rel1.win32_1.1.100.202309141235/tools/bin/../lib/gcc/arm-none-eabi/11.3.1/../../../../arm-none-eabi/lib/thumb/v7e-m+fp/hard\libc_nano.a(libc_a-memcmp.o)
                              ./CommonRTOS/ThirdParty/Segger/OS/SEGGER_SYSVIEW_FreeRTOS.o (memcmp)
D:/Non-Project/STM CubeIDE/STM32CubeIDE_1.14.0/STM32CubeIDE/plugins/com.st.stm32cube.ide.mcu.externaltools.gnu-tools-for-stm32.11.3.rel1.win32_1.1.100.202309141235/tools/bin/../lib/gcc/arm-none-eabi/11.3.1/../../../../arm-none-eabi/lib/thumb/v7e-m+fp/hard\libc_nano.a(libc_a-memset.o)
                              D:/Non-Project/STM CubeIDE/STM32CubeIDE_1.14.0/STM32CubeIDE/plugins/com.st.stm32cube.ide.mcu.externaltools.gnu-tools-for-stm32.11.3.rel1.win32_1.1.100.202309141235/tools/bin/../lib/gcc/arm-none-eabi/11.3.1/../../../../arm-none-eabi/lib/thumb/v7e-m+fp/hard/crt0.o (memset)
D:/Non-Project/STM CubeIDE/STM32CubeIDE_1.14.0/STM32CubeIDE/plugins/com.st.stm32cube.ide.mcu.externaltools.gnu-tools-for-stm32.11.3.rel1.win32_1.1.100.202309141235/tools/bin/../lib/gcc/arm-none-eabi/11.3.1/../../../../arm-none-eabi/lib/thumb/v7e-m+fp/hard\libc_nano.a(libc_a-closer.o)
                              D:/Non-Project/STM CubeIDE/STM32CubeIDE_1.14.0/STM32CubeIDE/plugins/com.st.stm32cube.ide.mcu.externaltools.gnu-tools-for-stm32.11.3.rel1.win32_1.1.100.202309141235/tools/bin/../lib/gcc/arm-none-eabi/11.3.1/../../../../arm-none-eabi/lib/thumb/v7e-m+fp/hard\libc_nano.a(libc_a-stdio.o) (_close_r)
D:/Non-Project/STM CubeIDE/STM32CubeIDE_1.14.0/STM32CubeIDE/plugins/com.st.stm32cube.ide.mcu.externaltools.gnu-tools-for-stm32.11.3.rel1.win32_1.1.100.202309141235/tools/bin/../lib/gcc/arm-none-eabi/11.3.1/../../../../arm-none-eabi/lib/thumb/v7e-m+fp/hard\libc_nano.a(libc_a-reent.o)
                              D:/Non-Project/STM CubeIDE/STM32CubeIDE_1.14.0/STM32CubeIDE/plugins/com.st.stm32cube.ide.mcu.externaltools.gnu-tools-for-stm32.11.3.rel1.win32_1.1.100.202309141235/tools/bin/../lib/gcc/arm-none-eabi/11.3.1/../../../../arm-none-eabi/lib/thumb/v7e-m+fp/hard\libc_nano.a(libc_a-closer.o) (errno)
D:/Non-Project/STM CubeIDE/STM32CubeIDE_1.14.0/STM32CubeIDE/plugins/com.st.stm32cube.ide.mcu.externaltools.gnu-tools-for-stm32.11.3.rel1.win32_1.1.100.202309141235/tools/bin/../lib/gcc/arm-none-eabi/11.3.1/../../../../arm-none-eabi/lib/thumb/v7e-m+fp/hard\libc_nano.a(libc_a-impure.o)
[...]
Memory Configuration

Name             Origin             Length             Attributes
RAM              0x0000000020000000 0x0000000000018000 xrw
RAM2             0x0000000010000000 0x0000000000008000 xrw
FLASH            0x0000000008000000 0x0000000000100000 xr
*default*        0x0000000000000000 0xffffffffffffffff

Linker script and memory map

LOAD D:/Non-Project/STM CubeIDE/STM32CubeIDE_1.14.0/STM32CubeIDE/plugins/com.st.stm32cube.ide.mcu.externaltools.gnu-tools-for-stm32.11.3.rel1.win32_1.1.100.202309141235/tools/bin/../lib/gcc/arm-none-eabi/11.3.1/thumb/v7e-m+fp/hard/crti.o
LOAD D:/Non-Project/STM CubeIDE/STM32CubeIDE_1.14.0/STM32CubeIDE/plugins/com.st.stm32cube.ide.mcu.externaltools.gnu-tools-for-stm32.11.3.rel1.win32_1.1.100.202309141235/tools/bin/../lib/gcc/arm-none-eabi/11.3.1/thumb/v7e-m+fp/hard/crtbegin.o
LOAD D:/Non-Project/STM CubeIDE/STM32CubeIDE_1.14.0/STM32CubeIDE/plugins/com.st.stm32cube.ide.mcu.externaltools.gnu-tools-for-stm32.11.3.rel1.win32_1.1.100.202309141235/tools/bin/../lib/gcc/arm-none-eabi/11.3.1/../../../../arm-none-eabi/lib/thumb/v7e-m+fp/hard/crt0.o
LOAD ./CommonRTOS/ThirdParty/FreeRTOS/croutine.o
LOAD ./CommonRTOS/ThirdParty/FreeRTOS/event_groups.o
LOAD ./CommonRTOS/ThirdParty/FreeRTOS/list.o
LOAD ./CommonRTOS/ThirdParty/FreeRTOS/queue.o
LOAD ./CommonRTOS/ThirdParty/FreeRTOS/stream_buffer.o
LOAD ./CommonRTOS/ThirdParty/FreeRTOS/tasks.o
LOAD ./CommonRTOS/ThirdParty/FreeRTOS/timers.o
LOAD ./CommonRTOS/ThirdParty/FreeRTOS/portable/GCC/ARM_CM4F/port.o
LOAD ./CommonRTOS/ThirdParty/FreeRTOS/portable/MemMang/heap_4.o
LOAD ./CommonRTOS/ThirdParty/Segger/Config/SEGGER_SYSVIEW_Config_FreeRTOS.o
LOAD ./CommonRTOS/ThirdParty/Segger/OS/SEGGER_SYSVIEW_FreeRTOS.o
LOAD ./CommonRTOS/ThirdParty/Segger/Recorder/segger_uart.o
LOAD ./CommonRTOS/ThirdParty/Segger/Segger/SEGGER_RTT.o
LOAD ./CommonRTOS/ThirdParty/Segger/Segger/SEGGER_RTT_ASM_ARMv7M.o
LOAD ./CommonRTOS/ThirdParty/Segger/Segger/SEGGER_RTT_printf.o
LOAD ./CommonRTOS/ThirdParty/Segger/Segger/SEGGER_SYSVIEW.o
LOAD ./CommonRTOS/ThirdParty/Segger/Segger/Syscalls/SEGGER_RTT_Syscalls_GCC.o
LOAD ./Core/Src/main.o
LOAD ./Core/Src/stm32l4xx_hal_msp.o
LOAD ./Core/Src/stm32l4xx_hal_timebase_tim.o
LOAD ./Core/Src/stm32l4xx_it.o
LOAD ./Core/Src/syscalls.o
LOAD ./Core/Src/system_stm32l4xx.o
LOAD ./Core/Startup/startup_stm32l476rgtx.o
LOAD ./Drivers/STM32L4xx_HAL_Driver/Src/stm32l4xx_hal.o
LOAD ./Drivers/STM32L4xx_HAL_Driver/Src/stm32l4xx_hal_cortex.o
LOAD ./Drivers/STM32L4xx_HAL_Driver/Src/stm32l4xx_hal_dma.o
LOAD ./Drivers/STM32L4xx_HAL_Driver/Src/stm32l4xx_hal_dma_ex.o
LOAD ./Drivers/STM32L4xx_HAL_Driver/Src/stm32l4xx_hal_exti.o
LOAD ./Drivers/STM32L4xx_HAL_Driver/Src/stm32l4xx_hal_flash.o
LOAD ./Drivers/STM32L4xx_HAL_Driver/Src/stm32l4xx_hal_flash_ex.o
LOAD ./Drivers/STM32L4xx_HAL_Driver/Src/stm32l4xx_hal_flash_ramfunc.o
LOAD ./Drivers/STM32L4xx_HAL_Driver/Src/stm32l4xx_hal_gpio.o
LOAD ./Drivers/STM32L4xx_HAL_Driver/Src/stm32l4xx_hal_i2c.o
LOAD ./Drivers/STM32L4xx_HAL_Driver/Src/stm32l4xx_hal_i2c_ex.o
LOAD ./Drivers/STM32L4xx_HAL_Driver/Src/stm32l4xx_hal_pwr.o
LOAD ./Drivers/STM32L4xx_HAL_Driver/Src/stm32l4xx_hal_pwr_ex.o
LOAD ./Drivers/STM32L4xx_HAL_Driver/Src/stm32l4xx_hal_rcc.o
LOAD ./Drivers/STM32L4xx_HAL_Driver/Src/stm32l4xx_hal_rcc_ex.o
LOAD ./Drivers/STM32L4xx_HAL_Driver/Src/stm32l4xx_hal_tim.o
LOAD ./Drivers/STM32L4xx_HAL_Driver/Src/stm32l4xx_hal_tim_ex.o
START GROUP
LOAD D:/Non-Project/STM CubeIDE/STM32CubeIDE_1.14.0/STM32CubeIDE/plugins/com.st.stm32cube.ide.mcu.externaltools.gnu-tools-for-stm32.11.3.rel1.win32_1.1.100.202309141235/tools/bin/../lib/gcc/arm-none-eabi/11.3.1/../../../../arm-none-eabi/lib/thumb/v7e-m+fp/hard\libc_nano.a
LOAD D:/Non-Project/STM CubeIDE/STM32CubeIDE_1.14.0/STM32CubeIDE/plugins/com.st.stm32cube.ide.mcu.externaltools.gnu-tools-for-stm32.11.3.rel1.win32_1.1.100.202309141235/tools/bin/../lib/gcc/arm-none-eabi/11.3.1/../../../../arm-none-eabi/lib/thumb/v7e-m+fp/hard\libm.a
END GROUP
START GROUP
LOAD D:/Non-Project/STM CubeIDE/STM32CubeIDE_1.14.0/STM32CubeIDE/plugins/com.st.stm32cube.ide.mcu.externaltools.gnu-tools-for-stm32.11.3.rel1.win32_1.1.100.202309141235/tools/bin/../lib/gcc/arm-none-eabi/11.3.1/thumb/v7e-m+fp/hard\libgcc.a
LOAD D:/Non-Project/STM CubeIDE/STM32CubeIDE_1.14.0/STM32CubeIDE/plugins/com.st.stm32cube.ide.mcu.externaltools.gnu-tools-for-stm32.11.3.rel1.win32_1.1.100.202309141235/tools/bin/../lib/gcc/arm-none-eabi/11.3.1/../../../../arm-none-eabi/lib/thumb/v7e-m+fp/hard\libc_nano.a
END GROUP
START GROUP
LOAD D:/Non-Project/STM CubeIDE/STM32CubeIDE_1.14.0/STM32CubeIDE/plugins/com.st.stm32cube.ide.mcu.externaltools.gnu-tools-for-stm32.11.3.rel1.win32_1.1.100.202309141235/tools/bin/../lib/gcc/arm-none-eabi/11.3.1/thumb/v7e-m+fp/hard\libgcc.a
LOAD D:/Non-Project/STM CubeIDE/STM32CubeIDE_1.14.0/STM32CubeIDE/plugins/com.st.stm32cube.ide.mcu.externaltools.gnu-tools-for-stm32.11.3.rel1.win32_1.1.100.202309141235/tools/bin/../lib/gcc/arm-none-eabi/11.3.1/../../../../arm-none-eabi/lib/thumb/v7e-m+fp/hard\libc_nano.a
LOAD D:/Non-Project/STM CubeIDE/STM32CubeIDE_1.14.0/STM32CubeIDE/plugins/com.st.stm32cube.ide.mcu.externaltools.gnu-tools-for-stm32.11.3.rel1.win32_1.1.100.202309141235/tools/bin/../lib/gcc/arm-none-eabi/11.3.1/../../../../arm-none-eabi/lib/thumb/v7e-m+fp/hard\libnosys.a
END GROUP
START GROUP
LOAD D:/Non-Project/STM CubeIDE/STM32CubeIDE_1.14.0/STM32CubeIDE/plugins/com.st.stm32cube.ide.mcu.externaltools.gnu-tools-for-stm32.11.3.rel1.win32_1.1.100.202309141235/tools/bin/../lib/gcc/arm-none-eabi/11.3.1/thumb/v7e-m+fp/hard\libgcc.a
LOAD D:/Non-Project/STM CubeIDE/STM32CubeIDE_1.14.0/STM32CubeIDE/plugins/com.st.stm32cube.ide.mcu.externaltools.gnu-tools-for-stm32.11.3.rel1.win32_1.1.100.202309141235/tools/bin/../lib/gcc/arm-none-eabi/11.3.1/../../../../arm-none-eabi/lib/thumb/v7e-m+fp/hard\libc_nano.a
LOAD D:/Non-Project/STM CubeIDE/STM32CubeIDE_1.14.0/STM32CubeIDE/plugins/com.st.stm32cube.ide.mcu.externaltools.gnu-tools-for-stm32.11.3.rel1.win32_1.1.100.202309141235/tools/bin/../lib/gcc/arm-none-eabi/11.3.1/../../../../arm-none-eabi/lib/thumb/v7e-m+fp/hard\libnosys.a
END GROUP
LOAD D:/Non-Project/STM CubeIDE/STM32CubeIDE_1.14.0/STM32CubeIDE/plugins/com.st.stm32cube.ide.mcu.externaltools.gnu-tools-for-stm32.11.3.rel1.win32_1.1.100.202309141235/tools/bin/../lib/gcc/arm-none-eabi/11.3.1/thumb/v7e-m+fp/hard/crtend.o
LOAD D:/Non-Project/STM CubeIDE/STM32CubeIDE_1.14.0/STM32CubeIDE/plugins/com.st.stm32cube.ide.mcu.externaltools.gnu-tools-for-stm32.11.3.rel1.win32_1.1.100.202309141235/tools/bin/../lib/gcc/arm-none-eabi/11.3.1/thumb/v7e-m+fp/hard/crtn.o
                0x0000000020018000                _estack = (ORIGIN (RAM) + LENGTH (RAM))
                0x0000000000000200                _Min_Heap_Size = 0x200
                0x0000000000000400                _Min_Stack_Size = 0x400

.isr_vector     0x0000000008000000      0x188
                0x0000000008000000                . = ALIGN (0x4)
 *(.isr_vector)
 .isr_vector    0x0000000008000000      0x188 ./Core/Startup/startup_stm32l476rgtx.o
                0x0000000008000000                g_pfnVectors
                0x0000000008000188                . = ALIGN (0x4)

.text           0x0000000008000190     0x5704
                0x0000000008000190                . = ALIGN (0x4)
 *(.text)
 .text          0x0000000008000190       0x40 D:/Non-Project/STM CubeIDE/STM32CubeIDE_1.14.0/STM32CubeIDE/plugins/com.st.stm32cube.ide.mcu.externaltools.gnu-tools-for-stm32.11.3.rel1.win32_1.1.100.202309141235/tools/bin/../lib/gcc/arm-none-eabi/11.3.1/thumb/v7e-m+fp/hard/crtbegin.o
 .text          0x00000000080001d0       0x94 ./CommonRTOS/ThirdParty/Segger/Segger/SEGGER_RTT_ASM_ARMv7M.o
                0x00000000080001d0                SEGGER_RTT_ASM_WriteSkipNoLock
 .text          0x0000000008000264       0x10 D:/Non-Project/STM CubeIDE/STM32CubeIDE_1.14.0/STM32CubeIDE/plugins/com.st.stm32cube.ide.mcu.externaltools.gnu-tools-for-stm32.11.3.rel1.win32_1.1.100.202309141235/tools/bin/../lib/gcc/arm-none-eabi/11.3.1/../../../../arm-none-eabi/lib/thumb/v7e-m+fp/hard\libc_nano.a(libc_a-strlen.o)
                0x0000000008000264                strlen
 *(.text*)
 .text.vListInitialise
                0x0000000008000274       0x40 ./CommonRTOS/ThirdParty/FreeRTOS/list.o
                0x0000000008000274                vListInitialise
 .text.vListInitialiseItem
                0x00000000080002b4       0x1a ./CommonRTOS/ThirdParty/FreeRTOS/list.o
                0x00000000080002b4                vListInitialiseItem
 .text.uxListRemove
                0x00000000080002ce       0x54 ./CommonRTOS/ThirdParty/FreeRTOS/list.o
                0x00000000080002ce                uxListRemove
 .text.xTaskCreate
                0x0000000008000322       0x8c ./CommonRTOS/ThirdParty/FreeRTOS/tasks.o
                0x0000000008000322                xTaskCreate
 .text.prvInitialiseNewTask
                0x00000000080003ae      0x11c ./CommonRTOS/ThirdParty/FreeRTOS/tasks.o
 *fill*         0x00000000080004ca        0x2 
 .text.prvAddNewTaskToReadyList
                0x00000000080004cc      0x168 ./CommonRTOS/ThirdParty/FreeRTOS/tasks.o
 .text.uxTaskPriorityGet
                0x0000000008000634       0x34 ./CommonRTOS/ThirdParty/FreeRTOS/tasks.o
                0x0000000008000634                uxTaskPriorityGet
 .text.vTaskPrioritySet
                0x0000000008000668      0x158 ./CommonRTOS/ThirdParty/FreeRTOS/tasks.o
                0x0000000008000668                vTaskPrioritySet
 .text.vTaskStartScheduler
                0x00000000080007c0       0xb8 ./CommonRTOS/ThirdParty/FreeRTOS/tasks.o
                0x00000000080007c0                vTaskStartScheduler
 .text.vTaskSuspendAll
                0x0000000008000878       0x1c ./CommonRTOS/ThirdParty/FreeRTOS/tasks.o
                0x0000000008000878                vTaskSuspendAll
 .text.xTaskResumeAll
                0x0000000008000894      0x200 ./CommonRTOS/ThirdParty/FreeRTOS/tasks.o
                0x0000000008000894                xTaskResumeAll
 .text.xTaskGetTickCountFromISR
                0x0000000008000a94       0x24 ./CommonRTOS/ThirdParty/FreeRTOS/tasks.o
                0x0000000008000a94                xTaskGetTickCountFromISR
 .text.prvSearchForNameWithinSingleList
                0x0000000008000ab8       0xdc ./CommonRTOS/ThirdParty/FreeRTOS/tasks.o
 .text.xTaskGetHandle
                0x0000000008000b94       0xcc ./CommonRTOS/ThirdParty/FreeRTOS/tasks.o
                0x0000000008000b94                xTaskGetHandle
 .text.xTaskIncrementTick
                0x0000000008000c60      0x234 ./CommonRTOS/ThirdParty/FreeRTOS/tasks.o
                0x0000000008000c60                xTaskIncrementTick
 .text.vTaskSwitchContext
                0x0000000008000e94      0x108 ./CommonRTOS/ThirdParty/FreeRTOS/tasks.o
                0x0000000008000e94                vTaskSwitchContext
 .text.prvIdleTask
                0x0000000008000f9c       0x30 ./CommonRTOS/ThirdParty/FreeRTOS/tasks.o
 .text.prvInitialiseTaskLists
                0x0000000008000fcc       0x80 ./CommonRTOS/ThirdParty/FreeRTOS/tasks.o
 .text.prvCheckTasksWaitingTermination
                0x000000000800104c       0x5c ./CommonRTOS/ThirdParty/FreeRTOS/tasks.o
 .text.prvTaskCheckFreeStackSpace
                0x00000000080010a8       0x38 ./CommonRTOS/ThirdParty/FreeRTOS/tasks.o
 .text.uxTaskGetStackHighWaterMark
                0x00000000080010e0       0x38 ./CommonRTOS/ThirdParty/FreeRTOS/tasks.o
                0x00000000080010e0                uxTaskGetStackHighWaterMark
 .text.prvDeleteTCB
                0x0000000008001118       0x20 ./CommonRTOS/ThirdParty/FreeRTOS/tasks.o
 .text.prvResetNextTaskUnblockTime
                0x0000000008001138       0x38 ./CommonRTOS/ThirdParty/FreeRTOS/tasks.o
 .text.xTaskGetCurrentTaskHandle
                0x0000000008001170       0x20 ./CommonRTOS/ThirdParty/FreeRTOS/tasks.o
                0x0000000008001170                xTaskGetCurrentTaskHandle
 .text.pxPortInitialiseStack
                0x0000000008001190       0x68 ./CommonRTOS/ThirdParty/FreeRTOS/portable/GCC/ARM_CM4F/port.o
                0x0000000008001190                pxPortInitialiseStack
 .text.prvTaskExitError
                0x00000000080011f8       0x58 ./CommonRTOS/ThirdParty/FreeRTOS/portable/GCC/ARM_CM4F/port.o
 .text.SVC_Handler
                0x0000000008001250       0x28 ./CommonRTOS/ThirdParty/FreeRTOS/portable/GCC/ARM_CM4F/port.o
                0x0000000008001250                SVC_Handler
 .text.prvPortStartFirstTask
                0x0000000008001278       0x2c ./CommonRTOS/ThirdParty/FreeRTOS/portable/GCC/ARM_CM4F/port.o
 .text.xPortStartScheduler
                0x00000000080012a4      0x144 ./CommonRTOS/ThirdParty/FreeRTOS/portable/GCC/ARM_CM4F/port.o
                0x00000000080012a4                xPortStartScheduler
 .text.vPortEnterCritical
                0x00000000080013e8       0x60 ./CommonRTOS/ThirdParty/FreeRTOS/portable/GCC/ARM_CM4F/port.o
                0x00000000080013e8                vPortEnterCritical
 .text.vPortExitCritical
                0x0000000008001448       0x54 ./CommonRTOS/ThirdParty/FreeRTOS/portable/GCC/ARM_CM4F/port.o
                0x0000000008001448                vPortExitCritical
 *fill*         0x000000000800149c        0x4 
 .text.PendSV_Handler
                0x00000000080014a0       0x68 ./CommonRTOS/ThirdParty/FreeRTOS/portable/GCC/ARM_CM4F/port.o
                0x00000000080014a0                PendSV_Handler
 .text.SysTick_Handler
                0x0000000008001508       0x54 ./CommonRTOS/ThirdParty/FreeRTOS/portable/GCC/ARM_CM4F/port.o
                0x0000000008001508                SysTick_Handler
 .text.vPortSetupTimerInterrupt
                0x000000000800155c       0x48 ./CommonRTOS/ThirdParty/FreeRTOS/portable/GCC/ARM_CM4F/port.o
                0x000000000800155c                vPortSetupTimerInterrupt
 .text.vPortEnableVFP
                0x00000000080015a4       0x18 ./CommonRTOS/ThirdParty/FreeRTOS/portable/GCC/ARM_CM4F/port.o
 .text.vPortValidateInterruptPriority
                0x00000000080015bc       0x80 ./CommonRTOS/ThirdParty/FreeRTOS/portable/GCC/ARM_CM4F/port.o
                0x00000000080015bc                vPortValidateInterruptPriority
 .text.pvPortMalloc
                0x000000000800163c      0x174 ./CommonRTOS/ThirdParty/FreeRTOS/portable/MemMang/heap_4.o
                0x000000000800163c                pvPortMalloc
 .text.vPortFree
                0x00000000080017b0       0xb8 ./CommonRTOS/ThirdParty/FreeRTOS/portable/MemMang/heap_4.o
                0x00000000080017b0                vPortFree
 .text.prvHeapInit
                0x0000000008001868       0xb8 ./CommonRTOS/ThirdParty/FreeRTOS/portable/MemMang/heap_4.o
 .text.prvInsertBlockIntoFreeList
                0x0000000008001920       0xb4 ./CommonRTOS/ThirdParty/FreeRTOS/portable/MemMang/heap_4.o
 .text._cbSendSystemDesc
                0x00000000080019d4       0x1c ./CommonRTOS/ThirdParty/Segger/Config/SEGGER_SYSVIEW_Config_FreeRTOS.o
 .text.SEGGER_SYSVIEW_Conf
                0x00000000080019f0       0x2c ./CommonRTOS/ThirdParty/Segger/Config/SEGGER_SYSVIEW_Config_FreeRTOS.o
                0x00000000080019f0                SEGGER_SYSVIEW_Conf
 .text._cbSendTaskList
                0x0000000008001a1c       0xbc ./CommonRTOS/ThirdParty/Segger/OS/SEGGER_SYSVIEW_FreeRTOS.o
 .text._cbGetTime
                0x0000000008001ad8       0x86 ./CommonRTOS/ThirdParty/Segger/OS/SEGGER_SYSVIEW_FreeRTOS.o
 *fill*         0x0000000008001b5e        0x2 
 .text.SYSVIEW_AddTask
                0x0000000008001b60       0xd0 ./CommonRTOS/ThirdParty/Segger/OS/SEGGER_SYSVIEW_FreeRTOS.o
                0x0000000008001b60                SYSVIEW_AddTask
 .text.SYSVIEW_UpdateTask
                0x0000000008001c30       0xe0 ./CommonRTOS/ThirdParty/Segger/OS/SEGGER_SYSVIEW_FreeRTOS.o
                0x0000000008001c30                SYSVIEW_UpdateTask
 .text.SYSVIEW_SendTaskInfo
                0x0000000008001d10       0x42 ./CommonRTOS/ThirdParty/Segger/OS/SEGGER_SYSVIEW_FreeRTOS.o
                0x0000000008001d10                SYSVIEW_SendTaskInfo
 *fill*         0x0000000008001d52        0x2 
 .text.__NVIC_EnableIRQ
                0x0000000008001d54       0x3c ./CommonRTOS/ThirdParty/Segger/Recorder/segger_uart.o
 .text.__NVIC_SetPriority
                0x0000000008001d90       0x54 ./CommonRTOS/ThirdParty/Segger/Recorder/segger_uart.o
 .text._StartSysView
                0x0000000008001de4       0x1e ./CommonRTOS/ThirdParty/Segger/Recorder/segger_uart.o
 *fill*         0x0000000008001e02        0x2 
 .text._cbOnUARTRx
                0x0000000008001e04       0x40 ./CommonRTOS/ThirdParty/Segger/Recorder/segger_uart.o
 .text._cbOnUARTTx
                0x0000000008001e44       0x64 ./CommonRTOS/ThirdParty/Segger/Recorder/segger_uart.o
 .text.SEGGER_UART_init
                0x0000000008001ea8       0x24 ./CommonRTOS/ThirdParty/Segger/Recorder/segger_uart.o
                0x0000000008001ea8                SEGGER_UART_init
 .text.USART2_IRQHandler
                0x0000000008001ecc       0x98 ./CommonRTOS/ThirdParty/Segger/Recorder/segger_uart.o
                0x0000000008001ecc                USART2_IRQHandler
 .text.HIF_UART_EnableTXEInterrupt
                0x0000000008001f64       0x20 ./CommonRTOS/ThirdParty/Segger/Recorder/segger_uart.o
                0x0000000008001f64                HIF_UART_EnableTXEInterrupt
 .text.HIF_UART_Init
                0x0000000008001f84       0xd4 ./CommonRTOS/ThirdParty/Segger/Recorder/segger_uart.o
                0x0000000008001f84                HIF_UART_Init
 .text._DoInit  0x0000000008002058       0xb4 ./CommonRTOS/ThirdParty/Segger/Segger/SEGGER_RTT.o
 .text._WriteBlocking
                0x000000000800210c       0xba ./CommonRTOS/ThirdParty/Segger/Segger/SEGGER_RTT.o
 .text._WriteNoCheck
                0x00000000080021c6       0x90 ./CommonRTOS/ThirdParty/Segger/Segger/SEGGER_RTT.o
 .text._GetAvailWriteSpace
                0x0000000008002256       0x46 ./CommonRTOS/ThirdParty/Segger/Segger/SEGGER_RTT.o
 .text.SEGGER_RTT_ReadUpBufferNoLock
                0x000000000800229c      0x10c ./CommonRTOS/ThirdParty/Segger/Segger/SEGGER_RTT.o
                0x000000000800229c                SEGGER_RTT_ReadUpBufferNoLock
 .text.SEGGER_RTT_ReadNoLock
                0x00000000080023a8      0x10c ./CommonRTOS/ThirdParty/Segger/Segger/SEGGER_RTT.o
                0x00000000080023a8                SEGGER_RTT_ReadNoLock
 .text.SEGGER_RTT_WriteDownBufferNoLock
                0x00000000080024b4       0xa0 ./CommonRTOS/ThirdParty/Segger/Segger/SEGGER_RTT.o
                0x00000000080024b4                SEGGER_RTT_WriteDownBufferNoLock
 .text.SEGGER_RTT_WriteDownBuffer
                0x0000000008002554       0x4c ./CommonRTOS/ThirdParty/Segger/Segger/SEGGER_RTT.o
                0x0000000008002554                SEGGER_RTT_WriteDownBuffer
 .text.SEGGER_RTT_AllocUpBuffer
                0x00000000080025a0      0x108 ./CommonRTOS/ThirdParty/Segger/Segger/SEGGER_RTT.o
                0x00000000080025a0                SEGGER_RTT_AllocUpBuffer
 .text.SEGGER_RTT_ConfigDownBuffer
                0x00000000080026a8       0x98 ./CommonRTOS/ThirdParty/Segger/Segger/SEGGER_RTT.o
                0x00000000080026a8                SEGGER_RTT_ConfigDownBuffer
 .text._EncodeStr
                0x0000000008002740       0x60 ./CommonRTOS/ThirdParty/Segger/Segger/SEGGER_SYSVIEW.o
 .text._PreparePacket
                0x00000000080027a0       0x18 ./CommonRTOS/ThirdParty/Segger/Segger/SEGGER_SYSVIEW.o
 .text._HandleIncomingPacket
                0x00000000080027b8       0xdc ./CommonRTOS/ThirdParty/Segger/Segger/SEGGER_SYSVIEW.o
 .text._TrySendOverflowPacket
                0x0000000008002894       0xe8 ./CommonRTOS/ThirdParty/Segger/Segger/SEGGER_SYSVIEW.o
 .text._SendPacket
                0x000000000800297c      0x2e0 ./CommonRTOS/ThirdParty/Segger/Segger/SEGGER_SYSVIEW.o
 .text.SEGGER_SYSVIEW_Init
                0x0000000008002c5c       0x88 ./CommonRTOS/ThirdParty/Segger/Segger/SEGGER_SYSVIEW.o
                0x0000000008002c5c                SEGGER_SYSVIEW_Init
 .text.SEGGER_SYSVIEW_SetRAMBase
                0x0000000008002ce4       0x20 ./CommonRTOS/ThirdParty/Segger/Segger/SEGGER_SYSVIEW.o
                0x0000000008002ce4                SEGGER_SYSVIEW_SetRAMBase
 .text.SEGGER_SYSVIEW_RecordVoid
                0x0000000008002d04       0x3c ./CommonRTOS/ThirdParty/Segger/Segger/SEGGER_SYSVIEW.o
                0x0000000008002d04                SEGGER_SYSVIEW_RecordVoid
 .text.SEGGER_SYSVIEW_RecordU32
                0x0000000008002d40       0x78 ./CommonRTOS/ThirdParty/Segger/Segger/SEGGER_SYSVIEW.o
                0x0000000008002d40                SEGGER_SYSVIEW_RecordU32
 .text.SEGGER_SYSVIEW_RecordU32x2
                0x0000000008002db8       0xb4 ./CommonRTOS/ThirdParty/Segger/Segger/SEGGER_SYSVIEW.o
                0x0000000008002db8                SEGGER_SYSVIEW_RecordU32x2
 .text.SEGGER_SYSVIEW_Start
                0x0000000008002e6c      0x178 ./CommonRTOS/ThirdParty/Segger/Segger/SEGGER_SYSVIEW.o
                0x0000000008002e6c                SEGGER_SYSVIEW_Start
 .text.SEGGER_SYSVIEW_Stop
                0x0000000008002fe4       0x4c ./CommonRTOS/ThirdParty/Segger/Segger/SEGGER_SYSVIEW.o
                0x0000000008002fe4                SEGGER_SYSVIEW_Stop
 .text.SEGGER_SYSVIEW_GetSysDesc
                0x0000000008003030      0x134 ./CommonRTOS/ThirdParty/Segger/Segger/SEGGER_SYSVIEW.o
                0x0000000008003030                SEGGER_SYSVIEW_GetSysDesc
 .text.SEGGER_SYSVIEW_SendTaskInfo
                0x0000000008003164      0x1c8 ./CommonRTOS/ThirdParty/Segger/Segger/SEGGER_SYSVIEW.o
                0x0000000008003164                SEGGER_SYSVIEW_SendTaskInfo
 .text.SEGGER_SYSVIEW_SendTaskList
                0x000000000800332c       0x28 ./CommonRTOS/ThirdParty/Segger/Segger/SEGGER_SYSVIEW.o
                0x000000000800332c                SEGGER_SYSVIEW_SendTaskList
 .text.SEGGER_SYSVIEW_SendSysDesc
                0x0000000008003354       0x48 ./CommonRTOS/ThirdParty/Segger/Segger/SEGGER_SYSVIEW.o
                0x0000000008003354                SEGGER_SYSVIEW_SendSysDesc
 .text.SEGGER_SYSVIEW_RecordSystime
                0x000000000800339c       0x64 ./CommonRTOS/ThirdParty/Segger/Segger/SEGGER_SYSVIEW.o
                0x000000000800339c                SEGGER_SYSVIEW_RecordSystime
 .text.SEGGER_SYSVIEW_RecordEnterISR
                0x0000000008003400       0x84 ./CommonRTOS/ThirdParty/Segger/Segger/SEGGER_SYSVIEW.o
                0x0000000008003400                SEGGER_SYSVIEW_RecordEnterISR
 .text.SEGGER_SYSVIEW_RecordExitISR
                0x0000000008003484       0x38 ./CommonRTOS/ThirdParty/Segger/Segger/SEGGER_SYSVIEW.o
                0x0000000008003484                SEGGER_SYSVIEW_RecordExitISR
 .text.SEGGER_SYSVIEW_RecordExitISRToScheduler
                0x00000000080034bc       0x38 ./CommonRTOS/ThirdParty/Segger/Segger/SEGGER_SYSVIEW.o
                0x00000000080034bc                SEGGER_SYSVIEW_RecordExitISRToScheduler
 .text.SEGGER_SYSVIEW_OnIdle
                0x00000000080034f4       0x38 ./CommonRTOS/ThirdParty/Segger/Segger/SEGGER_SYSVIEW.o
                0x00000000080034f4                SEGGER_SYSVIEW_OnIdle
 .text.SEGGER_SYSVIEW_OnTaskCreate
                0x000000000800352c       0x84 ./CommonRTOS/ThirdParty/Segger/Segger/SEGGER_SYSVIEW.o
                0x000000000800352c                SEGGER_SYSVIEW_OnTaskCreate
 .text.SEGGER_SYSVIEW_OnTaskStartExec
                0x00000000080035b0       0x84 ./CommonRTOS/ThirdParty/Segger/Segger/SEGGER_SYSVIEW.o
                0x00000000080035b0                SEGGER_SYSVIEW_OnTaskStartExec
 .text.SEGGER_SYSVIEW_OnTaskStartReady
                0x0000000008003634       0x84 ./CommonRTOS/ThirdParty/Segger/Segger/SEGGER_SYSVIEW.o
                0x0000000008003634                SEGGER_SYSVIEW_OnTaskStartReady
 .text.SEGGER_SYSVIEW_ShrinkId
                0x00000000080036b8       0x20 ./CommonRTOS/ThirdParty/Segger/Segger/SEGGER_SYSVIEW.o
                0x00000000080036b8                SEGGER_SYSVIEW_ShrinkId
 .text.SEGGER_SYSVIEW_SendModule
                0x00000000080036d8      0x114 ./CommonRTOS/ThirdParty/Segger/Segger/SEGGER_SYSVIEW.o
                0x00000000080036d8                SEGGER_SYSVIEW_SendModule
 .text.SEGGER_SYSVIEW_SendModuleDescription
                0x00000000080037ec       0x3c ./CommonRTOS/ThirdParty/Segger/Segger/SEGGER_SYSVIEW.o
                0x00000000080037ec                SEGGER_SYSVIEW_SendModuleDescription
 .text.SEGGER_SYSVIEW_SendNumModules
                0x0000000008003828       0x7c ./CommonRTOS/ThirdParty/Segger/Segger/SEGGER_SYSVIEW.o
                0x0000000008003828                SEGGER_SYSVIEW_SendNumModules
 .text.SEGGER_SYSVIEW_Warn
                0x00000000080038a4       0xb8 ./CommonRTOS/ThirdParty/Segger/Segger/SEGGER_SYSVIEW.o
                0x00000000080038a4                SEGGER_SYSVIEW_Warn
 .text.SEGGER_SYSVIEW_IsStarted
                0x000000000800395c       0x5c ./CommonRTOS/ThirdParty/Segger/Segger/SEGGER_SYSVIEW.o
                0x000000000800395c                SEGGER_SYSVIEW_IsStarted
 .text.main     0x00000000080039b8       0xbc ./Core/Src/main.o
                0x00000000080039b8                main
 .text.SystemClock_Config
                0x0000000008003a74       0xa2 ./Core/Src/main.o
                0x0000000008003a74                SystemClock_Config
 *fill*         0x0000000008003b16        0x2 
 .text.MX_GPIO_Init
                0x0000000008003b18      0x100 ./Core/Src/main.o
 .text.HAL_GPIO_EXTI_Callback
                0x0000000008003c18       0x24 ./Core/Src/main.o
                0x0000000008003c18                HAL_GPIO_EXTI_Callback
 .text.pririty_switching
                0x0000000008003c3c       0x90 ./Core/Src/main.o
                0x0000000008003c3c                pririty_switching
 .text.LED_On_handler
                0x0000000008003ccc       0x20 ./Core/Src/main.o
 .text.LED_Off_handler
                0x0000000008003cec       0x20 ./Core/Src/main.o
 .text.HAL_TIM_PeriodElapsedCallback
                0x0000000008003d0c       0x24 ./Core/Src/main.o
                0x0000000008003d0c                HAL_TIM_PeriodElapsedCallback
 .text.Error_Handler
                0x0000000008003d30        0xa ./Core/Src/main.o
                0x0000000008003d30                Error_Handler
 *fill*         0x0000000008003d3a        0x2 
 .text.HAL_MspInit
                0x0000000008003d3c       0x48 ./Core/Src/stm32l4xx_hal_msp.o
                0x0000000008003d3c                HAL_MspInit
 .text.HAL_InitTick
                0x0000000008003d84       0xf4 ./Core/Src/stm32l4xx_hal_timebase_tim.o
                0x0000000008003d84                HAL_InitTick
 .text.NMI_Handler
                0x0000000008003e78        0x6 ./Core/Src/stm32l4xx_it.o
                0x0000000008003e78                NMI_Handler
 .text.HardFault_Handler
                0x0000000008003e7e        0x6 ./Core/Src/stm32l4xx_it.o
                0x0000000008003e7e                HardFault_Handler
 .text.MemManage_Handler
                0x0000000008003e84        0x6 ./Core/Src/stm32l4xx_it.o
                0x0000000008003e84                MemManage_Handler
 .text.BusFault_Handler
                0x0000000008003e8a        0x6 ./Core/Src/stm32l4xx_it.o
                0x0000000008003e8a                BusFault_Handler
 .text.UsageFault_Handler
                0x0000000008003e90        0x6 ./Core/Src/stm32l4xx_it.o
                0x0000000008003e90                UsageFault_Handler
 .text.DebugMon_Handler
                0x0000000008003e96        0xe ./Core/Src/stm32l4xx_it.o
                0x0000000008003e96                DebugMon_Handler
 .text.EXTI15_10_IRQHandler
                0x0000000008003ea4       0x10 ./Core/Src/stm32l4xx_it.o
                0x0000000008003ea4                EXTI15_10_IRQHandler
 .text.TIM6_DAC_IRQHandler
                0x0000000008003eb4       0x14 ./Core/Src/stm32l4xx_it.o
                0x0000000008003eb4                TIM6_DAC_IRQHandler
 .text.SystemInit
                0x0000000008003ec8       0x24 ./Core/Src/system_stm32l4xx.o
                0x0000000008003ec8                SystemInit
 .text.Reset_Handler
                0x0000000008003eec       0x50 ./Core/Startup/startup_stm32l476rgtx.o
                0x0000000008003eec                Reset_Handler
 .text.Default_Handler
                0x0000000008003f3c        0x2 ./Core/Startup/startup_stm32l476rgtx.o
                0x0000000008003f3c                RTC_Alarm_IRQHandler
                0x0000000008003f3c                EXTI2_IRQHandler
                0x0000000008003f3c                TIM8_TRG_COM_IRQHandler
                0x0000000008003f3c                TIM8_CC_IRQHandler
                0x0000000008003f3c                TIM1_CC_IRQHandler
                0x0000000008003f3c                TSC_IRQHandler
                0x0000000008003f3c                TAMP_STAMP_IRQHandler
                0x0000000008003f3c                EXTI3_IRQHandler
                0x0000000008003f3c                LPTIM2_IRQHandler
                0x0000000008003f3c                DFSDM1_FLT1_IRQHandler
                0x0000000008003f3c                I2C3_ER_IRQHandler
                0x0000000008003f3c                DFSDM1_FLT2_IRQHandler
                0x0000000008003f3c                EXTI0_IRQHandler
                0x0000000008003f3c                I2C2_EV_IRQHandler
                0x0000000008003f3c                CAN1_RX0_IRQHandler
                0x0000000008003f3c                FPU_IRQHandler
                0x0000000008003f3c                TIM1_UP_TIM16_IRQHandler
                0x0000000008003f3c                ADC1_2_IRQHandler
                0x0000000008003f3c                SPI1_IRQHandler
                0x0000000008003f3c                TIM8_UP_IRQHandler
                0x0000000008003f3c                DMA2_Channel2_IRQHandler
                0x0000000008003f3c                DMA1_Channel4_IRQHandler
                0x0000000008003f3c                SAI2_IRQHandler
                0x0000000008003f3c                DFSDM1_FLT3_IRQHandler
                0x0000000008003f3c                USART3_IRQHandler
                0x0000000008003f3c                DMA1_Channel7_IRQHandler
                0x0000000008003f3c                CAN1_RX1_IRQHandler
                0x0000000008003f3c                LCD_IRQHandler
                0x0000000008003f3c                UART5_IRQHandler
                0x0000000008003f3c                ADC3_IRQHandler
                0x0000000008003f3c                TIM4_IRQHandler
                0x0000000008003f3c                DMA2_Channel1_IRQHandler
                0x0000000008003f3c                QUADSPI_IRQHandler
                0x0000000008003f3c                I2C1_EV_IRQHandler
                0x0000000008003f3c                DMA1_Channel6_IRQHandler
                0x0000000008003f3c                UART4_IRQHandler
                0x0000000008003f3c                DMA2_Channel4_IRQHandler
                0x0000000008003f3c                TIM3_IRQHandler
                0x0000000008003f3c                RCC_IRQHandler
                0x0000000008003f3c                DMA1_Channel1_IRQHandler
                0x0000000008003f3c                Default_Handler
                0x0000000008003f3c                DMA2_Channel7_IRQHandler
                0x0000000008003f3c                TIM7_IRQHandler
                0x0000000008003f3c                SDMMC1_IRQHandler
                0x0000000008003f3c                TIM5_IRQHandler
                0x0000000008003f3c                I2C3_EV_IRQHandler
                0x0000000008003f3c                EXTI9_5_IRQHandler
                0x0000000008003f3c                RTC_WKUP_IRQHandler
                0x0000000008003f3c                PVD_PVM_IRQHandler
                0x0000000008003f3c                SPI2_IRQHandler
                0x0000000008003f3c                CAN1_TX_IRQHandler
                0x0000000008003f3c                DMA2_Channel5_IRQHandler
                0x0000000008003f3c                DMA1_Channel5_IRQHandler
                0x0000000008003f3c                EXTI4_IRQHandler
                0x0000000008003f3c                RNG_IRQHandler
                0x0000000008003f3c                TIM1_TRG_COM_TIM17_IRQHandler
                0x0000000008003f3c                DMA1_Channel3_IRQHandler
                0x0000000008003f3c                COMP_IRQHandler
                0x0000000008003f3c                WWDG_IRQHandler
                0x0000000008003f3c                LPUART1_IRQHandler
                0x0000000008003f3c                DMA2_Channel6_IRQHandler
                0x0000000008003f3c                TIM2_IRQHandler
                0x0000000008003f3c                EXTI1_IRQHandler
                0x0000000008003f3c                DFSDM1_FLT0_IRQHandler
                0x0000000008003f3c                I2C2_ER_IRQHandler
                0x0000000008003f3c                DMA1_Channel2_IRQHandler
                0x0000000008003f3c                TIM8_BRK_IRQHandler
                0x0000000008003f3c                CAN1_SCE_IRQHandler
                0x0000000008003f3c                FLASH_IRQHandler
                0x0000000008003f3c                USART1_IRQHandler
                0x0000000008003f3c                OTG_FS_IRQHandler
                0x0000000008003f3c                SPI3_IRQHandler
                0x0000000008003f3c                I2C1_ER_IRQHandler
                0x0000000008003f3c                FMC_IRQHandler
                0x0000000008003f3c                SWPMI1_IRQHandler
                0x0000000008003f3c                LPTIM1_IRQHandler
                0x0000000008003f3c                SAI1_IRQHandler
                0x0000000008003f3c                DMA2_Channel3_IRQHandler
                0x0000000008003f3c                TIM1_BRK_TIM15_IRQHandler
 *fill*         0x0000000008003f3e        0x2 
 .text.HAL_Init
                0x0000000008003f40       0x40 ./Drivers/STM32L4xx_HAL_Driver/Src/stm32l4xx_hal.o
                0x0000000008003f40                HAL_Init
 .text.HAL_IncTick
                0x0000000008003f80       0x28 ./Drivers/STM32L4xx_HAL_Driver/Src/stm32l4xx_hal.o
                0x0000000008003f80                HAL_IncTick
 .text.HAL_GetTick
                0x0000000008003fa8       0x18 ./Drivers/STM32L4xx_HAL_Driver/Src/stm32l4xx_hal.o
                0x0000000008003fa8                HAL_GetTick
 .text.HAL_Delay
                0x0000000008003fc0       0x48 ./Drivers/STM32L4xx_HAL_Driver/Src/stm32l4xx_hal.o
                0x0000000008003fc0                HAL_Delay
 .text.__NVIC_SetPriorityGrouping
                0x0000000008004008       0x48 ./Drivers/STM32L4xx_HAL_Driver/Src/stm32l4xx_hal_cortex.o
 .text.__NVIC_GetPriorityGrouping
                0x0000000008004050       0x1c ./Drivers/STM32L4xx_HAL_Driver/Src/stm32l4xx_hal_cortex.o
 .text.__NVIC_EnableIRQ
                0x000000000800406c       0x3c ./Drivers/STM32L4xx_HAL_Driver/Src/stm32l4xx_hal_cortex.o
 .text.__NVIC_SetPriority
                0x00000000080040a8       0x54 ./Drivers/STM32L4xx_HAL_Driver/Src/stm32l4xx_hal_cortex.o
 .text.NVIC_EncodePriority
                0x00000000080040fc       0x66 ./Drivers/STM32L4xx_HAL_Driver/Src/stm32l4xx_hal_cortex.o
 .text.HAL_NVIC_SetPriorityGrouping
                0x0000000008004162       0x16 ./Drivers/STM32L4xx_HAL_Driver/Src/stm32l4xx_hal_cortex.o
                0x0000000008004162                HAL_NVIC_SetPriorityGrouping
 .text.HAL_NVIC_SetPriority
                0x0000000008004178       0x38 ./Drivers/STM32L4xx_HAL_Driver/Src/stm32l4xx_hal_cortex.o
                0x0000000008004178                HAL_NVIC_SetPriority
 .text.HAL_NVIC_EnableIRQ
                0x00000000080041b0       0x1c ./Drivers/STM32L4xx_HAL_Driver/Src/stm32l4xx_hal_cortex.o
                0x00000000080041b0                HAL_NVIC_EnableIRQ
 .text.HAL_GPIO_Init
                0x00000000080041cc      0x354 ./Drivers/STM32L4xx_HAL_Driver/Src/stm32l4xx_hal_gpio.o
                0x00000000080041cc                HAL_GPIO_Init
 .text.HAL_GPIO_WritePin
                0x0000000008004520       0x30 ./Drivers/STM32L4xx_HAL_Driver/Src/stm32l4xx_hal_gpio.o
                0x0000000008004520                HAL_GPIO_WritePin
 .text.HAL_GPIO_EXTI_IRQHandler
                0x0000000008004550       0x30 ./Drivers/STM32L4xx_HAL_Driver/Src/stm32l4xx_hal_gpio.o
                0x0000000008004550                HAL_GPIO_EXTI_IRQHandler
 .text.HAL_PWREx_GetVoltageRange
                0x0000000008004580       0x1c ./Drivers/STM32L4xx_HAL_Driver/Src/stm32l4xx_hal_pwr_ex.o
                0x0000000008004580                HAL_PWREx_GetVoltageRange
 .text.HAL_PWREx_ControlVoltageScaling
                0x000000000800459c       0xac ./Drivers/STM32L4xx_HAL_Driver/Src/stm32l4xx_hal_pwr_ex.o
                0x000000000800459c                HAL_PWREx_ControlVoltageScaling
 .text.HAL_RCC_OscConfig
                0x0000000008004648      0x7b8 ./Drivers/STM32L4xx_HAL_Driver/Src/stm32l4xx_hal_rcc.o
                0x0000000008004648                HAL_RCC_OscConfig
 .text.HAL_RCC_ClockConfig
                0x0000000008004e00      0x200 ./Drivers/STM32L4xx_HAL_Driver/Src/stm32l4xx_hal_rcc.o
                0x0000000008004e00                HAL_RCC_ClockConfig
 .text.HAL_RCC_GetSysClockFreq
                0x0000000008005000      0x118 ./Drivers/STM32L4xx_HAL_Driver/Src/stm32l4xx_hal_rcc.o
                0x0000000008005000                HAL_RCC_GetSysClockFreq
 .text.HAL_RCC_GetHCLKFreq
                0x0000000008005118       0x18 ./Drivers/STM32L4xx_HAL_Driver/Src/stm32l4xx_hal_rcc.o
                0x0000000008005118                HAL_RCC_GetHCLKFreq
 .text.HAL_RCC_GetPCLK1Freq
                0x0000000008005130       0x2c ./Drivers/STM32L4xx_HAL_Driver/Src/stm32l4xx_hal_rcc.o
                0x0000000008005130                HAL_RCC_GetPCLK1Freq
 .text.HAL_RCC_GetClockConfig
                0x000000000800515c       0x64 ./Drivers/STM32L4xx_HAL_Driver/Src/stm32l4xx_hal_rcc.o
                0x000000000800515c                HAL_RCC_GetClockConfig
 .text.RCC_SetFlashLatencyFromMSIRange
                0x00000000080051c0       0xc0 ./Drivers/STM32L4xx_HAL_Driver/Src/stm32l4xx_hal_rcc.o
 .text.HAL_TIM_Base_Init
                0x0000000008005280       0xae ./Drivers/STM32L4xx_HAL_Driver/Src/stm32l4xx_hal_tim.o
                0x0000000008005280                HAL_TIM_Base_Init
 .text.HAL_TIM_Base_MspInit
                0x000000000800532e       0x14 ./Drivers/STM32L4xx_HAL_Driver/Src/stm32l4xx_hal_tim.o
                0x000000000800532e                HAL_TIM_Base_MspInit
 *fill*         0x0000000008005342        0x2 
 .text.HAL_TIM_Base_Start_IT
                0x0000000008005344       0xe0 ./Drivers/STM32L4xx_HAL_Driver/Src/stm32l4xx_hal_tim.o
                0x0000000008005344                HAL_TIM_Base_Start_IT
 .text.HAL_TIM_IRQHandler
                0x0000000008005424      0x204 ./Drivers/STM32L4xx_HAL_Driver/Src/stm32l4xx_hal_tim.o
                0x0000000008005424                HAL_TIM_IRQHandler
 .text.HAL_TIM_OC_DelayElapsedCallback
                0x0000000008005628       0x14 ./Drivers/STM32L4xx_HAL_Driver/Src/stm32l4xx_hal_tim.o
                0x0000000008005628                HAL_TIM_OC_DelayElapsedCallback
 .text.HAL_TIM_IC_CaptureCallback
                0x000000000800563c       0x14 ./Drivers/STM32L4xx_HAL_Driver/Src/stm32l4xx_hal_tim.o
                0x000000000800563c                HAL_TIM_IC_CaptureCallback
 .text.HAL_TIM_PWM_PulseFinishedCallback
                0x0000000008005650       0x14 ./Drivers/STM32L4xx_HAL_Driver/Src/stm32l4xx_hal_tim.o
                0x0000000008005650                HAL_TIM_PWM_PulseFinishedCallback
 .text.HAL_TIM_TriggerCallback
                0x0000000008005664       0x14 ./Drivers/STM32L4xx_HAL_Driver/Src/stm32l4xx_hal_tim.o
                0x0000000008005664                HAL_TIM_TriggerCallback
 .text.TIM_Base_SetConfig
                0x0000000008005678      0x134 ./Drivers/STM32L4xx_HAL_Driver/Src/stm32l4xx_hal_tim.o
                0x0000000008005678                TIM_Base_SetConfig
 .text.HAL_TIMEx_CommutCallback
                0x00000000080057ac       0x14 ./Drivers/STM32L4xx_HAL_Driver/Src/stm32l4xx_hal_tim_ex.o
                0x00000000080057ac                HAL_TIMEx_CommutCallback
 .text.HAL_TIMEx_BreakCallback
                0x00000000080057c0       0x14 ./Drivers/STM32L4xx_HAL_Driver/Src/stm32l4xx_hal_tim_ex.o
                0x00000000080057c0                HAL_TIMEx_BreakCallback
 .text.HAL_TIMEx_Break2Callback
                0x00000000080057d4       0x14 ./Drivers/STM32L4xx_HAL_Driver/Src/stm32l4xx_hal_tim_ex.o
                0x00000000080057d4                HAL_TIMEx_Break2Callback
 .text.memcmp   0x00000000080057e8       0x20 D:/Non-Project/STM CubeIDE/STM32CubeIDE_1.14.0/STM32CubeIDE/plugins/com.st.stm32cube.ide.mcu.externaltools.gnu-tools-for-stm32.11.3.rel1.win32_1.1.100.202309141235/tools/bin/../lib/gcc/arm-none-eabi/11.3.1/../../../../arm-none-eabi/lib/thumb/v7e-m+fp/hard\libc_nano.a(libc_a-memcmp.o)
                0x00000000080057e8                memcmp
 .text.memset   0x0000000008005808       0x10 D:/Non-Project/STM CubeIDE/STM32CubeIDE_1.14.0/STM32CubeIDE/plugins/com.st.stm32cube.ide.mcu.externaltools.gnu-tools-for-stm32.11.3.rel1.win32_1.1.100.202309141235/tools/bin/../lib/gcc/arm-none-eabi/11.3.1/../../../../arm-none-eabi/lib/thumb/v7e-m+fp/hard\libc_nano.a(libc_a-memset.o)
                0x0000000008005808                memset
 .text.__libc_init_array
                0x0000000008005818       0x48 D:/Non-Project/STM CubeIDE/STM32CubeIDE_1.14.0/STM32CubeIDE/plugins/com.st.stm32cube.ide.mcu.externaltools.gnu-tools-for-stm32.11.3.rel1.win32_1.1.100.202309141235/tools/bin/../lib/gcc/arm-none-eabi/11.3.1/../../../../arm-none-eabi/lib/thumb/v7e-m+fp/hard\libc_nano.a(libc_a-init.o)
                0x0000000008005818                __libc_init_array
 .text.memcpy   0x0000000008005860       0x1c D:/Non-Project/STM CubeIDE/STM32CubeIDE_1.14.0/STM32CubeIDE/plugins/com.st.stm32cube.ide.mcu.externaltools.gnu-tools-for-stm32.11.3.rel1.win32_1.1.100.202309141235/tools/bin/../lib/gcc/arm-none-eabi/11.3.1/../../../../arm-none-eabi/lib/thumb/v7e-m+fp/hard\libc_nano.a(libc_a-memcpy-stub.o)
                0x0000000008005860                memcpy
 *(.glue_7)
 .glue_7        0x000000000800587c        0x0 linker stubs
 *(.glue_7t)
 .glue_7t       0x000000000800587c        0x0 linker stubs
 *(.eh_frame)
 .eh_frame      0x000000000800587c        0x0 D:/Non-Project/STM CubeIDE/STM32CubeIDE_1.14.0/STM32CubeIDE/plugins/com.st.stm32cube.ide.mcu.externaltools.gnu-tools-for-stm32.11.3.rel1.win32_1.1.100.202309141235/tools/bin/../lib/gcc/arm-none-eabi/11.3.1/thumb/v7e-m+fp/hard/crtbegin.o
 *(.init)
 .init          0x000000000800587c        0x4 D:/Non-Project/STM CubeIDE/STM32CubeIDE_1.14.0/STM32CubeIDE/plugins/com.st.stm32cube.ide.mcu.externaltools.gnu-tools-for-stm32.11.3.rel1.win32_1.1.100.202309141235/tools/bin/../lib/gcc/arm-none-eabi/11.3.1/thumb/v7e-m+fp/hard/crti.o
                0x000000000800587c                _init
 .init          0x0000000008005880        0x8 D:/Non-Project/STM CubeIDE/STM32CubeIDE_1.14.0/STM32CubeIDE/plugins/com.st.stm32cube.ide.mcu.externaltools.gnu-tools-for-stm32.11.3.rel1.win32_1.1.100.202309141235/tools/bin/../lib/gcc/arm-none-eabi/11.3.1/thumb/v7e-m+fp/hard/crtn.o
 *(.fini)
 .fini          0x0000000008005888        0x4 D:/Non-Project/STM CubeIDE/STM32CubeIDE_1.14.0/STM32CubeIDE/plugins/com.st.stm32cube.ide.mcu.externaltools.gnu-tools-for-stm32.11.3.rel1.win32_1.1.100.202309141235/tools/bin/../lib/gcc/arm-none-eabi/11.3.1/thumb/v7e-m+fp/hard/crti.o
                0x0000000008005888                _fini
 .fini          0x000000000800588c        0x8 D:/Non-Project/STM CubeIDE/STM32CubeIDE_1.14.0/STM32CubeIDE/plugins/com.st.stm32cube.ide.mcu.externaltools.gnu-tools-for-stm32.11.3.rel1.win32_1.1.100.202309141235/tools/bin/../lib/gcc/arm-none-eabi/11.3.1/thumb/v7e-m+fp/hard/crtn.o
                0x0000000008005894                . = ALIGN (0x4)
                0x0000000008005894                _etext = .

.vfp11_veneer   0x0000000008005894        0x0
 .vfp11_veneer  0x0000000008005894        0x0 linker stubs

.v4_bx          0x0000000008005894        0x0
 .v4_bx         0x0000000008005894        0x0 linker stubs

.iplt           0x0000000008005894        0x0
 .iplt          0x0000000008005894        0x0 D:/Non-Project/STM CubeIDE/STM32CubeIDE_1.14.0/STM32CubeIDE/plugins/com.st.stm32cube.ide.mcu.externaltools.gnu-tools-for-stm32.11.3.rel1.win32_1.1.100.202309141235/tools/bin/../lib/gcc/arm-none-eabi/11.3.1/thumb/v7e-m+fp/hard/crtbegin.o

.rodata         0x0000000008005894      0x150
                0x0000000008005894                . = ALIGN (0x4)
 *(.rodata)
 .rodata        0x0000000008005894        0x5 ./CommonRTOS/ThirdParty/FreeRTOS/tasks.o
 *fill*         0x0000000008005899        0x3 
 .rodata        0x000000000800589c       0x4d ./CommonRTOS/ThirdParty/Segger/Config/SEGGER_SYSVIEW_Config_FreeRTOS.o
 *fill*         0x00000000080058e9        0x3 
 .rodata        0x00000000080058ec       0x58 ./CommonRTOS/ThirdParty/Segger/OS/SEGGER_SYSVIEW_FreeRTOS.o
 .rodata        0x0000000008005944        0x9 ./CommonRTOS/ThirdParty/Segger/Segger/SEGGER_RTT.o
 *fill*         0x000000000800594d        0x3 
 .rodata        0x0000000008005950       0x10 ./CommonRTOS/ThirdParty/Segger/Segger/SEGGER_SYSVIEW.o
 .rodata        0x0000000008005960        0xf ./Core/Src/main.o
 *(.rodata*)
 *fill*         0x000000000800596f        0x1 
 .rodata.SYSVIEW_X_OS_TraceAPI
                0x0000000008005970        0x8 ./CommonRTOS/ThirdParty/Segger/OS/SEGGER_SYSVIEW_FreeRTOS.o
                0x0000000008005970                SYSVIEW_X_OS_TraceAPI
 .rodata._abHelloMsg
                0x0000000008005978        0x4 ./CommonRTOS/ThirdParty/Segger/Recorder/segger_uart.o
 .rodata._aInitStr.0
                0x000000000800597c       0x11 ./CommonRTOS/ThirdParty/Segger/Segger/SEGGER_RTT.o
 *fill*         0x000000000800598d        0x3 
 .rodata._abSync
                0x0000000008005990        0xa ./CommonRTOS/ThirdParty/Segger/Segger/SEGGER_SYSVIEW.o
 *fill*         0x000000000800599a        0x2 
 .rodata.AHBPrescTable
                0x000000000800599c       0x10 ./Core/Src/system_stm32l4xx.o
                0x000000000800599c                AHBPrescTable
 .rodata.APBPrescTable
                0x00000000080059ac        0x8 ./Core/Src/system_stm32l4xx.o
                0x00000000080059ac                APBPrescTable
 .rodata.MSIRangeTable
                0x00000000080059b4       0x30 ./Core/Src/system_stm32l4xx.o
                0x00000000080059b4                MSIRangeTable
                0x00000000080059e4                . = ALIGN (0x4)

.rel.dyn        0x00000000080059e4        0x0
 .rel.iplt      0x00000000080059e4        0x0 D:/Non-Project/STM CubeIDE/STM32CubeIDE_1.14.0/STM32CubeIDE/plugins/com.st.stm32cube.ide.mcu.externaltools.gnu-tools-for-stm32.11.3.rel1.win32_1.1.100.202309141235/tools/bin/../lib/gcc/arm-none-eabi/11.3.1/thumb/v7e-m+fp/hard/crtbegin.o

.ARM.extab      0x00000000080059e4        0x0
                0x00000000080059e4                . = ALIGN (0x4)
 *(.ARM.extab* .gnu.linkonce.armextab.*)
                0x00000000080059e4                . = ALIGN (0x4)

.ARM            0x00000000080059e4        0x0
                0x00000000080059e4                . = ALIGN (0x4)
                0x00000000080059e4                __exidx_start = .
 *(.ARM.exidx*)
                0x00000000080059e4                __exidx_end = .
                0x00000000080059e4                . = ALIGN (0x4)

.preinit_array  0x00000000080059e4        0x0
                0x00000000080059e4                . = ALIGN (0x4)
                0x00000000080059e4                PROVIDE (__preinit_array_start = .)
 *(.preinit_array*)
                0x00000000080059e4                PROVIDE (__preinit_array_end = .)
                0x00000000080059e4                . = ALIGN (0x4)

.init_array     0x00000000080059e4        0x4
                0x00000000080059e4                . = ALIGN (0x4)
                0x00000000080059e4                PROVIDE (__init_array_start = .)
 *(SORT_BY_NAME(.init_array.*))
 *(.init_array*)
 .init_array    0x00000000080059e4        0x4 D:/Non-Project/STM CubeIDE/STM32CubeIDE_1.14.0/STM32CubeIDE/plugins/com.st.stm32cube.ide.mcu.externaltools.gnu-tools-for-stm32.11.3.rel1.win32_1.1.100.202309141235/tools/bin/../lib/gcc/arm-none-eabi/11.3.1/thumb/v7e-m+fp/hard/crtbegin.o
                0x00000000080059e8                PROVIDE (__init_array_end = .)
                0x00000000080059e8                . = ALIGN (0x4)

.fini_array     0x00000000080059e8        0x4
                0x00000000080059e8                . = ALIGN (0x4)
                [!provide]                        PROVIDE (__fini_array_start = .)
 *(SORT_BY_NAME(.fini_array.*))
 *(.fini_array*)
 .fini_array    0x00000000080059e8        0x4 D:/Non-Project/STM CubeIDE/STM32CubeIDE_1.14.0/STM32CubeIDE/plugins/com.st.stm32cube.ide.mcu.externaltools.gnu-tools-for-stm32.11.3.rel1.win32_1.1.100.202309141235/tools/bin/../lib/gcc/arm-none-eabi/11.3.1/thumb/v7e-m+fp/hard/crtbegin.o
                [!provide]                        PROVIDE (__fini_array_end = .)
                0x00000000080059ec                . = ALIGN (0x4)
                0x00000000080059ec                _sidata = LOADADDR (.data)

.data           0x0000000020000000       0x1c load address 0x00000000080059ec
                0x0000000020000000                . = ALIGN (0x4)
                0x0000000020000000                _sdata = .
 *(.data)
 *(.data*)
 .data.uxTopUsedPriority
                0x0000000020000000        0x4 ./CommonRTOS/ThirdParty/FreeRTOS/tasks.o
                0x0000000020000000                uxTopUsedPriority
 .data.uxCriticalNesting
                0x0000000020000004        0x4 ./CommonRTOS/ThirdParty/FreeRTOS/portable/GCC/ARM_CM4F/port.o
 .data._SVInfo  0x0000000020000008        0x8 ./CommonRTOS/ThirdParty/Segger/Recorder/segger_uart.o
 .data.SystemCoreClock
                0x0000000020000010        0x4 ./Core/Src/system_stm32l4xx.o
                0x0000000020000010                SystemCoreClock
 .data.uwTickPrio
                0x0000000020000014        0x4 ./Drivers/STM32L4xx_HAL_Driver/Src/stm32l4xx_hal.o
                0x0000000020000014                uwTickPrio
 .data.uwTickFreq
                0x0000000020000018        0x1 ./Drivers/STM32L4xx_HAL_Driver/Src/stm32l4xx_hal.o
                0x0000000020000018                uwTickFreq
 *(.RamFunc)
 *(.RamFunc*)
                0x000000002000001c                . = ALIGN (0x4)
 *fill*         0x0000000020000019        0x3 
                0x000000002000001c                _edata = .

.igot.plt       0x000000002000001c        0x0 load address 0x0000000008005a08
 .igot.plt      0x000000002000001c        0x0 D:/Non-Project/STM CubeIDE/STM32CubeIDE_1.14.0/STM32CubeIDE/plugins/com.st.stm32cube.ide.mcu.externaltools.gnu-tools-for-stm32.11.3.rel1.win32_1.1.100.202309141235/tools/bin/../lib/gcc/arm-none-eabi/11.3.1/thumb/v7e-m+fp/hard/crtbegin.o
                0x000000002000001c                . = ALIGN (0x4)

.bss            0x000000002000001c     0x582c load address 0x0000000008005a08
                0x000000002000001c                _sbss = .
                0x000000002000001c                __bss_start__ = _sbss
 *(.bss)
 .bss           0x000000002000001c       0x1c D:/Non-Project/STM CubeIDE/STM32CubeIDE_1.14.0/STM32CubeIDE/plugins/com.st.stm32cube.ide.mcu.externaltools.gnu-tools-for-stm32.11.3.rel1.win32_1.1.100.202309141235/tools/bin/../lib/gcc/arm-none-eabi/11.3.1/thumb/v7e-m+fp/hard/crtbegin.o
 *(.bss*)
 .bss.pxCurrentTCB
                0x0000000020000038        0x4 ./CommonRTOS/ThirdParty/FreeRTOS/tasks.o
                0x0000000020000038                pxCurrentTCB
 .bss.pxReadyTasksLists
                0x000000002000003c       0x64 ./CommonRTOS/ThirdParty/FreeRTOS/tasks.o
 .bss.xDelayedTaskList1
                0x00000000200000a0       0x14 ./CommonRTOS/ThirdParty/FreeRTOS/tasks.o
 .bss.xDelayedTaskList2
                0x00000000200000b4       0x14 ./CommonRTOS/ThirdParty/FreeRTOS/tasks.o
 .bss.pxDelayedTaskList
                0x00000000200000c8        0x4 ./CommonRTOS/ThirdParty/FreeRTOS/tasks.o
 .bss.pxOverflowDelayedTaskList
                0x00000000200000cc        0x4 ./CommonRTOS/ThirdParty/FreeRTOS/tasks.o
 .bss.xPendingReadyList
                0x00000000200000d0       0x14 ./CommonRTOS/ThirdParty/FreeRTOS/tasks.o
 .bss.xTasksWaitingTermination
                0x00000000200000e4       0x14 ./CommonRTOS/ThirdParty/FreeRTOS/tasks.o
 .bss.uxDeletedTasksWaitingCleanUp
                0x00000000200000f8        0x4 ./CommonRTOS/ThirdParty/FreeRTOS/tasks.o
 .bss.xSuspendedTaskList
                0x00000000200000fc       0x14 ./CommonRTOS/ThirdParty/FreeRTOS/tasks.o
 .bss.uxCurrentNumberOfTasks
                0x0000000020000110        0x4 ./CommonRTOS/ThirdParty/FreeRTOS/tasks.o
 .bss.xTickCount
                0x0000000020000114        0x4 ./CommonRTOS/ThirdParty/FreeRTOS/tasks.o
 .bss.uxTopReadyPriority
                0x0000000020000118        0x4 ./CommonRTOS/ThirdParty/FreeRTOS/tasks.o
 .bss.xSchedulerRunning
                0x000000002000011c        0x4 ./CommonRTOS/ThirdParty/FreeRTOS/tasks.o
 .bss.xPendedTicks
                0x0000000020000120        0x4 ./CommonRTOS/ThirdParty/FreeRTOS/tasks.o
 .bss.xYieldPending
                0x0000000020000124        0x4 ./CommonRTOS/ThirdParty/FreeRTOS/tasks.o
 .bss.xNumOfOverflows
                0x0000000020000128        0x4 ./CommonRTOS/ThirdParty/FreeRTOS/tasks.o
 .bss.uxTaskNumber
                0x000000002000012c        0x4 ./CommonRTOS/ThirdParty/FreeRTOS/tasks.o
 .bss.xNextTaskUnblockTime
                0x0000000020000130        0x4 ./CommonRTOS/ThirdParty/FreeRTOS/tasks.o
 .bss.xIdleTaskHandle
                0x0000000020000134        0x4 ./CommonRTOS/ThirdParty/FreeRTOS/tasks.o
 .bss.uxSchedulerSuspended
                0x0000000020000138        0x4 ./CommonRTOS/ThirdParty/FreeRTOS/tasks.o
 .bss.ulTaskSwitchedInTime
                0x000000002000013c        0x4 ./CommonRTOS/ThirdParty/FreeRTOS/tasks.o
 .bss.ulTotalRunTime
                0x0000000020000140        0x4 ./CommonRTOS/ThirdParty/FreeRTOS/tasks.o
 .bss.ucMaxSysCallPriority
                0x0000000020000144        0x1 ./CommonRTOS/ThirdParty/FreeRTOS/portable/GCC/ARM_CM4F/port.o
 *fill*         0x0000000020000145        0x3 
 .bss.ulMaxPRIGROUPValue
                0x0000000020000148        0x4 ./CommonRTOS/ThirdParty/FreeRTOS/portable/GCC/ARM_CM4F/port.o
 .bss.ucHeap    0x000000002000014c     0x4000 ./CommonRTOS/ThirdParty/FreeRTOS/portable/MemMang/heap_4.o
 .bss.xStart    0x000000002000414c        0x8 ./CommonRTOS/ThirdParty/FreeRTOS/portable/MemMang/heap_4.o
 .bss.pxEnd     0x0000000020004154        0x4 ./CommonRTOS/ThirdParty/FreeRTOS/portable/MemMang/heap_4.o
 .bss.xFreeBytesRemaining
                0x0000000020004158        0x4 ./CommonRTOS/ThirdParty/FreeRTOS/portable/MemMang/heap_4.o
 .bss.xMinimumEverFreeBytesRemaining
                0x000000002000415c        0x4 ./CommonRTOS/ThirdParty/FreeRTOS/portable/MemMang/heap_4.o
 .bss.xNumberOfSuccessfulAllocations
                0x0000000020004160        0x4 ./CommonRTOS/ThirdParty/FreeRTOS/portable/MemMang/heap_4.o
 .bss.xNumberOfSuccessfulFrees
                0x0000000020004164        0x4 ./CommonRTOS/ThirdParty/FreeRTOS/portable/MemMang/heap_4.o
 .bss._aTasks   0x0000000020004168       0xa0 ./CommonRTOS/ThirdParty/Segger/OS/SEGGER_SYSVIEW_FreeRTOS.o
 .bss._NumTasks
                0x0000000020004208        0x4 ./CommonRTOS/ThirdParty/Segger/OS/SEGGER_SYSVIEW_FreeRTOS.o
 .bss._cbOnRx   0x000000002000420c        0x4 ./CommonRTOS/ThirdParty/Segger/Recorder/segger_uart.o
 .bss._cbOnTx   0x0000000020004210        0x4 ./CommonRTOS/ThirdParty/Segger/Recorder/segger_uart.o
 .bss._SEGGER_RTT
                0x0000000020004214       0xa8 ./CommonRTOS/ThirdParty/Segger/Segger/SEGGER_RTT.o
                0x0000000020004214                _SEGGER_RTT
 .bss._acUpBuffer
                0x00000000200042bc      0x400 ./CommonRTOS/ThirdParty/Segger/Segger/SEGGER_RTT.o
 .bss._acDownBuffer
                0x00000000200046bc       0x10 ./CommonRTOS/ThirdParty/Segger/Segger/SEGGER_RTT.o
 .bss._UpBuffer
                0x00000000200046cc     0x1000 ./CommonRTOS/ThirdParty/Segger/Segger/SEGGER_SYSVIEW.o
 .bss._DownBuffer
                0x00000000200056cc        0x8 ./CommonRTOS/ThirdParty/Segger/Segger/SEGGER_SYSVIEW.o
 .bss._SYSVIEW_Globals
                0x00000000200056d4       0x28 ./CommonRTOS/ThirdParty/Segger/Segger/SEGGER_SYSVIEW.o
 .bss._pFirstModule
                0x00000000200056fc        0x4 ./CommonRTOS/ThirdParty/Segger/Segger/SEGGER_SYSVIEW.o
 .bss._NumModules
                0x0000000020005700        0x1 ./CommonRTOS/ThirdParty/Segger/Segger/SEGGER_SYSVIEW.o
 *fill*         0x0000000020005701        0x3 
 .bss._aPacket  0x0000000020005704       0xe3 ./CommonRTOS/ThirdParty/Segger/Segger/SEGGER_SYSVIEW.o
 *fill*         0x00000000200057e7        0x1 
 .bss.button    0x00000000200057e8        0x4 ./Core/Src/main.o
                0x00000000200057e8                button
 .bss.LEDONHandle
                0x00000000200057ec        0x4 ./Core/Src/main.o
                0x00000000200057ec                LEDONHandle
 .bss.LEDOFFHandle
                0x00000000200057f0        0x4 ./Core/Src/main.o
                0x00000000200057f0                LEDOFFHandle
 .bss.status    0x00000000200057f4        0x4 ./Core/Src/main.o
                0x00000000200057f4                status
 .bss.htim6     0x00000000200057f8       0x4c ./Core/Src/stm32l4xx_hal_timebase_tim.o
                0x00000000200057f8                htim6
 .bss.uwTick    0x0000000020005844        0x4 ./Drivers/STM32L4xx_HAL_Driver/Src/stm32l4xx_hal.o
                0x0000000020005844                uwTick
 *(COMMON)
                0x0000000020005848                . = ALIGN (0x4)
                0x0000000020005848                _ebss = .
                0x0000000020005848                __bss_end__ = _ebss

._user_heap_stack
                0x0000000020005848      0x600 load address 0x0000000008005a08
                0x0000000020005848                . = ALIGN (0x8)
                0x0000000020005848                PROVIDE (end = .)
                [!provide]                        PROVIDE (_end = .)
                0x0000000020005a48                . = (. + _Min_Heap_Size)
 *fill*         0x0000000020005848      0x200 
                0x0000000020005e48                . = (. + _Min_Stack_Size)
 *fill*         0x0000000020005a48      0x400 
                0x0000000020005e48                . = ALIGN (0x8)

/DISCARD/
 libc.a(*)
 libm.a(*)
 libgcc.a(*)

.ARM.attributes
                0x0000000000000000       0x30
 *(.ARM.attributes)
 .ARM.attributes
                0x0000000000000000       0x1e D:/Non-Project/STM CubeIDE/STM32CubeIDE_1.14.0/STM32CubeIDE/plugins/com.st.stm32cube.ide.mcu.externaltools.gnu-tools-for-stm32.11.3.rel1.win32_1.1.100.202309141235/tools/bin/../lib/gcc/arm-none-eabi/11.3.1/thumb/v7e-m+fp/hard/crti.o
 .ARM.attributes
                0x000000000000001e       0x34 D:/Non-Project/STM CubeIDE/STM32CubeIDE_1.14.0/STM32CubeIDE/plugins/com.st.stm32cube.ide.mcu.externaltools.gnu-tools-for-stm32.11.3.rel1.win32_1.1.100.202309141235/tools/bin/../lib/gcc/arm-none-eabi/11.3.1/thumb/v7e-m+fp/hard/crtbegin.o
 .ARM.attributes
                0x0000000000000052       0x34 ./CommonRTOS/ThirdParty/FreeRTOS/list.o
 .ARM.attributes
                0x0000000000000086       0x34 ./CommonRTOS/ThirdParty/FreeRTOS/tasks.o
 .ARM.attributes
                0x00000000000000ba       0x34 ./CommonRTOS/ThirdParty/FreeRTOS/portable/GCC/ARM_CM4F/port.o
 .ARM.attributes
                0x00000000000000ee       0x34 ./CommonRTOS/ThirdParty/FreeRTOS/portable/MemMang/heap_4.o
 .ARM.attributes
                0x0000000000000122       0x34 ./CommonRTOS/ThirdParty/Segger/Config/SEGGER_SYSVIEW_Config_FreeRTOS.o
 .ARM.attributes
                0x0000000000000156       0x34 ./CommonRTOS/ThirdParty/Segger/OS/SEGGER_SYSVIEW_FreeRTOS.o
 .ARM.attributes
                0x000000000000018a       0x34 ./CommonRTOS/ThirdParty/Segger/Recorder/segger_uart.o
 .ARM.attributes
                0x00000000000001be       0x34 ./CommonRTOS/ThirdParty/Segger/Segger/SEGGER_RTT.o
 .ARM.attributes
                0x00000000000001f2       0x20 ./CommonRTOS/ThirdParty/Segger/Segger/SEGGER_RTT_ASM_ARMv7M.o
 .ARM.attributes
                0x0000000000000212       0x34 ./CommonRTOS/ThirdParty/Segger/Segger/SEGGER_SYSVIEW.o
 .ARM.attributes
                0x0000000000000246       0x34 ./Core/Src/main.o
 .ARM.attributes
                0x000000000000027a       0x34 ./Core/Src/stm32l4xx_hal_msp.o
 .ARM.attributes
                0x00000000000002ae       0x34 ./Core/Src/stm32l4xx_hal_timebase_tim.o
 .ARM.attributes
                0x00000000000002e2       0x34 ./Core/Src/stm32l4xx_it.o
 .ARM.attributes
                0x0000000000000316       0x34 ./Core/Src/system_stm32l4xx.o
 .ARM.attributes
                0x000000000000034a       0x21 ./Core/Startup/startup_stm32l476rgtx.o
 .ARM.attributes
                0x000000000000036b       0x34 ./Drivers/STM32L4xx_HAL_Driver/Src/stm32l4xx_hal.o
 .ARM.attributes
                0x000000000000039f       0x34 ./Drivers/STM32L4xx_HAL_Driver/Src/stm32l4xx_hal_cortex.o
 .ARM.attributes
                0x00000000000003d3       0x34 ./Drivers/STM32L4xx_HAL_Driver/Src/stm32l4xx_hal_gpio.o
 .ARM.attributes
                0x0000000000000407       0x34 ./Drivers/STM32L4xx_HAL_Driver/Src/stm32l4xx_hal_pwr_ex.o
 .ARM.attributes
                0x000000000000043b       0x34 ./Drivers/STM32L4xx_HAL_Driver/Src/stm32l4xx_hal_rcc.o
 .ARM.attributes
                0x000000000000046f       0x34 ./Drivers/STM32L4xx_HAL_Driver/Src/stm32l4xx_hal_tim.o
 .ARM.attributes
                0x00000000000004a3       0x34 ./Drivers/STM32L4xx_HAL_Driver/Src/stm32l4xx_hal_tim_ex.o
 .ARM.attributes
                0x00000000000004d7       0x34 D:/Non-Project/STM CubeIDE/STM32CubeIDE_1.14.0/STM32CubeIDE/plugins/com.st.stm32cube.ide.mcu.externaltools.gnu-tools-for-stm32.11.3.rel1.win32_1.1.100.202309141235/tools/bin/../lib/gcc/arm-none-eabi/11.3.1/../../../../arm-none-eabi/lib/thumb/v7e-m+fp/hard\libc_nano.a(libc_a-memcmp.o)
 .ARM.attributes
                0x000000000000050b       0x34 D:/Non-Project/STM CubeIDE/STM32CubeIDE_1.14.0/STM32CubeIDE/plugins/com.st.stm32cube.ide.mcu.externaltools.gnu-tools-for-stm32.11.3.rel1.win32_1.1.100.202309141235/tools/bin/../lib/gcc/arm-none-eabi/11.3.1/../../../../arm-none-eabi/lib/thumb/v7e-m+fp/hard\libc_nano.a(libc_a-memset.o)
 .ARM.attributes
                0x000000000000053f       0x34 D:/Non-Project/STM CubeIDE/STM32CubeIDE_1.14.0/STM32CubeIDE/plugins/com.st.stm32cube.ide.mcu.externaltools.gnu-tools-for-stm32.11.3.rel1.win32_1.1.100.202309141235/tools/bin/../lib/gcc/arm-none-eabi/11.3.1/../../../../arm-none-eabi/lib/thumb/v7e-m+fp/hard\libc_nano.a(libc_a-init.o)
 .ARM.attributes
                0x0000000000000573       0x34 D:/Non-Project/STM CubeIDE/STM32CubeIDE_1.14.0/STM32CubeIDE/plugins/com.st.stm32cube.ide.mcu.externaltools.gnu-tools-for-stm32.11.3.rel1.win32_1.1.100.202309141235/tools/bin/../lib/gcc/arm-none-eabi/11.3.1/../../../../arm-none-eabi/lib/thumb/v7e-m+fp/hard\libc_nano.a(libc_a-memcpy-stub.o)
 .ARM.attributes
                0x00000000000005a7       0x17 D:/Non-Project/STM CubeIDE/STM32CubeIDE_1.14.0/STM32CubeIDE/plugins/com.st.stm32cube.ide.mcu.externaltools.gnu-tools-for-stm32.11.3.rel1.win32_1.1.100.202309141235/tools/bin/../lib/gcc/arm-none-eabi/11.3.1/../../../../arm-none-eabi/lib/thumb/v7e-m+fp/hard\libc_nano.a(libc_a-strlen.o)
 .ARM.attributes
                0x00000000000005be       0x1e D:/Non-Project/STM CubeIDE/STM32CubeIDE_1.14.0/STM32CubeIDE/plugins/com.st.stm32cube.ide.mcu.externaltools.gnu-tools-for-stm32.11.3.rel1.win32_1.1.100.202309141235/tools/bin/../lib/gcc/arm-none-eabi/11.3.1/thumb/v7e-m+fp/hard/crtn.o
OUTPUT(004_TaskPrioritySwitching.elf elf32-littlearm)
LOAD linker stubs
LOAD D:/Non-Project/STM CubeIDE/STM32CubeIDE_1.14.0/STM32CubeIDE/plugins/com.st.stm32cube.ide.mcu.externaltools.gnu-tools-for-stm32.11.3.rel1.win32_1.1.100.202309141235/tools/bin/../lib/gcc/arm-none-eabi/11.3.1/../../../../arm-none-eabi/lib/thumb/v7e-m+fp/hard\libc.a
LOAD D:/Non-Project/STM CubeIDE/STM32CubeIDE_1.14.0/STM32CubeIDE/plugins/com.st.stm32cube.ide.mcu.externaltools.gnu-tools-for-stm32.11.3.rel1.win32_1.1.100.202309141235/tools/bin/../lib/gcc/arm-none-eabi/11.3.1/../../../../arm-none-eabi/lib/thumb/v7e-m+fp/hard\libm.a
LOAD D:/Non-Project/STM CubeIDE/STM32CubeIDE_1.14.0/STM32CubeIDE/plugins/com.st.stm32cube.ide.mcu.externaltools.gnu-tools-for-stm32.11.3.rel1.win32_1.1.100.202309141235/tools/bin/../lib/gcc/arm-none-eabi/11.3.1/thumb/v7e-m+fp/hard\libgcc.a

.comment        0x0000000000000000       0x43
 .comment       0x0000000000000000       0x43 D:/Non-Project/STM CubeIDE/STM32CubeIDE_1.14.0/STM32CubeIDE/plugins/com.st.stm32cube.ide.mcu.externaltools.gnu-tools-for-stm32.11.3.rel1.win32_1.1.100.202309141235/tools/bin/../lib/gcc/arm-none-eabi/11.3.1/thumb/v7e-m+fp/hard/crtbegin.o
                                         0x44 (size before relaxing)
 .comment       0x0000000000000043       0x44 ./CommonRTOS/ThirdParty/FreeRTOS/list.o
 .comment       0x0000000000000043       0x44 ./CommonRTOS/ThirdParty/FreeRTOS/tasks.o
 .comment       0x0000000000000043       0x44 ./CommonRTOS/ThirdParty/FreeRTOS/portable/GCC/ARM_CM4F/port.o
 .comment       0x0000000000000043       0x44 ./CommonRTOS/ThirdParty/FreeRTOS/portable/MemMang/heap_4.o
 .comment       0x0000000000000043       0x44 ./CommonRTOS/ThirdParty/Segger/Config/SEGGER_SYSVIEW_Config_FreeRTOS.o
 .comment       0x0000000000000043       0x44 ./CommonRTOS/ThirdParty/Segger/OS/SEGGER_SYSVIEW_FreeRTOS.o
 .comment       0x0000000000000043       0x44 ./CommonRTOS/ThirdParty/Segger/Recorder/segger_uart.o
 .comment       0x0000000000000043       0x44 ./CommonRTOS/ThirdParty/Segger/Segger/SEGGER_RTT.o
 .comment       0x0000000000000043       0x44 ./CommonRTOS/ThirdParty/Segger/Segger/SEGGER_SYSVIEW.o
 .comment       0x0000000000000043       0x44 ./Core/Src/main.o
 .comment       0x0000000000000043       0x44 ./Core/Src/stm32l4xx_hal_msp.o
 .comment       0x0000000000000043       0x44 ./Core/Src/stm32l4xx_hal_timebase_tim.o
 .comment       0x0000000000000043       0x44 ./Core/Src/stm32l4xx_it.o
 .comment       0x0000000000000043       0x44 ./Core/Src/system_stm32l4xx.o
 .comment       0x0000000000000043       0x44 ./Drivers/STM32L4xx_HAL_Driver/Src/stm32l4xx_hal.o
 .comment       0x0000000000000043       0x44 ./Drivers/STM32L4xx_HAL_Driver/Src/stm32l4xx_hal_cortex.o
 .comment       0x0000000000000043       0x44 ./Drivers/STM32L4xx_HAL_Driver/Src/stm32l4xx_hal_gpio.o
 .comment       0x0000000000000043       0x44 ./Drivers/STM32L4xx_HAL_Driver/Src/stm32l4xx_hal_pwr_ex.o
 .comment       0x0000000000000043       0x44 ./Drivers/STM32L4xx_HAL_Driver/Src/stm32l4xx_hal_rcc.o
 .comment       0x0000000000000043       0x44 ./Drivers/STM32L4xx_HAL_Driver/Src/stm32l4xx_hal_tim.o
 .comment       0x0000000000000043       0x44 ./Drivers/STM32L4xx_HAL_Driver/Src/stm32l4xx_hal_tim_ex.o

.debug_info     0x0000000000000000    0x13d47
 .debug_info    0x0000000000000000      0x2af ./CommonRTOS/ThirdParty/FreeRTOS/list.o
 .debug_info    0x00000000000002af     0x2a8a ./CommonRTOS/ThirdParty/FreeRTOS/tasks.o
 .debug_info    0x0000000000002d39      0x591 ./CommonRTOS/ThirdParty/FreeRTOS/portable/GCC/ARM_CM4F/port.o
 .debug_info    0x00000000000032ca      0x521 ./CommonRTOS/ThirdParty/FreeRTOS/portable/MemMang/heap_4.o
 .debug_info    0x00000000000037eb      0x176 ./CommonRTOS/ThirdParty/Segger/Config/SEGGER_SYSVIEW_Config_FreeRTOS.o
 .debug_info    0x0000000000003961      0x447 ./CommonRTOS/ThirdParty/Segger/OS/SEGGER_SYSVIEW_FreeRTOS.o
 .debug_info    0x0000000000003da8      0x89f ./CommonRTOS/ThirdParty/Segger/Recorder/segger_uart.o
 .debug_info    0x0000000000004647     0x14d5 ./CommonRTOS/ThirdParty/Segger/Segger/SEGGER_RTT.o
 .debug_info    0x0000000000005b1c       0x25 ./CommonRTOS/ThirdParty/Segger/Segger/SEGGER_RTT_ASM_ARMv7M.o
 .debug_info    0x0000000000005b41     0x3be7 ./CommonRTOS/ThirdParty/Segger/Segger/SEGGER_SYSVIEW.o
 .debug_info    0x0000000000009728     0x1273 ./Core/Src/main.o
 .debug_info    0x000000000000a99b      0x2b9 ./Core/Src/stm32l4xx_hal_msp.o
 .debug_info    0x000000000000ac54      0xc7f ./Core/Src/stm32l4xx_hal_timebase_tim.o
 .debug_info    0x000000000000b8d3      0x70a ./Core/Src/stm32l4xx_it.o
 .debug_info    0x000000000000bfdd      0x5b1 ./Core/Src/system_stm32l4xx.o
 .debug_info    0x000000000000c58e       0x23 ./Core/Startup/startup_stm32l476rgtx.o
 .debug_info    0x000000000000c5b1      0xc09 ./Drivers/STM32L4xx_HAL_Driver/Src/stm32l4xx_hal.o
 .debug_info    0x000000000000d1ba      0xd4c ./Drivers/STM32L4xx_HAL_Driver/Src/stm32l4xx_hal_cortex.o
 .debug_info    0x000000000000df06      0x757 ./Drivers/STM32L4xx_HAL_Driver/Src/stm32l4xx_hal_gpio.o
 .debug_info    0x000000000000e65d      0x99e ./Drivers/STM32L4xx_HAL_Driver/Src/stm32l4xx_hal_pwr_ex.o
 .debug_info    0x000000000000effb      0xc14 ./Drivers/STM32L4xx_HAL_Driver/Src/stm32l4xx_hal_rcc.o
 .debug_info    0x000000000000fc0f     0x2a9a ./Drivers/STM32L4xx_HAL_Driver/Src/stm32l4xx_hal_tim.o
 .debug_info    0x00000000000126a9     0x169e ./Drivers/STM32L4xx_HAL_Driver/Src/stm32l4xx_hal_tim_ex.o

.debug_abbrev   0x0000000000000000     0x2daa
 .debug_abbrev  0x0000000000000000       0xf5 ./CommonRTOS/ThirdParty/FreeRTOS/list.o
 .debug_abbrev  0x00000000000000f5      0x3c6 ./CommonRTOS/ThirdParty/FreeRTOS/tasks.o
 .debug_abbrev  0x00000000000004bb      0x25a ./CommonRTOS/ThirdParty/FreeRTOS/portable/GCC/ARM_CM4F/port.o
 .debug_abbrev  0x0000000000000715      0x256 ./CommonRTOS/ThirdParty/FreeRTOS/portable/MemMang/heap_4.o
 .debug_abbrev  0x000000000000096b       0xf4 ./CommonRTOS/ThirdParty/Segger/Config/SEGGER_SYSVIEW_Config_FreeRTOS.o
 .debug_abbrev  0x0000000000000a5f      0x1b1 ./CommonRTOS/ThirdParty/Segger/OS/SEGGER_SYSVIEW_FreeRTOS.o
 .debug_abbrev  0x0000000000000c10      0x28c ./CommonRTOS/ThirdParty/Segger/Recorder/segger_uart.o
 .debug_abbrev  0x0000000000000e9c      0x21f ./CommonRTOS/ThirdParty/Segger/Segger/SEGGER_RTT.o
 .debug_abbrev  0x00000000000010bb       0x14 ./CommonRTOS/ThirdParty/Segger/Segger/SEGGER_RTT_ASM_ARMv7M.o
 .debug_abbrev  0x00000000000010cf      0x333 ./CommonRTOS/ThirdParty/Segger/Segger/SEGGER_SYSVIEW.o
 .debug_abbrev  0x0000000000001402      0x34e ./Core/Src/main.o
 .debug_abbrev  0x0000000000001750       0xc6 ./Core/Src/stm32l4xx_hal_msp.o
 .debug_abbrev  0x0000000000001816      0x1f4 ./Core/Src/stm32l4xx_hal_timebase_tim.o
 .debug_abbrev  0x0000000000001a0a      0x180 ./Core/Src/stm32l4xx_it.o
 .debug_abbrev  0x0000000000001b8a      0x11a ./Core/Src/system_stm32l4xx.o
 .debug_abbrev  0x0000000000001ca4       0x12 ./Core/Startup/startup_stm32l476rgtx.o
 .debug_abbrev  0x0000000000001cb6      0x243 ./Drivers/STM32L4xx_HAL_Driver/Src/stm32l4xx_hal.o
 .debug_abbrev  0x0000000000001ef9      0x327 ./Drivers/STM32L4xx_HAL_Driver/Src/stm32l4xx_hal_cortex.o
 .debug_abbrev  0x0000000000002220      0x1cb ./Drivers/STM32L4xx_HAL_Driver/Src/stm32l4xx_hal_gpio.o
 .debug_abbrev  0x00000000000023eb      0x1f9 ./Drivers/STM32L4xx_HAL_Driver/Src/stm32l4xx_hal_pwr_ex.o
 .debug_abbrev  0x00000000000025e4      0x2cb ./Drivers/STM32L4xx_HAL_Driver/Src/stm32l4xx_hal_rcc.o
 .debug_abbrev  0x00000000000028af      0x278 ./Drivers/STM32L4xx_HAL_Driver/Src/stm32l4xx_hal_tim.o
 .debug_abbrev  0x0000000000002b27      0x283 ./Drivers/STM32L4xx_HAL_Driver/Src/stm32l4xx_hal_tim_ex.o

.debug_aranges  0x0000000000000000     0x13e0
 .debug_aranges
                0x0000000000000000       0x40 ./CommonRTOS/ThirdParty/FreeRTOS/list.o
 .debug_aranges
                0x0000000000000040      0x260 ./CommonRTOS/ThirdParty/FreeRTOS/tasks.o
 .debug_aranges
                0x00000000000002a0       0x88 ./CommonRTOS/ThirdParty/FreeRTOS/portable/GCC/ARM_CM4F/port.o
 .debug_aranges
                0x0000000000000328       0x60 ./CommonRTOS/ThirdParty/FreeRTOS/portable/MemMang/heap_4.o
 .debug_aranges
                0x0000000000000388       0x28 ./CommonRTOS/ThirdParty/Segger/Config/SEGGER_SYSVIEW_Config_FreeRTOS.o
 .debug_aranges
                0x00000000000003b0       0x48 ./CommonRTOS/ThirdParty/Segger/OS/SEGGER_SYSVIEW_FreeRTOS.o
 .debug_aranges
                0x00000000000003f8       0x68 ./CommonRTOS/ThirdParty/Segger/Recorder/segger_uart.o
 .debug_aranges
                0x0000000000000460      0x138 ./CommonRTOS/ThirdParty/Segger/Segger/SEGGER_RTT.o
 .debug_aranges
                0x0000000000000598       0x20 ./CommonRTOS/ThirdParty/Segger/Segger/SEGGER_RTT_ASM_ARMv7M.o
 .debug_aranges
                0x00000000000005b8      0x2e0 ./CommonRTOS/ThirdParty/Segger/Segger/SEGGER_SYSVIEW.o
 .debug_aranges
                0x0000000000000898       0x60 ./Core/Src/main.o
 .debug_aranges
                0x00000000000008f8       0x20 ./Core/Src/stm32l4xx_hal_msp.o
 .debug_aranges
                0x0000000000000918       0x30 ./Core/Src/stm32l4xx_hal_timebase_tim.o
 .debug_aranges
                0x0000000000000948       0x58 ./Core/Src/stm32l4xx_it.o
 .debug_aranges
                0x00000000000009a0       0x28 ./Core/Src/system_stm32l4xx.o
 .debug_aranges
                0x00000000000009c8       0x28 ./Core/Startup/startup_stm32l476rgtx.o
 .debug_aranges
                0x00000000000009f0      0x130 ./Drivers/STM32L4xx_HAL_Driver/Src/stm32l4xx_hal.o
 .debug_aranges
                0x0000000000000b20      0x118 ./Drivers/STM32L4xx_HAL_Driver/Src/stm32l4xx_hal_cortex.o
 .debug_aranges
                0x0000000000000c38       0x58 ./Drivers/STM32L4xx_HAL_Driver/Src/stm32l4xx_hal_gpio.o
 .debug_aranges
                0x0000000000000c90      0x160 ./Drivers/STM32L4xx_HAL_Driver/Src/stm32l4xx_hal_pwr_ex.o
 .debug_aranges
                0x0000000000000df0       0x90 ./Drivers/STM32L4xx_HAL_Driver/Src/stm32l4xx_hal_rcc.o
 .debug_aranges
                0x0000000000000e80      0x3e0 ./Drivers/STM32L4xx_HAL_Driver/Src/stm32l4xx_hal_tim.o
 .debug_aranges
                0x0000000000001260      0x180 ./Drivers/STM32L4xx_HAL_Driver/Src/stm32l4xx_hal_tim_ex.o

.debug_rnglists
                0x0000000000000000      0xf45
 .debug_rnglists
                0x0000000000000000       0x2b ./CommonRTOS/ThirdParty/FreeRTOS/list.o
 .debug_rnglists
                0x000000000000002b      0x1e5 ./CommonRTOS/ThirdParty/FreeRTOS/tasks.o
 .debug_rnglists
                0x0000000000000210       0x64 ./CommonRTOS/ThirdParty/FreeRTOS/portable/GCC/ARM_CM4F/port.o
 .debug_rnglists
                0x0000000000000274       0x48 ./CommonRTOS/ThirdParty/FreeRTOS/portable/MemMang/heap_4.o
 .debug_rnglists
                0x00000000000002bc       0x19 ./CommonRTOS/ThirdParty/Segger/Config/SEGGER_SYSVIEW_Config_FreeRTOS.o
 .debug_rnglists
                0x00000000000002d5       0x36 ./CommonRTOS/ThirdParty/Segger/OS/SEGGER_SYSVIEW_FreeRTOS.o
 .debug_rnglists
                0x000000000000030b       0x4b ./CommonRTOS/ThirdParty/Segger/Recorder/segger_uart.o
 .debug_rnglists
                0x0000000000000356       0xf5 ./CommonRTOS/ThirdParty/Segger/Segger/SEGGER_RTT.o
 .debug_rnglists
                0x000000000000044b      0x24d ./CommonRTOS/ThirdParty/Segger/Segger/SEGGER_SYSVIEW.o
 .debug_rnglists
                0x0000000000000698       0x47 ./Core/Src/main.o
 .debug_rnglists
                0x00000000000006df       0x13 ./Core/Src/stm32l4xx_hal_msp.o
 .debug_rnglists
                0x00000000000006f2       0x20 ./Core/Src/stm32l4xx_hal_timebase_tim.o
 .debug_rnglists
                0x0000000000000712       0x3d ./Core/Src/stm32l4xx_it.o
 .debug_rnglists
                0x000000000000074f       0x1a ./Core/Src/system_stm32l4xx.o
 .debug_rnglists
                0x0000000000000769       0x19 ./Core/Startup/startup_stm32l476rgtx.o
 .debug_rnglists
                0x0000000000000782       0xdf ./Drivers/STM32L4xx_HAL_Driver/Src/stm32l4xx_hal.o
 .debug_rnglists
                0x0000000000000861       0xce ./Drivers/STM32L4xx_HAL_Driver/Src/stm32l4xx_hal_cortex.o
 .debug_rnglists
                0x000000000000092f       0x3f ./Drivers/STM32L4xx_HAL_Driver/Src/stm32l4xx_hal_gpio.o
 .debug_rnglists
                0x000000000000096e      0x109 ./Drivers/STM32L4xx_HAL_Driver/Src/stm32l4xx_hal_pwr_ex.o
 .debug_rnglists
                0x0000000000000a77       0x6d ./Drivers/STM32L4xx_HAL_Driver/Src/stm32l4xx_hal_rcc.o
 .debug_rnglists
                0x0000000000000ae4      0x328 ./Drivers/STM32L4xx_HAL_Driver/Src/stm32l4xx_hal_tim.o
 .debug_rnglists
                0x0000000000000e0c      0x139 ./Drivers/STM32L4xx_HAL_Driver/Src/stm32l4xx_hal_tim_ex.o

.debug_macro    0x0000000000000000    0x26146
 .debug_macro   0x0000000000000000      0x1f9 ./CommonRTOS/ThirdParty/FreeRTOS/list.o
 .debug_macro   0x00000000000001f9      0x2df ./CommonRTOS/ThirdParty/FreeRTOS/tasks.o
 .debug_macro   0x00000000000004d8       0x17 ./CommonRTOS/ThirdParty/FreeRTOS/tasks.o
 .debug_macro   0x00000000000004ef      0x208 ./CommonRTOS/ThirdParty/FreeRTOS/portable/GCC/ARM_CM4F/port.o
 .debug_macro   0x00000000000006f7      0x27a ./CommonRTOS/ThirdParty/FreeRTOS/portable/MemMang/heap_4.o
 .debug_macro   0x0000000000000971      0x13c ./CommonRTOS/ThirdParty/Segger/Config/SEGGER_SYSVIEW_Config_FreeRTOS.o
 .debug_macro   0x0000000000000aad      0x208 ./CommonRTOS/ThirdParty/Segger/OS/SEGGER_SYSVIEW_FreeRTOS.o
 .debug_macro   0x0000000000000cb5      0x423 ./CommonRTOS/ThirdParty/Segger/Recorder/segger_uart.o
 .debug_macro   0x00000000000010d8       0x3b ./CommonRTOS/ThirdParty/Segger/Recorder/segger_uart.o
 .debug_macro   0x0000000000001113      0x138 ./CommonRTOS/ThirdParty/Segger/Recorder/segger_uart.o
 .debug_macro   0x000000000000124b       0x2e ./CommonRTOS/ThirdParty/Segger/Recorder/segger_uart.o
 .debug_macro   0x0000000000001279       0x28 ./CommonRTOS/ThirdParty/Segger/Recorder/segger_uart.o
 .debug_macro   0x00000000000012a1       0x1c ./CommonRTOS/ThirdParty/Segger/Recorder/segger_uart.o
 .debug_macro   0x00000000000012bd       0x22 ./CommonRTOS/ThirdParty/Segger/Recorder/segger_uart.o
 .debug_macro   0x00000000000012df       0xfb ./CommonRTOS/ThirdParty/Segger/Recorder/segger_uart.o
 .debug_macro   0x00000000000013da     0x1011 ./CommonRTOS/ThirdParty/Segger/Recorder/segger_uart.o
 .debug_macro   0x00000000000023eb      0x11f ./CommonRTOS/ThirdParty/Segger/Recorder/segger_uart.o
 .debug_macro   0x000000000000250a    0x1a17a ./CommonRTOS/ThirdParty/Segger/Recorder/segger_uart.o
 .debug_macro   0x000000000001c684       0x6d ./CommonRTOS/ThirdParty/Segger/Recorder/segger_uart.o
 .debug_macro   0x000000000001c6f1      0x1a1 ./CommonRTOS/ThirdParty/Segger/Recorder/segger_uart.o
 .debug_macro   0x000000000001c892     0x38e6 ./CommonRTOS/ThirdParty/Segger/Recorder/segger_uart.o
 .debug_macro   0x0000000000020178       0x56 ./CommonRTOS/ThirdParty/Segger/Recorder/segger_uart.o
 .debug_macro   0x00000000000201ce     0x159e ./CommonRTOS/ThirdParty/Segger/Recorder/segger_uart.o
 .debug_macro   0x000000000002176c      0x5a5 ./CommonRTOS/ThirdParty/Segger/Recorder/segger_uart.o
 .debug_macro   0x0000000000021d11      0x1b9 ./CommonRTOS/ThirdParty/Segger/Recorder/segger_uart.o
 .debug_macro   0x0000000000021eca      0x18b ./CommonRTOS/ThirdParty/Segger/Recorder/segger_uart.o
 .debug_macro   0x0000000000022055      0x26b ./CommonRTOS/ThirdParty/Segger/Recorder/segger_uart.o
 .debug_macro   0x00000000000222c0      0x23d ./CommonRTOS/ThirdParty/Segger/Recorder/segger_uart.o
 .debug_macro   0x00000000000224fd      0x241 ./CommonRTOS/ThirdParty/Segger/Recorder/segger_uart.o
 .debug_macro   0x000000000002273e      0x37c ./CommonRTOS/ThirdParty/Segger/Recorder/segger_uart.o
 .debug_macro   0x0000000000022aba       0xd6 ./CommonRTOS/ThirdParty/Segger/Recorder/segger_uart.o
 .debug_macro   0x0000000000022b90      0x122 ./CommonRTOS/ThirdParty/Segger/Recorder/segger_uart.o
 .debug_macro   0x0000000000022cb2      0x3ef ./CommonRTOS/ThirdParty/Segger/Recorder/segger_uart.o
 .debug_macro   0x00000000000230a1      0xa98 ./CommonRTOS/ThirdParty/Segger/Recorder/segger_uart.o
 .debug_macro   0x0000000000023b39      0x1e6 ./CommonRTOS/ThirdParty/Segger/Recorder/segger_uart.o
 .debug_macro   0x0000000000023d1f      0x330 ./CommonRTOS/ThirdParty/Segger/Recorder/segger_uart.o
 .debug_macro   0x000000000002404f      0x1e9 ./CommonRTOS/ThirdParty/Segger/Segger/SEGGER_RTT.o
 .debug_macro   0x0000000000024238       0x35 ./CommonRTOS/ThirdParty/Segger/Segger/SEGGER_RTT.o
 .debug_macro   0x000000000002426d      0x251 ./CommonRTOS/ThirdParty/Segger/Segger/SEGGER_SYSVIEW.o
 .debug_macro   0x00000000000244be      0x220 ./CommonRTOS/ThirdParty/Segger/Segger/SEGGER_SYSVIEW.o
 .debug_macro   0x00000000000246de      0x35c ./Core/Src/main.o
 .debug_macro   0x0000000000024a3a       0x5c ./Core/Src/main.o
 .debug_macro   0x0000000000024a96       0x5e ./Core/Src/main.o
 .debug_macro   0x0000000000024af4      0x181 ./Core/Src/main.o
 .debug_macro   0x0000000000024c75       0x16 ./Core/Src/main.o
 .debug_macro   0x0000000000024c8b       0x16 ./Core/Src/main.o
 .debug_macro   0x0000000000024ca1       0x16 ./Core/Src/main.o
 .debug_macro   0x0000000000024cb7      0x147 ./Core/Src/main.o
 .debug_macro   0x0000000000024dfe      0x1bb ./Core/Src/stm32l4xx_hal_msp.o
 .debug_macro   0x0000000000024fb9      0x1ac ./Core/Src/stm32l4xx_hal_timebase_tim.o
 .debug_macro   0x0000000000025165      0x1c5 ./Core/Src/stm32l4xx_it.o
 .debug_macro   0x000000000002532a      0x1ac ./Core/Src/system_stm32l4xx.o
 .debug_macro   0x00000000000254d6      0x1fa ./Drivers/STM32L4xx_HAL_Driver/Src/stm32l4xx_hal.o
 .debug_macro   0x00000000000256d0      0x1ac ./Drivers/STM32L4xx_HAL_Driver/Src/stm32l4xx_hal_cortex.o
 .debug_macro   0x000000000002587c      0x1b3 ./Drivers/STM32L4xx_HAL_Driver/Src/stm32l4xx_hal_gpio.o
 .debug_macro   0x0000000000025a2f      0x1d0 ./Drivers/STM32L4xx_HAL_Driver/Src/stm32l4xx_hal_pwr_ex.o
 .debug_macro   0x0000000000025bff      0x1ee ./Drivers/STM32L4xx_HAL_Driver/Src/stm32l4xx_hal_rcc.o
 .debug_macro   0x0000000000025ded      0x1ad ./Drivers/STM32L4xx_HAL_Driver/Src/stm32l4xx_hal_tim.o
 .debug_macro   0x0000000000025f9a      0x1ac ./Drivers/STM32L4xx_HAL_Driver/Src/stm32l4xx_hal_tim_ex.o

.debug_line     0x0000000000000000    0x15b7a
 .debug_line    0x0000000000000000      0x9e8 ./CommonRTOS/ThirdParty/FreeRTOS/list.o
 .debug_line    0x00000000000009e8     0x2465 ./CommonRTOS/ThirdParty/FreeRTOS/tasks.o
 .debug_line    0x0000000000002e4d      0x9fd ./CommonRTOS/ThirdParty/FreeRTOS/portable/GCC/ARM_CM4F/port.o
 .debug_line    0x000000000000384a      0xc69 ./CommonRTOS/ThirdParty/FreeRTOS/portable/MemMang/heap_4.o
 .debug_line    0x00000000000044b3      0x671 ./CommonRTOS/ThirdParty/Segger/Config/SEGGER_SYSVIEW_Config_FreeRTOS.o
 .debug_line    0x0000000000004b24      0xa7b ./CommonRTOS/ThirdParty/Segger/OS/SEGGER_SYSVIEW_FreeRTOS.o
 .debug_line    0x000000000000559f      0xc98 ./CommonRTOS/ThirdParty/Segger/Recorder/segger_uart.o
 .debug_line    0x0000000000006237     0x1055 ./CommonRTOS/ThirdParty/Segger/Segger/SEGGER_RTT.o
 .debug_line    0x000000000000728c       0x86 ./CommonRTOS/ThirdParty/Segger/Segger/SEGGER_RTT_ASM_ARMv7M.o
 .debug_line    0x0000000000007312     0x2500 ./CommonRTOS/ThirdParty/Segger/Segger/SEGGER_SYSVIEW.o
 .debug_line    0x0000000000009812      0xd83 ./Core/Src/main.o
 .debug_line    0x000000000000a595      0x6e1 ./Core/Src/stm32l4xx_hal_msp.o
 .debug_line    0x000000000000ac76      0x759 ./Core/Src/stm32l4xx_hal_timebase_tim.o
 .debug_line    0x000000000000b3cf      0x795 ./Core/Src/stm32l4xx_it.o
 .debug_line    0x000000000000bb64      0x778 ./Core/Src/system_stm32l4xx.o
 .debug_line    0x000000000000c2dc       0x7a ./Core/Startup/startup_stm32l476rgtx.o
 .debug_line    0x000000000000c356      0xad1 ./Drivers/STM32L4xx_HAL_Driver/Src/stm32l4xx_hal.o
 .debug_line    0x000000000000ce27      0xc77 ./Drivers/STM32L4xx_HAL_Driver/Src/stm32l4xx_hal_cortex.o
 .debug_line    0x000000000000da9e      0xb44 ./Drivers/STM32L4xx_HAL_Driver/Src/stm32l4xx_hal_gpio.o
 .debug_line    0x000000000000e5e2      0xcc8 ./Drivers/STM32L4xx_HAL_Driver/Src/stm32l4xx_hal_pwr_ex.o
 .debug_line    0x000000000000f2aa      0xf47 ./Drivers/STM32L4xx_HAL_Driver/Src/stm32l4xx_hal_rcc.o
 .debug_line    0x00000000000101f1     0x3daa ./Drivers/STM32L4xx_HAL_Driver/Src/stm32l4xx_hal_tim.o
 .debug_line    0x0000000000013f9b     0x1bdf ./Drivers/STM32L4xx_HAL_Driver/Src/stm32l4xx_hal_tim_ex.o

.debug_str      0x0000000000000000    0xfb38b
 .debug_str     0x0000000000000000     0xeed3 ./CommonRTOS/ThirdParty/FreeRTOS/list.o
                                       0xf126 (size before relaxing)
 .debug_str     0x000000000000eed3     0x33f9 ./CommonRTOS/ThirdParty/FreeRTOS/tasks.o
                                      0x125df (size before relaxing)
 .debug_str     0x00000000000122cc      0x87d ./CommonRTOS/ThirdParty/FreeRTOS/portable/GCC/ARM_CM4F/port.o
                                       0xd9d9 (size before relaxing)
 .debug_str     0x0000000000012b49      0x5f7 ./CommonRTOS/ThirdParty/FreeRTOS/portable/MemMang/heap_4.o
                                      0x10950 (size before relaxing)
 .debug_str     0x0000000000013140      0x1f9 ./CommonRTOS/ThirdParty/Segger/Config/SEGGER_SYSVIEW_Config_FreeRTOS.o
                                       0xb4a1 (size before relaxing)
 .debug_str     0x0000000000013339      0x116 ./CommonRTOS/ThirdParty/Segger/OS/SEGGER_SYSVIEW_FreeRTOS.o
                                      0x103c4 (size before relaxing)
 .debug_str     0x000000000001344f    0xe2dd9 ./CommonRTOS/ThirdParty/Segger/Recorder/segger_uart.o
                                      0xebc4a (size before relaxing)
 .debug_str     0x00000000000f6228      0x76e ./CommonRTOS/ThirdParty/Segger/Segger/SEGGER_RTT.o
                                       0x871a (size before relaxing)
 .debug_str     0x00000000000f6996       0x60 ./CommonRTOS/ThirdParty/Segger/Segger/SEGGER_RTT_ASM_ARMv7M.o
                                         0x98 (size before relaxing)
 .debug_str     0x00000000000f69f6      0xef4 ./CommonRTOS/ThirdParty/Segger/Segger/SEGGER_SYSVIEW.o
                                       0xa9c6 (size before relaxing)
 .debug_str     0x00000000000f78ea     0x10de ./Core/Src/main.o
                                      0xf31e0 (size before relaxing)
 .debug_str     0x00000000000f89c8       0x2c ./Core/Src/stm32l4xx_hal_msp.o
                                      0xe5ba6 (size before relaxing)
 .debug_str     0x00000000000f89f4      0x107 ./Core/Src/stm32l4xx_hal_timebase_tim.o
                                      0xe65db (size before relaxing)
 .debug_str     0x00000000000f8afb       0xd3 ./Core/Src/stm32l4xx_it.o
                                      0xe6029 (size before relaxing)
 .debug_str     0x00000000000f8bce       0x8e ./Core/Src/system_stm32l4xx.o
                                      0xe5b2b (size before relaxing)
 .debug_str     0x00000000000f8c5c       0x28 ./Core/Startup/startup_stm32l476rgtx.o
                                         0x6c (size before relaxing)
 .debug_str     0x00000000000f8c84      0x663 ./Drivers/STM32L4xx_HAL_Driver/Src/stm32l4xx_hal.o
                                      0xe672a (size before relaxing)
 .debug_str     0x00000000000f92e7      0x2f6 ./Drivers/STM32L4xx_HAL_Driver/Src/stm32l4xx_hal_cortex.o
                                      0xe6372 (size before relaxing)
 .debug_str     0x00000000000f95dd       0xff ./Drivers/STM32L4xx_HAL_Driver/Src/stm32l4xx_hal_gpio.o
                                      0xe5ca4 (size before relaxing)
 .debug_str     0x00000000000f96dc      0x4e3 ./Drivers/STM32L4xx_HAL_Driver/Src/stm32l4xx_hal_pwr_ex.o
                                      0xe6086 (size before relaxing)
 .debug_str     0x00000000000f9bbf      0x30f ./Drivers/STM32L4xx_HAL_Driver/Src/stm32l4xx_hal_rcc.o
                                      0xe6171 (size before relaxing)
 .debug_str     0x00000000000f9ece      0xeb0 ./Drivers/STM32L4xx_HAL_Driver/Src/stm32l4xx_hal_tim.o
                                      0xe6e6b (size before relaxing)
 .debug_str     0x00000000000fad7e      0x60d ./Drivers/STM32L4xx_HAL_Driver/Src/stm32l4xx_hal_tim_ex.o
                                      0xe677f (size before relaxing)

.debug_frame    0x0000000000000000     0x52a0
 .debug_frame   0x0000000000000000       0xd8 ./CommonRTOS/ThirdParty/FreeRTOS/list.o
 .debug_frame   0x00000000000000d8      0xaa0 ./CommonRTOS/ThirdParty/FreeRTOS/tasks.o
 .debug_frame   0x0000000000000b78      0x1d0 ./CommonRTOS/ThirdParty/FreeRTOS/portable/GCC/ARM_CM4F/port.o
 .debug_frame   0x0000000000000d48      0x150 ./CommonRTOS/ThirdParty/FreeRTOS/portable/MemMang/heap_4.o
 .debug_frame   0x0000000000000e98       0x48 ./CommonRTOS/ThirdParty/Segger/Config/SEGGER_SYSVIEW_Config_FreeRTOS.o
 .debug_frame   0x0000000000000ee0      0x104 ./CommonRTOS/ThirdParty/Segger/OS/SEGGER_SYSVIEW_FreeRTOS.o
 .debug_frame   0x0000000000000fe4      0x178 ./CommonRTOS/ThirdParty/Segger/Recorder/segger_uart.o
 .debug_frame   0x000000000000115c      0x52c ./CommonRTOS/ThirdParty/Segger/Segger/SEGGER_RTT.o
 .debug_frame   0x0000000000001688      0xd78 ./CommonRTOS/ThirdParty/Segger/Segger/SEGGER_SYSVIEW.o
 .debug_frame   0x0000000000002400      0x13c ./Core/Src/main.o
 .debug_frame   0x000000000000253c       0x38 ./Core/Src/stm32l4xx_hal_msp.o
 .debug_frame   0x0000000000002574       0x74 ./Core/Src/stm32l4xx_hal_timebase_tim.o
 .debug_frame   0x00000000000025e8       0xe0 ./Core/Src/stm32l4xx_it.o
 .debug_frame   0x00000000000026c8       0x58 ./Core/Src/system_stm32l4xx.o
 .debug_frame   0x0000000000002720      0x498 ./Drivers/STM32L4xx_HAL_Driver/Src/stm32l4xx_hal.o
 .debug_frame   0x0000000000002bb8      0x498 ./Drivers/STM32L4xx_HAL_Driver/Src/stm32l4xx_hal_cortex.o
 .debug_frame   0x0000000000003050      0x14c ./Drivers/STM32L4xx_HAL_Driver/Src/stm32l4xx_hal_gpio.o
 .debug_frame   0x000000000000319c      0x584 ./Drivers/STM32L4xx_HAL_Driver/Src/stm32l4xx_hal_pwr_ex.o
 .debug_frame   0x0000000000003720      0x21c ./Drivers/STM32L4xx_HAL_Driver/Src/stm32l4xx_hal_rcc.o
 .debug_frame   0x000000000000393c     0x1218 ./Drivers/STM32L4xx_HAL_Driver/Src/stm32l4xx_hal_tim.o
 .debug_frame   0x0000000000004b54      0x6b0 ./Drivers/STM32L4xx_HAL_Driver/Src/stm32l4xx_hal_tim_ex.o
 .debug_frame   0x0000000000005204       0x28 D:/Non-Project/STM CubeIDE/STM32CubeIDE_1.14.0/STM32CubeIDE/plugins/com.st.stm32cube.ide.mcu.externaltools.gnu-tools-for-stm32.11.3.rel1.win32_1.1.100.202309141235/tools/bin/../lib/gcc/arm-none-eabi/11.3.1/../../../../arm-none-eabi/lib/thumb/v7e-m+fp/hard\libc_nano.a(libc_a-memcmp.o)
 .debug_frame   0x000000000000522c       0x20 D:/Non-Project/STM CubeIDE/STM32CubeIDE_1.14.0/STM32CubeIDE/plugins/com.st.stm32cube.ide.mcu.externaltools.gnu-tools-for-stm32.11.3.rel1.win32_1.1.100.202309141235/tools/bin/../lib/gcc/arm-none-eabi/11.3.1/../../../../arm-none-eabi/lib/thumb/v7e-m+fp/hard\libc_nano.a(libc_a-memset.o)
 .debug_frame   0x000000000000524c       0x2c D:/Non-Project/STM CubeIDE/STM32CubeIDE_1.14.0/STM32CubeIDE/plugins/com.st.stm32cube.ide.mcu.externaltools.gnu-tools-for-stm32.11.3.rel1.win32_1.1.100.202309141235/tools/bin/../lib/gcc/arm-none-eabi/11.3.1/../../../../arm-none-eabi/lib/thumb/v7e-m+fp/hard\libc_nano.a(libc_a-init.o)
 .debug_frame   0x0000000000005278       0x28 D:/Non-Project/STM CubeIDE/STM32CubeIDE_1.14.0/STM32CubeIDE/plugins/com.st.stm32cube.ide.mcu.externaltools.gnu-tools-for-stm32.11.3.rel1.win32_1.1.100.202309141235/tools/bin/../lib/gcc/arm-none-eabi/11.3.1/../../../../arm-none-eabi/lib/thumb/v7e-m+fp/hard\libc_nano.a(libc_a-memcpy-stub.o)

.debug_line_str
                0x0000000000000000       0xb4
 .debug_line_str
                0x0000000000000000       0x8c ./CommonRTOS/ThirdParty/Segger/Segger/SEGGER_RTT_ASM_ARMv7M.o
                                         0xa4 (size before relaxing)
 .debug_line_str
                0x000000000000008c       0x28 ./Core/Startup/startup_stm32l476rgtx.o
                                         0x78 (size before relaxing)
