Archive member included to satisfy reference by file (symbol)

D:/Non-Project/STM CubeIDE/STM32CubeIDE_1.14.0/STM32CubeIDE/plugins/com.st.stm32cube.ide.mcu.externaltools.gnu-tools-for-stm32.11.3.rel1.win32_1.1.100.202309141235/tools/bin/../lib/gcc/arm-none-eabi/11.3.1/../../../../arm-none-eabi/lib/thumb/v7e-m+fp/hard\libc_nano.a(libc_a-exit.o)
                              D:/Non-Project/STM CubeIDE/STM32CubeIDE_1.14.0/STM32CubeIDE/plugins/com.st.stm32cube.ide.mcu.externaltools.gnu-tools-for-stm32.11.3.rel1.win32_1.1.100.202309141235/tools/bin/../lib/gcc/arm-none-eabi/11.3.1/../../../../arm-none-eabi/lib/thumb/v7e-m+fp/hard/crt0.o (exit)
D:/Non-Project/STM CubeIDE/STM32CubeIDE_1.14.0/STM32CubeIDE/plugins/com.st.stm32cube.ide.mcu.externaltools.gnu-tools-for-stm32.11.3.rel1.win32_1.1.100.202309141235/tools/bin/../lib/gcc/arm-none-eabi/11.3.1/../../../../arm-none-eabi/lib/thumb/v7e-m+fp/hard\libc_nano.a(libc_a-findfp.o)
                              D:/Non-Project/STM CubeIDE/STM32CubeIDE_1.14.0/STM32CubeIDE/plugins/com.st.stm32cube.ide.mcu.externaltools.gnu-tools-for-stm32.11.3.rel1.win32_1.1.100.202309141235/tools/bin/../lib/gcc/arm-none-eabi/11.3.1/../../../../arm-none-eabi/lib/thumb/v7e-m+fp/hard\libc_nano.a(libc_a-exit.o) (__stdio_exit_handler)
D:/Non-Project/STM CubeIDE/STM32CubeIDE_1.14.0/STM32CubeIDE/plugins/com.st.stm32cube.ide.mcu.externaltools.gnu-tools-for-stm32.11.3.rel1.win32_1.1.100.202309141235/tools/bin/../lib/gcc/arm-none-eabi/11.3.1/../../../../arm-none-eabi/lib/thumb/v7e-m+fp/hard\libc_nano.a(libc_a-fwalk.o)
                              D:/Non-Project/STM CubeIDE/STM32CubeIDE_1.14.0/STM32CubeIDE/plugins/com.st.stm32cube.ide.mcu.externaltools.gnu-tools-for-stm32.11.3.rel1.win32_1.1.100.202309141235/tools/bin/../lib/gcc/arm-none-eabi/11.3.1/../../../../arm-none-eabi/lib/thumb/v7e-m+fp/hard\libc_nano.a(libc_a-findfp.o) (_fwalk_sglue)
D:/Non-Project/STM CubeIDE/STM32CubeIDE_1.14.0/STM32CubeIDE/plugins/com.st.stm32cube.ide.mcu.externaltools.gnu-tools-for-stm32.11.3.rel1.win32_1.1.100.202309141235/tools/bin/../lib/gcc/arm-none-eabi/11.3.1/../../../../arm-none-eabi/lib/thumb/v7e-m+fp/hard\libc_nano.a(libc_a-stdio.o)
                              D:/Non-Project/STM CubeIDE/STM32CubeIDE_1.14.0/STM32CubeIDE/plugins/com.st.stm32cube.ide.mcu.externaltools.gnu-tools-for-stm32.11.3.rel1.win32_1.1.100.202309141235/tools/bin/../lib/gcc/arm-none-eabi/11.3.1/../../../../arm-none-eabi/lib/thumb/v7e-m+fp/hard\libc_nano.a(libc_a-findfp.o) (__sread)
D:/Non-Project/STM CubeIDE/STM32CubeIDE_1.14.0/STM32CubeIDE/plugins/com.st.stm32cube.ide.mcu.externaltools.gnu-tools-for-stm32.11.3.rel1.win32_1.1.100.202309141235/tools/bin/../lib/gcc/arm-none-eabi/11.3.1/../../../../arm-none-eabi/lib/thumb/v7e-m+fp/hard\libc_nano.a(libc_a-memcmp.o)
                              ./CommonRTOS/ThirdParty/Segger/OS/SEGGER_SYSVIEW_FreeRTOS.o (memcmp)
D:/Non-Project/STM CubeIDE/STM32CubeIDE_1.14.0/STM32CubeIDE/plugins/com.st.stm32cube.ide.mcu.externaltools.gnu-tools-for-stm32.11.3.rel1.win32_1.1.100.202309141235/tools/bin/../lib/gcc/arm-none-eabi/11.3.1/../../../../arm-none-eabi/lib/thumb/v7e-m+fp/hard\libc_nano.a(libc_a-memset.o)
                              D:/Non-Project/STM CubeIDE/STM32CubeIDE_1.14.0/STM32CubeIDE/plugins/com.st.stm32cube.ide.mcu.externaltools.gnu-tools-for-stm32.11.3.rel1.win32_1.1.100.202309141235/tools/bin/../lib/gcc/arm-none-eabi/11.3.1/../../../../arm-none-eabi/lib/thumb/v7e-m+fp/hard/crt0.o (memset)
D:/Non-Project/STM CubeIDE/STM32CubeIDE_1.14.0/STM32CubeIDE/plugins/com.st.stm32cube.ide.mcu.externaltools.gnu-tools-for-stm32.11.3.rel1.win32_1.1.100.202309141235/tools/bin/../lib/gcc/arm-none-eabi/11.3.1/../../../../arm-none-eabi/lib/thumb/v7e-m+fp/hard\libc_nano.a(libc_a-closer.o)
                              D:/Non-Project/STM CubeIDE/STM32CubeIDE_1.14.0/STM32CubeIDE/plugins/com.st.stm32cube.ide.mcu.externaltools.gnu-tools-for-stm32.11.3.rel1.win32_1.1.100.202309141235/tools/bin/../lib/gcc/arm-none-eabi/11.3.1/../../../../arm-none-eabi/lib/thumb/v7e-m+fp/hard\libc_nano.a(libc_a-stdio.o) (_close_r)
D:/Non-Project/STM CubeIDE/STM32CubeIDE_1.14.0/STM32CubeIDE/plugins/com.st.stm32cube.ide.mcu.externaltools.gnu-tools-for-stm32.11.3.rel1.win32_1.1.100.202309141235/tools/bin/../lib/gcc/arm-none-eabi/11.3.1/../../../../arm-none-eabi/lib/thumb/v7e-m+fp/hard\libc_nano.a(libc_a-reent.o)
                              D:/Non-Project/STM CubeIDE/STM32CubeIDE_1.14.0/STM32CubeIDE/plugins/com.st.stm32cube.ide.mcu.externaltools.gnu-tools-for-stm32.11.3.rel1.win32_1.1.100.202309141235/tools/bin/../lib/gcc/arm-none-eabi/11.3.1/../../../../arm-none-eabi/lib/thumb/v7e-m+fp/hard\libc_nano.a(libc_a-closer.o) (errno)
D:/Non-Project/STM CubeIDE/STM32CubeIDE_1.14.0/STM32CubeIDE/plugins/com.st.stm32cube.ide.mcu.externaltools.gnu-tools-for-stm32.11.3.rel1.win32_1.1.100.202309141235/tools/bin/../lib/gcc/arm-none-eabi/11.3.1/../../../../arm-none-eabi/lib/thumb/v7e-m+fp/hard\libc_nano.a(libc_a-impure.o)
[...]
Memory Configuration

Name             Origin             Length             Attributes
RAM              0x0000000020000000 0x0000000000018000 xrw
RAM2             0x0000000010000000 0x0000000000008000 xrw
FLASH            0x0000000008000000 0x0000000000100000 xr
*default*        0x0000000000000000 0xffffffffffffffff

Linker script and memory map

LOAD D:/Non-Project/STM CubeIDE/STM32CubeIDE_1.14.0/STM32CubeIDE/plugins/com.st.stm32cube.ide.mcu.externaltools.gnu-tools-for-stm32.11.3.rel1.win32_1.1.100.202309141235/tools/bin/../lib/gcc/arm-none-eabi/11.3.1/thumb/v7e-m+fp/hard/crti.o
LOAD D:/Non-Project/STM CubeIDE/STM32CubeIDE_1.14.0/STM32CubeIDE/plugins/com.st.stm32cube.ide.mcu.externaltools.gnu-tools-for-stm32.11.3.rel1.win32_1.1.100.202309141235/tools/bin/../lib/gcc/arm-none-eabi/11.3.1/thumb/v7e-m+fp/hard/crtbegin.o
LOAD D:/Non-Project/STM CubeIDE/STM32CubeIDE_1.14.0/STM32CubeIDE/plugins/com.st.stm32cube.ide.mcu.externaltools.gnu-tools-for-stm32.11.3.rel1.win32_1.1.100.202309141235/tools/bin/../lib/gcc/arm-none-eabi/11.3.1/../../../../arm-none-eabi/lib/thumb/v7e-m+fp/hard/crt0.o
LOAD ./CommonRTOS/ThirdParty/FreeRTOS/croutine.o
LOAD ./CommonRTOS/ThirdParty/FreeRTOS/event_groups.o
LOAD ./CommonRTOS/ThirdParty/FreeRTOS/list.o
LOAD ./CommonRTOS/ThirdParty/FreeRTOS/queue.o
LOAD ./CommonRTOS/ThirdParty/FreeRTOS/stream_buffer.o
LOAD ./CommonRTOS/ThirdParty/FreeRTOS/tasks.o
LOAD ./CommonRTOS/ThirdParty/FreeRTOS/timers.o
LOAD ./CommonRTOS/ThirdParty/FreeRTOS/portable/GCC/ARM_CM4F/port.o
LOAD ./CommonRTOS/ThirdParty/FreeRTOS/portable/MemMang/heap_4.o
LOAD ./CommonRTOS/ThirdParty/Segger/Config/SEGGER_SYSVIEW_Config_FreeRTOS.o
LOAD ./CommonRTOS/ThirdParty/Segger/OS/SEGGER_SYSVIEW_FreeRTOS.o
LOAD ./CommonRTOS/ThirdParty/Segger/Recorder/segger_uart.o
LOAD ./CommonRTOS/ThirdParty/Segger/Segger/SEGGER_RTT.o
LOAD ./CommonRTOS/ThirdParty/Segger/Segger/SEGGER_RTT_ASM_ARMv7M.o
LOAD ./CommonRTOS/ThirdParty/Segger/Segger/SEGGER_RTT_printf.o
LOAD ./CommonRTOS/ThirdParty/Segger/Segger/SEGGER_SYSVIEW.o
LOAD ./CommonRTOS/ThirdParty/Segger/Segger/Syscalls/SEGGER_RTT_Syscalls_GCC.o
LOAD ./Core/Src/main.o
LOAD ./Core/Src/stm32l4xx_hal_msp.o
LOAD ./Core/Src/stm32l4xx_hal_timebase_tim.o
LOAD ./Core/Src/stm32l4xx_it.o
LOAD ./Core/Src/syscalls.o
LOAD ./Core/Src/system_stm32l4xx.o
LOAD ./Core/Startup/startup_stm32l476rgtx.o
LOAD ./Drivers/STM32L4xx_HAL_Driver/Src/stm32l4xx_hal.o
LOAD ./Drivers/STM32L4xx_HAL_Driver/Src/stm32l4xx_hal_cortex.o
LOAD ./Drivers/STM32L4xx_HAL_Driver/Src/stm32l4xx_hal_dma.o
LOAD ./Drivers/STM32L4xx_HAL_Driver/Src/stm32l4xx_hal_dma_ex.o
LOAD ./Drivers/STM32L4xx_HAL_Driver/Src/stm32l4xx_hal_exti.o
LOAD ./Drivers/STM32L4xx_HAL_Driver/Src/stm32l4xx_hal_flash.o
LOAD ./Drivers/STM32L4xx_HAL_Driver/Src/stm32l4xx_hal_flash_ex.o
LOAD ./Drivers/STM32L4xx_HAL_Driver/Src/stm32l4xx_hal_flash_ramfunc.o
LOAD ./Drivers/STM32L4xx_HAL_Driver/Src/stm32l4xx_hal_gpio.o
LOAD ./Drivers/STM32L4xx_HAL_Driver/Src/stm32l4xx_hal_i2c.o
LOAD ./Drivers/STM32L4xx_HAL_Driver/Src/stm32l4xx_hal_i2c_ex.o
LOAD ./Drivers/STM32L4xx_HAL_Driver/Src/stm32l4xx_hal_pwr.o
LOAD ./Drivers/STM32L4xx_HAL_Driver/Src/stm32l4xx_hal_pwr_ex.o
LOAD ./Drivers/STM32L4xx_HAL_Driver/Src/stm32l4xx_hal_rcc.o
LOAD ./Drivers/STM32L4xx_HAL_Driver/Src/stm32l4xx_hal_rcc_ex.o
LOAD ./Drivers/STM32L4xx_HAL_Driver/Src/stm32l4xx_hal_tim.o
LOAD ./Drivers/STM32L4xx_HAL_Driver/Src/stm32l4xx_hal_tim_ex.o
START GROUP
LOAD D:/Non-Project/STM CubeIDE/STM32CubeIDE_1.14.0/STM32CubeIDE/plugins/com.st.stm32cube.ide.mcu.externaltools.gnu-tools-for-stm32.11.3.rel1.win32_1.1.100.202309141235/tools/bin/../lib/gcc/arm-none-eabi/11.3.1/../../../../arm-none-eabi/lib/thumb/v7e-m+fp/hard\libc_nano.a
LOAD D:/Non-Project/STM CubeIDE/STM32CubeIDE_1.14.0/STM32CubeIDE/plugins/com.st.stm32cube.ide.mcu.externaltools.gnu-tools-for-stm32.11.3.rel1.win32_1.1.100.202309141235/tools/bin/../lib/gcc/arm-none-eabi/11.3.1/../../../../arm-none-eabi/lib/thumb/v7e-m+fp/hard\libm.a
END GROUP
START GROUP
LOAD D:/Non-Project/STM CubeIDE/STM32CubeIDE_1.14.0/STM32CubeIDE/plugins/com.st.stm32cube.ide.mcu.externaltools.gnu-tools-for-stm32.11.3.rel1.win32_1.1.100.202309141235/tools/bin/../lib/gcc/arm-none-eabi/11.3.1/thumb/v7e-m+fp/hard\libgcc.a
LOAD D:/Non-Project/STM CubeIDE/STM32CubeIDE_1.14.0/STM32CubeIDE/plugins/com.st.stm32cube.ide.mcu.externaltools.gnu-tools-for-stm32.11.3.rel1.win32_1.1.100.202309141235/tools/bin/../lib/gcc/arm-none-eabi/11.3.1/../../../../arm-none-eabi/lib/thumb/v7e-m+fp/hard\libc_nano.a
END GROUP
START GROUP
LOAD D:/Non-Project/STM CubeIDE/STM32CubeIDE_1.14.0/STM32CubeIDE/plugins/com.st.stm32cube.ide.mcu.externaltools.gnu-tools-for-stm32.11.3.rel1.win32_1.1.100.202309141235/tools/bin/../lib/gcc/arm-none-eabi/11.3.1/thumb/v7e-m+fp/hard\libgcc.a
LOAD D:/Non-Project/STM CubeIDE/STM32CubeIDE_1.14.0/STM32CubeIDE/plugins/com.st.stm32cube.ide.mcu.externaltools.gnu-tools-for-stm32.11.3.rel1.win32_1.1.100.202309141235/tools/bin/../lib/gcc/arm-none-eabi/11.3.1/../../../../arm-none-eabi/lib/thumb/v7e-m+fp/hard\libc_nano.a
LOAD D:/Non-Project/STM CubeIDE/STM32CubeIDE_1.14.0/STM32CubeIDE/plugins/com.st.stm32cube.ide.mcu.externaltools.gnu-tools-for-stm32.11.3.rel1.win32_1.1.100.202309141235/tools/bin/../lib/gcc/arm-none-eabi/11.3.1/../../../../arm-none-eabi/lib/thumb/v7e-m+fp/hard\libnosys.a
END GROUP
START GROUP
LOAD D:/Non-Project/STM CubeIDE/STM32CubeIDE_1.14.0/STM32CubeIDE/plugins/com.st.stm32cube.ide.mcu.externaltools.gnu-tools-for-stm32.11.3.rel1.win32_1.1.100.202309141235/tools/bin/../lib/gcc/arm-none-eabi/11.3.1/thumb/v7e-m+fp/hard\libgcc.a
LOAD D:/Non-Project/STM CubeIDE/STM32CubeIDE_1.14.0/STM32CubeIDE/plugins/com.st.stm32cube.ide.mcu.externaltools.gnu-tools-for-stm32.11.3.rel1.win32_1.1.100.202309141235/tools/bin/../lib/gcc/arm-none-eabi/11.3.1/../../../../arm-none-eabi/lib/thumb/v7e-m+fp/hard\libc_nano.a
LOAD D:/Non-Project/STM CubeIDE/STM32CubeIDE_1.14.0/STM32CubeIDE/plugins/com.st.stm32cube.ide.mcu.externaltools.gnu-tools-for-stm32.11.3.rel1.win32_1.1.100.202309141235/tools/bin/../lib/gcc/arm-none-eabi/11.3.1/../../../../arm-none-eabi/lib/thumb/v7e-m+fp/hard\libnosys.a
END GROUP
LOAD D:/Non-Project/STM CubeIDE/STM32CubeIDE_1.14.0/STM32CubeIDE/plugins/com.st.stm32cube.ide.mcu.externaltools.gnu-tools-for-stm32.11.3.rel1.win32_1.1.100.202309141235/tools/bin/../lib/gcc/arm-none-eabi/11.3.1/thumb/v7e-m+fp/hard/crtend.o
LOAD D:/Non-Project/STM CubeIDE/STM32CubeIDE_1.14.0/STM32CubeIDE/plugins/com.st.stm32cube.ide.mcu.externaltools.gnu-tools-for-stm32.11.3.rel1.win32_1.1.100.202309141235/tools/bin/../lib/gcc/arm-none-eabi/11.3.1/thumb/v7e-m+fp/hard/crtn.o
                0x0000000020018000                _estack = (ORIGIN (RAM) + LENGTH (RAM))
                0x0000000000000200                _Min_Heap_Size = 0x200
                0x0000000000000400                _Min_Stack_Size = 0x400

.isr_vector     0x0000000008000000      0x188
                0x0000000008000000                . = ALIGN (0x4)
 *(.isr_vector)
 .isr_vector    0x0000000008000000      0x188 ./Core/Startup/startup_stm32l476rgtx.o
                0x0000000008000000                g_pfnVectors
                0x0000000008000188                . = ALIGN (0x4)

.text           0x0000000008000190     0x5b98
                0x0000000008000190                . = ALIGN (0x4)
 *(.text)
 .text          0x0000000008000190       0x40 D:/Non-Project/STM CubeIDE/STM32CubeIDE_1.14.0/STM32CubeIDE/plugins/com.st.stm32cube.ide.mcu.externaltools.gnu-tools-for-stm32.11.3.rel1.win32_1.1.100.202309141235/tools/bin/../lib/gcc/arm-none-eabi/11.3.1/thumb/v7e-m+fp/hard/crtbegin.o
 .text          0x00000000080001d0       0x94 ./CommonRTOS/ThirdParty/Segger/Segger/SEGGER_RTT_ASM_ARMv7M.o
                0x00000000080001d0                SEGGER_RTT_ASM_WriteSkipNoLock
 *(.text*)
 .text.vListInitialise
                0x0000000008000264       0x40 ./CommonRTOS/ThirdParty/FreeRTOS/list.o
                0x0000000008000264                vListInitialise
 .text.vListInitialiseItem
                0x00000000080002a4       0x1a ./CommonRTOS/ThirdParty/FreeRTOS/list.o
                0x00000000080002a4                vListInitialiseItem
 .text.vListInsert
                0x00000000080002be       0x72 ./CommonRTOS/ThirdParty/FreeRTOS/list.o
                0x00000000080002be                vListInsert
 .text.uxListRemove
                0x0000000008000330       0x54 ./CommonRTOS/ThirdParty/FreeRTOS/list.o
                0x0000000008000330                uxListRemove
 .text.xTaskCreate
                0x0000000008000384       0x8c ./CommonRTOS/ThirdParty/FreeRTOS/tasks.o
                0x0000000008000384                xTaskCreate
 .text.prvInitialiseNewTask
                0x0000000008000410      0x11c ./CommonRTOS/ThirdParty/FreeRTOS/tasks.o
 .text.prvAddNewTaskToReadyList
                0x000000000800052c      0x14c ./CommonRTOS/ThirdParty/FreeRTOS/tasks.o
 .text.vTaskDelay
                0x0000000008000678       0x70 ./CommonRTOS/ThirdParty/FreeRTOS/tasks.o
                0x0000000008000678                vTaskDelay
 .text.vTaskStartScheduler
                0x00000000080006e8       0xb8 ./CommonRTOS/ThirdParty/FreeRTOS/tasks.o
                0x00000000080006e8                vTaskStartScheduler
 .text.vTaskSuspendAll
                0x00000000080007a0       0x1c ./CommonRTOS/ThirdParty/FreeRTOS/tasks.o
                0x00000000080007a0                vTaskSuspendAll
 .text.xTaskResumeAll
                0x00000000080007bc      0x1e4 ./CommonRTOS/ThirdParty/FreeRTOS/tasks.o
                0x00000000080007bc                xTaskResumeAll
 .text.xTaskGetTickCountFromISR
                0x00000000080009a0       0x24 ./CommonRTOS/ThirdParty/FreeRTOS/tasks.o
                0x00000000080009a0                xTaskGetTickCountFromISR
 .text.xTaskIncrementTick
                0x00000000080009c4      0x1f0 ./CommonRTOS/ThirdParty/FreeRTOS/tasks.o
                0x00000000080009c4                xTaskIncrementTick
 .text.vTaskSwitchContext
                0x0000000008000bb4      0x108 ./CommonRTOS/ThirdParty/FreeRTOS/tasks.o
                0x0000000008000bb4                vTaskSwitchContext
 .text.prvIdleTask
                0x0000000008000cbc       0x24 ./CommonRTOS/ThirdParty/FreeRTOS/tasks.o
 .text.prvInitialiseTaskLists
                0x0000000008000ce0       0x80 ./CommonRTOS/ThirdParty/FreeRTOS/tasks.o
 .text.prvCheckTasksWaitingTermination
                0x0000000008000d60       0x5c ./CommonRTOS/ThirdParty/FreeRTOS/tasks.o
 .text.prvTaskCheckFreeStackSpace
                0x0000000008000dbc       0x38 ./CommonRTOS/ThirdParty/FreeRTOS/tasks.o
 .text.uxTaskGetStackHighWaterMark
                0x0000000008000df4       0x38 ./CommonRTOS/ThirdParty/FreeRTOS/tasks.o
                0x0000000008000df4                uxTaskGetStackHighWaterMark
 .text.prvDeleteTCB
                0x0000000008000e2c       0x20 ./CommonRTOS/ThirdParty/FreeRTOS/tasks.o
 .text.prvResetNextTaskUnblockTime
                0x0000000008000e4c       0x38 ./CommonRTOS/ThirdParty/FreeRTOS/tasks.o
 .text.prvAddCurrentTaskToDelayedList
                0x0000000008000e84      0x108 ./CommonRTOS/ThirdParty/FreeRTOS/tasks.o
 .text.pxPortInitialiseStack
                0x0000000008000f8c       0x68 ./CommonRTOS/ThirdParty/FreeRTOS/portable/GCC/ARM_CM4F/port.o
                0x0000000008000f8c                pxPortInitialiseStack
 .text.prvTaskExitError
                0x0000000008000ff4       0x58 ./CommonRTOS/ThirdParty/FreeRTOS/portable/GCC/ARM_CM4F/port.o
 *fill*         0x000000000800104c        0x4 
 .text.SVC_Handler
                0x0000000008001050       0x28 ./CommonRTOS/ThirdParty/FreeRTOS/portable/GCC/ARM_CM4F/port.o
                0x0000000008001050                SVC_Handler
 .text.prvPortStartFirstTask
                0x0000000008001078       0x2c ./CommonRTOS/ThirdParty/FreeRTOS/portable/GCC/ARM_CM4F/port.o
 .text.xPortStartScheduler
                0x00000000080010a4      0x144 ./CommonRTOS/ThirdParty/FreeRTOS/portable/GCC/ARM_CM4F/port.o
                0x00000000080010a4                xPortStartScheduler
 .text.vInitPrioGroupValue
                0x00000000080011e8       0xfc ./CommonRTOS/ThirdParty/FreeRTOS/portable/GCC/ARM_CM4F/port.o
                0x00000000080011e8                vInitPrioGroupValue
 .text.vPortEnterCritical
                0x00000000080012e4       0x60 ./CommonRTOS/ThirdParty/FreeRTOS/portable/GCC/ARM_CM4F/port.o
                0x00000000080012e4                vPortEnterCritical
 .text.vPortExitCritical
                0x0000000008001344       0x54 ./CommonRTOS/ThirdParty/FreeRTOS/portable/GCC/ARM_CM4F/port.o
                0x0000000008001344                vPortExitCritical
 *fill*         0x0000000008001398        0x8 
 .text.PendSV_Handler
                0x00000000080013a0       0x68 ./CommonRTOS/ThirdParty/FreeRTOS/portable/GCC/ARM_CM4F/port.o
                0x00000000080013a0                PendSV_Handler
 .text.SysTick_Handler
                0x0000000008001408       0x54 ./CommonRTOS/ThirdParty/FreeRTOS/portable/GCC/ARM_CM4F/port.o
                0x0000000008001408                SysTick_Handler
 .text.vPortSetupTimerInterrupt
                0x000000000800145c       0x48 ./CommonRTOS/ThirdParty/FreeRTOS/portable/GCC/ARM_CM4F/port.o
                0x000000000800145c                vPortSetupTimerInterrupt
 .text.vPortEnableVFP
                0x00000000080014a4       0x18 ./CommonRTOS/ThirdParty/FreeRTOS/portable/GCC/ARM_CM4F/port.o
 .text.vPortValidateInterruptPriority
                0x00000000080014bc       0x80 ./CommonRTOS/ThirdParty/FreeRTOS/portable/GCC/ARM_CM4F/port.o
                0x00000000080014bc                vPortValidateInterruptPriority
 .text.pvPortMalloc
                0x000000000800153c      0x174 ./CommonRTOS/ThirdParty/FreeRTOS/portable/MemMang/heap_4.o
                0x000000000800153c                pvPortMalloc
 .text.vPortFree
                0x00000000080016b0       0xb8 ./CommonRTOS/ThirdParty/FreeRTOS/portable/MemMang/heap_4.o
                0x00000000080016b0                vPortFree
 .text.prvHeapInit
                0x0000000008001768       0xb8 ./CommonRTOS/ThirdParty/FreeRTOS/portable/MemMang/heap_4.o
 .text.prvInsertBlockIntoFreeList
                0x0000000008001820       0xb4 ./CommonRTOS/ThirdParty/FreeRTOS/portable/MemMang/heap_4.o
 .text._cbSendSystemDesc
                0x00000000080018d4       0x1c ./CommonRTOS/ThirdParty/Segger/Config/SEGGER_SYSVIEW_Config_FreeRTOS.o
 .text.SEGGER_SYSVIEW_Conf
                0x00000000080018f0       0x2c ./CommonRTOS/ThirdParty/Segger/Config/SEGGER_SYSVIEW_Config_FreeRTOS.o
                0x00000000080018f0                SEGGER_SYSVIEW_Conf
 .text._cbSendTaskList
                0x000000000800191c       0xbc ./CommonRTOS/ThirdParty/Segger/OS/SEGGER_SYSVIEW_FreeRTOS.o
 .text._cbGetTime
                0x00000000080019d8       0x86 ./CommonRTOS/ThirdParty/Segger/OS/SEGGER_SYSVIEW_FreeRTOS.o
 *fill*         0x0000000008001a5e        0x2 
 .text.SYSVIEW_AddTask
                0x0000000008001a60       0xd0 ./CommonRTOS/ThirdParty/Segger/OS/SEGGER_SYSVIEW_FreeRTOS.o
                0x0000000008001a60                SYSVIEW_AddTask
 .text.SYSVIEW_SendTaskInfo
                0x0000000008001b30       0x42 ./CommonRTOS/ThirdParty/Segger/OS/SEGGER_SYSVIEW_FreeRTOS.o
                0x0000000008001b30                SYSVIEW_SendTaskInfo
 *fill*         0x0000000008001b72        0x2 
 .text.__NVIC_EnableIRQ
                0x0000000008001b74       0x3c ./CommonRTOS/ThirdParty/Segger/Recorder/segger_uart.o
 .text.__NVIC_SetPriority
                0x0000000008001bb0       0x54 ./CommonRTOS/ThirdParty/Segger/Recorder/segger_uart.o
 .text._StartSysView
                0x0000000008001c04       0x1e ./CommonRTOS/ThirdParty/Segger/Recorder/segger_uart.o
 *fill*         0x0000000008001c22        0x2 
 .text._cbOnUARTRx
                0x0000000008001c24       0x40 ./CommonRTOS/ThirdParty/Segger/Recorder/segger_uart.o
 .text._cbOnUARTTx
                0x0000000008001c64       0x64 ./CommonRTOS/ThirdParty/Segger/Recorder/segger_uart.o
 .text.SEGGER_UART_init
                0x0000000008001cc8       0x24 ./CommonRTOS/ThirdParty/Segger/Recorder/segger_uart.o
                0x0000000008001cc8                SEGGER_UART_init
 .text.USART2_IRQHandler
                0x0000000008001cec       0x98 ./CommonRTOS/ThirdParty/Segger/Recorder/segger_uart.o
                0x0000000008001cec                USART2_IRQHandler
 .text.HIF_UART_EnableTXEInterrupt
                0x0000000008001d84       0x20 ./CommonRTOS/ThirdParty/Segger/Recorder/segger_uart.o
                0x0000000008001d84                HIF_UART_EnableTXEInterrupt
 .text.HIF_UART_Init
                0x0000000008001da4       0xd4 ./CommonRTOS/ThirdParty/Segger/Recorder/segger_uart.o
                0x0000000008001da4                HIF_UART_Init
 .text._DoInit  0x0000000008001e78       0xb4 ./CommonRTOS/ThirdParty/Segger/Segger/SEGGER_RTT.o
 .text._WriteBlocking
                0x0000000008001f2c       0xba ./CommonRTOS/ThirdParty/Segger/Segger/SEGGER_RTT.o
 .text._WriteNoCheck
                0x0000000008001fe6       0x90 ./CommonRTOS/ThirdParty/Segger/Segger/SEGGER_RTT.o
 .text._GetAvailWriteSpace
                0x0000000008002076       0x46 ./CommonRTOS/ThirdParty/Segger/Segger/SEGGER_RTT.o
 .text.SEGGER_RTT_ReadUpBufferNoLock
                0x00000000080020bc      0x10c ./CommonRTOS/ThirdParty/Segger/Segger/SEGGER_RTT.o
                0x00000000080020bc                SEGGER_RTT_ReadUpBufferNoLock
 .text.SEGGER_RTT_ReadNoLock
                0x00000000080021c8      0x10c ./CommonRTOS/ThirdParty/Segger/Segger/SEGGER_RTT.o
                0x00000000080021c8                SEGGER_RTT_ReadNoLock
 .text.SEGGER_RTT_WriteDownBufferNoLock
                0x00000000080022d4       0xa0 ./CommonRTOS/ThirdParty/Segger/Segger/SEGGER_RTT.o
                0x00000000080022d4                SEGGER_RTT_WriteDownBufferNoLock
 .text.SEGGER_RTT_WriteDownBuffer
                0x0000000008002374       0x4c ./CommonRTOS/ThirdParty/Segger/Segger/SEGGER_RTT.o
                0x0000000008002374                SEGGER_RTT_WriteDownBuffer
 .text.SEGGER_RTT_AllocUpBuffer
                0x00000000080023c0      0x108 ./CommonRTOS/ThirdParty/Segger/Segger/SEGGER_RTT.o
                0x00000000080023c0                SEGGER_RTT_AllocUpBuffer
 .text.SEGGER_RTT_ConfigDownBuffer
                0x00000000080024c8       0x98 ./CommonRTOS/ThirdParty/Segger/Segger/SEGGER_RTT.o
                0x00000000080024c8                SEGGER_RTT_ConfigDownBuffer
 .text._EncodeStr
                0x0000000008002560       0x60 ./CommonRTOS/ThirdParty/Segger/Segger/SEGGER_SYSVIEW.o
 .text._PreparePacket
                0x00000000080025c0       0x18 ./CommonRTOS/ThirdParty/Segger/Segger/SEGGER_SYSVIEW.o
 .text._HandleIncomingPacket
                0x00000000080025d8       0xdc ./CommonRTOS/ThirdParty/Segger/Segger/SEGGER_SYSVIEW.o
 .text._TrySendOverflowPacket
                0x00000000080026b4       0xe8 ./CommonRTOS/ThirdParty/Segger/Segger/SEGGER_SYSVIEW.o
 .text._SendPacket
                0x000000000800279c      0x2e0 ./CommonRTOS/ThirdParty/Segger/Segger/SEGGER_SYSVIEW.o
 .text._StoreChar
                0x0000000008002a7c       0xf6 ./CommonRTOS/ThirdParty/Segger/Segger/SEGGER_SYSVIEW.o
 *fill*         0x0000000008002b72        0x2 
 .text._PrintUnsigned
                0x0000000008002b74      0x12c ./CommonRTOS/ThirdParty/Segger/Segger/SEGGER_SYSVIEW.o
 .text._PrintInt
                0x0000000008002ca0      0x11e ./CommonRTOS/ThirdParty/Segger/Segger/SEGGER_SYSVIEW.o
 *fill*         0x0000000008002dbe        0x2 
 .text._VPrintTarget
                0x0000000008002dc0      0x440 ./CommonRTOS/ThirdParty/Segger/Segger/SEGGER_SYSVIEW.o
 .text.SEGGER_SYSVIEW_Init
                0x0000000008003200       0x88 ./CommonRTOS/ThirdParty/Segger/Segger/SEGGER_SYSVIEW.o
                0x0000000008003200                SEGGER_SYSVIEW_Init
 .text.SEGGER_SYSVIEW_SetRAMBase
                0x0000000008003288       0x20 ./CommonRTOS/ThirdParty/Segger/Segger/SEGGER_SYSVIEW.o
                0x0000000008003288                SEGGER_SYSVIEW_SetRAMBase
 .text.SEGGER_SYSVIEW_RecordVoid
                0x00000000080032a8       0x3c ./CommonRTOS/ThirdParty/Segger/Segger/SEGGER_SYSVIEW.o
                0x00000000080032a8                SEGGER_SYSVIEW_RecordVoid
 .text.SEGGER_SYSVIEW_RecordU32
                0x00000000080032e4       0x78 ./CommonRTOS/ThirdParty/Segger/Segger/SEGGER_SYSVIEW.o
                0x00000000080032e4                SEGGER_SYSVIEW_RecordU32
 .text.SEGGER_SYSVIEW_RecordU32x2
                0x000000000800335c       0xb4 ./CommonRTOS/ThirdParty/Segger/Segger/SEGGER_SYSVIEW.o
                0x000000000800335c                SEGGER_SYSVIEW_RecordU32x2
 .text.SEGGER_SYSVIEW_Start
                0x0000000008003410      0x178 ./CommonRTOS/ThirdParty/Segger/Segger/SEGGER_SYSVIEW.o
                0x0000000008003410                SEGGER_SYSVIEW_Start
 .text.SEGGER_SYSVIEW_Stop
                0x0000000008003588       0x4c ./CommonRTOS/ThirdParty/Segger/Segger/SEGGER_SYSVIEW.o
                0x0000000008003588                SEGGER_SYSVIEW_Stop
 .text.SEGGER_SYSVIEW_GetSysDesc
                0x00000000080035d4      0x134 ./CommonRTOS/ThirdParty/Segger/Segger/SEGGER_SYSVIEW.o
                0x00000000080035d4                SEGGER_SYSVIEW_GetSysDesc
 .text.SEGGER_SYSVIEW_SendTaskInfo
                0x0000000008003708      0x1c8 ./CommonRTOS/ThirdParty/Segger/Segger/SEGGER_SYSVIEW.o
                0x0000000008003708                SEGGER_SYSVIEW_SendTaskInfo
 .text.SEGGER_SYSVIEW_SendTaskList
                0x00000000080038d0       0x28 ./CommonRTOS/ThirdParty/Segger/Segger/SEGGER_SYSVIEW.o
                0x00000000080038d0                SEGGER_SYSVIEW_SendTaskList
 .text.SEGGER_SYSVIEW_SendSysDesc
                0x00000000080038f8       0x48 ./CommonRTOS/ThirdParty/Segger/Segger/SEGGER_SYSVIEW.o
                0x00000000080038f8                SEGGER_SYSVIEW_SendSysDesc
 .text.SEGGER_SYSVIEW_RecordSystime
                0x0000000008003940       0x64 ./CommonRTOS/ThirdParty/Segger/Segger/SEGGER_SYSVIEW.o
                0x0000000008003940                SEGGER_SYSVIEW_RecordSystime
 .text.SEGGER_SYSVIEW_RecordEnterISR
                0x00000000080039a4       0x84 ./CommonRTOS/ThirdParty/Segger/Segger/SEGGER_SYSVIEW.o
                0x00000000080039a4                SEGGER_SYSVIEW_RecordEnterISR
 .text.SEGGER_SYSVIEW_RecordExitISR
                0x0000000008003a28       0x38 ./CommonRTOS/ThirdParty/Segger/Segger/SEGGER_SYSVIEW.o
                0x0000000008003a28                SEGGER_SYSVIEW_RecordExitISR
 .text.SEGGER_SYSVIEW_RecordExitISRToScheduler
                0x0000000008003a60       0x38 ./CommonRTOS/ThirdParty/Segger/Segger/SEGGER_SYSVIEW.o
                0x0000000008003a60                SEGGER_SYSVIEW_RecordExitISRToScheduler
 .text.SEGGER_SYSVIEW_OnIdle
                0x0000000008003a98       0x38 ./CommonRTOS/ThirdParty/Segger/Segger/SEGGER_SYSVIEW.o
                0x0000000008003a98                SEGGER_SYSVIEW_OnIdle
 .text.SEGGER_SYSVIEW_OnTaskCreate
                0x0000000008003ad0       0x84 ./CommonRTOS/ThirdParty/Segger/Segger/SEGGER_SYSVIEW.o
                0x0000000008003ad0                SEGGER_SYSVIEW_OnTaskCreate
 .text.SEGGER_SYSVIEW_OnTaskStartExec
                0x0000000008003b54       0x84 ./CommonRTOS/ThirdParty/Segger/Segger/SEGGER_SYSVIEW.o
                0x0000000008003b54                SEGGER_SYSVIEW_OnTaskStartExec
 .text.SEGGER_SYSVIEW_OnTaskStartReady
                0x0000000008003bd8       0x84 ./CommonRTOS/ThirdParty/Segger/Segger/SEGGER_SYSVIEW.o
                0x0000000008003bd8                SEGGER_SYSVIEW_OnTaskStartReady
 .text.SEGGER_SYSVIEW_SendModule
                0x0000000008003c5c      0x114 ./CommonRTOS/ThirdParty/Segger/Segger/SEGGER_SYSVIEW.o
                0x0000000008003c5c                SEGGER_SYSVIEW_SendModule
 .text.SEGGER_SYSVIEW_SendModuleDescription
                0x0000000008003d70       0x3c ./CommonRTOS/ThirdParty/Segger/Segger/SEGGER_SYSVIEW.o
                0x0000000008003d70                SEGGER_SYSVIEW_SendModuleDescription
 .text.SEGGER_SYSVIEW_SendNumModules
                0x0000000008003dac       0x7c ./CommonRTOS/ThirdParty/Segger/Segger/SEGGER_SYSVIEW.o
                0x0000000008003dac                SEGGER_SYSVIEW_SendNumModules
 .text.SEGGER_SYSVIEW_PrintfTarget
                0x0000000008003e28       0x28 ./CommonRTOS/ThirdParty/Segger/Segger/SEGGER_SYSVIEW.o
                0x0000000008003e28                SEGGER_SYSVIEW_PrintfTarget
 .text.SEGGER_SYSVIEW_Warn
                0x0000000008003e50       0xb8 ./CommonRTOS/ThirdParty/Segger/Segger/SEGGER_SYSVIEW.o
                0x0000000008003e50                SEGGER_SYSVIEW_Warn
 .text.SEGGER_SYSVIEW_IsStarted
                0x0000000008003f08       0x5c ./CommonRTOS/ThirdParty/Segger/Segger/SEGGER_SYSVIEW.o
                0x0000000008003f08                SEGGER_SYSVIEW_IsStarted
 .text.main     0x0000000008003f64       0xac ./Core/Src/main.o
                0x0000000008003f64                main
 .text.SystemClock_Config
                0x0000000008004010       0xa2 ./Core/Src/main.o
                0x0000000008004010                SystemClock_Config
 *fill*         0x00000000080040b2        0x2 
 .text.MX_GPIO_Init
                0x00000000080040b4       0xf0 ./Core/Src/main.o
 .text.task1_handler
                0x00000000080041a4       0x28 ./Core/Src/main.o
 .text.task2_handler
                0x00000000080041cc       0x28 ./Core/Src/main.o
 .text.HAL_TIM_PeriodElapsedCallback
                0x00000000080041f4       0x24 ./Core/Src/main.o
                0x00000000080041f4                HAL_TIM_PeriodElapsedCallback
 .text.Error_Handler
                0x0000000008004218        0xa ./Core/Src/main.o
                0x0000000008004218                Error_Handler
 *fill*         0x0000000008004222        0x2 
 .text.HAL_MspInit
                0x0000000008004224       0x48 ./Core/Src/stm32l4xx_hal_msp.o
                0x0000000008004224                HAL_MspInit
 .text.HAL_InitTick
                0x000000000800426c       0xf4 ./Core/Src/stm32l4xx_hal_timebase_tim.o
                0x000000000800426c                HAL_InitTick
 .text.NMI_Handler
                0x0000000008004360        0x6 ./Core/Src/stm32l4xx_it.o
                0x0000000008004360                NMI_Handler
 .text.HardFault_Handler
                0x0000000008004366        0x6 ./Core/Src/stm32l4xx_it.o
                0x0000000008004366                HardFault_Handler
 .text.MemManage_Handler
                0x000000000800436c        0x6 ./Core/Src/stm32l4xx_it.o
                0x000000000800436c                MemManage_Handler
 .text.BusFault_Handler
                0x0000000008004372        0x6 ./Core/Src/stm32l4xx_it.o
                0x0000000008004372                BusFault_Handler
 .text.UsageFault_Handler
                0x0000000008004378        0x6 ./Core/Src/stm32l4xx_it.o
                0x0000000008004378                UsageFault_Handler
 .text.DebugMon_Handler
                0x000000000800437e        0xe ./Core/Src/stm32l4xx_it.o
                0x000000000800437e                DebugMon_Handler
 .text.TIM6_DAC_IRQHandler
                0x000000000800438c       0x14 ./Core/Src/stm32l4xx_it.o
                0x000000000800438c                TIM6_DAC_IRQHandler
 .text.SystemInit
                0x00000000080043a0       0x24 ./Core/Src/system_stm32l4xx.o
                0x00000000080043a0                SystemInit
 .text.Reset_Handler
                0x00000000080043c4       0x50 ./Core/Startup/startup_stm32l476rgtx.o
                0x00000000080043c4                Reset_Handler
 .text.Default_Handler
                0x0000000008004414        0x2 ./Core/Startup/startup_stm32l476rgtx.o
                0x0000000008004414                RTC_Alarm_IRQHandler
                0x0000000008004414                EXTI2_IRQHandler
                0x0000000008004414                TIM8_TRG_COM_IRQHandler
                0x0000000008004414                TIM8_CC_IRQHandler
                0x0000000008004414                TIM1_CC_IRQHandler
                0x0000000008004414                TSC_IRQHandler
                0x0000000008004414                TAMP_STAMP_IRQHandler
                0x0000000008004414                EXTI3_IRQHandler
                0x0000000008004414                LPTIM2_IRQHandler
                0x0000000008004414                DFSDM1_FLT1_IRQHandler
                0x0000000008004414                I2C3_ER_IRQHandler
                0x0000000008004414                DFSDM1_FLT2_IRQHandler
                0x0000000008004414                EXTI0_IRQHandler
                0x0000000008004414                I2C2_EV_IRQHandler
                0x0000000008004414                CAN1_RX0_IRQHandler
                0x0000000008004414                FPU_IRQHandler
                0x0000000008004414                TIM1_UP_TIM16_IRQHandler
                0x0000000008004414                ADC1_2_IRQHandler
                0x0000000008004414                SPI1_IRQHandler
                0x0000000008004414                TIM8_UP_IRQHandler
                0x0000000008004414                DMA2_Channel2_IRQHandler
                0x0000000008004414                DMA1_Channel4_IRQHandler
                0x0000000008004414                SAI2_IRQHandler
                0x0000000008004414                DFSDM1_FLT3_IRQHandler
                0x0000000008004414                USART3_IRQHandler
                0x0000000008004414                DMA1_Channel7_IRQHandler
                0x0000000008004414                CAN1_RX1_IRQHandler
                0x0000000008004414                LCD_IRQHandler
                0x0000000008004414                UART5_IRQHandler
                0x0000000008004414                ADC3_IRQHandler
                0x0000000008004414                TIM4_IRQHandler
                0x0000000008004414                DMA2_Channel1_IRQHandler
                0x0000000008004414                QUADSPI_IRQHandler
                0x0000000008004414                I2C1_EV_IRQHandler
                0x0000000008004414                DMA1_Channel6_IRQHandler
                0x0000000008004414                UART4_IRQHandler
                0x0000000008004414                DMA2_Channel4_IRQHandler
                0x0000000008004414                TIM3_IRQHandler
                0x0000000008004414                RCC_IRQHandler
                0x0000000008004414                DMA1_Channel1_IRQHandler
                0x0000000008004414                Default_Handler
                0x0000000008004414                DMA2_Channel7_IRQHandler
                0x0000000008004414                EXTI15_10_IRQHandler
                0x0000000008004414                TIM7_IRQHandler
                0x0000000008004414                SDMMC1_IRQHandler
                0x0000000008004414                TIM5_IRQHandler
                0x0000000008004414                I2C3_EV_IRQHandler
                0x0000000008004414                EXTI9_5_IRQHandler
                0x0000000008004414                RTC_WKUP_IRQHandler
                0x0000000008004414                PVD_PVM_IRQHandler
                0x0000000008004414                SPI2_IRQHandler
                0x0000000008004414                CAN1_TX_IRQHandler
                0x0000000008004414                DMA2_Channel5_IRQHandler
                0x0000000008004414                DMA1_Channel5_IRQHandler
                0x0000000008004414                EXTI4_IRQHandler
                0x0000000008004414                RNG_IRQHandler
                0x0000000008004414                TIM1_TRG_COM_TIM17_IRQHandler
                0x0000000008004414                DMA1_Channel3_IRQHandler
                0x0000000008004414                COMP_IRQHandler
                0x0000000008004414                WWDG_IRQHandler
                0x0000000008004414                LPUART1_IRQHandler
                0x0000000008004414                DMA2_Channel6_IRQHandler
                0x0000000008004414                TIM2_IRQHandler
                0x0000000008004414                EXTI1_IRQHandler
                0x0000000008004414                DFSDM1_FLT0_IRQHandler
                0x0000000008004414                I2C2_ER_IRQHandler
                0x0000000008004414                DMA1_Channel2_IRQHandler
                0x0000000008004414                TIM8_BRK_IRQHandler
                0x0000000008004414                CAN1_SCE_IRQHandler
                0x0000000008004414                FLASH_IRQHandler
                0x0000000008004414                USART1_IRQHandler
                0x0000000008004414                OTG_FS_IRQHandler
                0x0000000008004414                SPI3_IRQHandler
                0x0000000008004414                I2C1_ER_IRQHandler
                0x0000000008004414                FMC_IRQHandler
                0x0000000008004414                SWPMI1_IRQHandler
                0x0000000008004414                LPTIM1_IRQHandler
                0x0000000008004414                SAI1_IRQHandler
                0x0000000008004414                DMA2_Channel3_IRQHandler
                0x0000000008004414                TIM1_BRK_TIM15_IRQHandler
 *fill*         0x0000000008004416        0x2 
 .text.HAL_Init
                0x0000000008004418       0x40 ./Drivers/STM32L4xx_HAL_Driver/Src/stm32l4xx_hal.o
                0x0000000008004418                HAL_Init
 .text.HAL_IncTick
                0x0000000008004458       0x28 ./Drivers/STM32L4xx_HAL_Driver/Src/stm32l4xx_hal.o
                0x0000000008004458                HAL_IncTick
 .text.HAL_GetTick
                0x0000000008004480       0x18 ./Drivers/STM32L4xx_HAL_Driver/Src/stm32l4xx_hal.o
                0x0000000008004480                HAL_GetTick
 .text.__NVIC_SetPriorityGrouping
                0x0000000008004498       0x48 ./Drivers/STM32L4xx_HAL_Driver/Src/stm32l4xx_hal_cortex.o
 .text.__NVIC_GetPriorityGrouping
                0x00000000080044e0       0x1c ./Drivers/STM32L4xx_HAL_Driver/Src/stm32l4xx_hal_cortex.o
 .text.__NVIC_EnableIRQ
                0x00000000080044fc       0x3c ./Drivers/STM32L4xx_HAL_Driver/Src/stm32l4xx_hal_cortex.o
 .text.__NVIC_SetPriority
                0x0000000008004538       0x54 ./Drivers/STM32L4xx_HAL_Driver/Src/stm32l4xx_hal_cortex.o
 .text.NVIC_EncodePriority
                0x000000000800458c       0x66 ./Drivers/STM32L4xx_HAL_Driver/Src/stm32l4xx_hal_cortex.o
 .text.HAL_NVIC_SetPriorityGrouping
                0x00000000080045f2       0x16 ./Drivers/STM32L4xx_HAL_Driver/Src/stm32l4xx_hal_cortex.o
                0x00000000080045f2                HAL_NVIC_SetPriorityGrouping
 .text.HAL_NVIC_SetPriority
                0x0000000008004608       0x38 ./Drivers/STM32L4xx_HAL_Driver/Src/stm32l4xx_hal_cortex.o
                0x0000000008004608                HAL_NVIC_SetPriority
 .text.HAL_NVIC_EnableIRQ
                0x0000000008004640       0x1c ./Drivers/STM32L4xx_HAL_Driver/Src/stm32l4xx_hal_cortex.o
                0x0000000008004640                HAL_NVIC_EnableIRQ
 .text.HAL_GPIO_Init
                0x000000000800465c      0x354 ./Drivers/STM32L4xx_HAL_Driver/Src/stm32l4xx_hal_gpio.o
                0x000000000800465c                HAL_GPIO_Init
 .text.HAL_GPIO_WritePin
                0x00000000080049b0       0x30 ./Drivers/STM32L4xx_HAL_Driver/Src/stm32l4xx_hal_gpio.o
                0x00000000080049b0                HAL_GPIO_WritePin
 .text.HAL_GPIO_TogglePin
                0x00000000080049e0       0x34 ./Drivers/STM32L4xx_HAL_Driver/Src/stm32l4xx_hal_gpio.o
                0x00000000080049e0                HAL_GPIO_TogglePin
 .text.HAL_PWREx_GetVoltageRange
                0x0000000008004a14       0x1c ./Drivers/STM32L4xx_HAL_Driver/Src/stm32l4xx_hal_pwr_ex.o
                0x0000000008004a14                HAL_PWREx_GetVoltageRange
 .text.HAL_PWREx_ControlVoltageScaling
                0x0000000008004a30       0xac ./Drivers/STM32L4xx_HAL_Driver/Src/stm32l4xx_hal_pwr_ex.o
                0x0000000008004a30                HAL_PWREx_ControlVoltageScaling
 .text.HAL_RCC_OscConfig
                0x0000000008004adc      0x7b8 ./Drivers/STM32L4xx_HAL_Driver/Src/stm32l4xx_hal_rcc.o
                0x0000000008004adc                HAL_RCC_OscConfig
 .text.HAL_RCC_ClockConfig
                0x0000000008005294      0x200 ./Drivers/STM32L4xx_HAL_Driver/Src/stm32l4xx_hal_rcc.o
                0x0000000008005294                HAL_RCC_ClockConfig
 .text.HAL_RCC_GetSysClockFreq
                0x0000000008005494      0x118 ./Drivers/STM32L4xx_HAL_Driver/Src/stm32l4xx_hal_rcc.o
                0x0000000008005494                HAL_RCC_GetSysClockFreq
 .text.HAL_RCC_GetHCLKFreq
                0x00000000080055ac       0x18 ./Drivers/STM32L4xx_HAL_Driver/Src/stm32l4xx_hal_rcc.o
                0x00000000080055ac                HAL_RCC_GetHCLKFreq
 .text.HAL_RCC_GetPCLK1Freq
                0x00000000080055c4       0x2c ./Drivers/STM32L4xx_HAL_Driver/Src/stm32l4xx_hal_rcc.o
                0x00000000080055c4                HAL_RCC_GetPCLK1Freq
 .text.HAL_RCC_GetClockConfig
                0x00000000080055f0       0x64 ./Drivers/STM32L4xx_HAL_Driver/Src/stm32l4xx_hal_rcc.o
                0x00000000080055f0                HAL_RCC_GetClockConfig
 .text.RCC_SetFlashLatencyFromMSIRange
                0x0000000008005654       0xc0 ./Drivers/STM32L4xx_HAL_Driver/Src/stm32l4xx_hal_rcc.o
 .text.HAL_TIM_Base_Init
                0x0000000008005714       0xae ./Drivers/STM32L4xx_HAL_Driver/Src/stm32l4xx_hal_tim.o
                0x0000000008005714                HAL_TIM_Base_Init
 .text.HAL_TIM_Base_MspInit
                0x00000000080057c2       0x14 ./Drivers/STM32L4xx_HAL_Driver/Src/stm32l4xx_hal_tim.o
                0x00000000080057c2                HAL_TIM_Base_MspInit
 *fill*         0x00000000080057d6        0x2 
 .text.HAL_TIM_Base_Start_IT
                0x00000000080057d8       0xe0 ./Drivers/STM32L4xx_HAL_Driver/Src/stm32l4xx_hal_tim.o
                0x00000000080057d8                HAL_TIM_Base_Start_IT
 .text.HAL_TIM_IRQHandler
                0x00000000080058b8      0x204 ./Drivers/STM32L4xx_HAL_Driver/Src/stm32l4xx_hal_tim.o
                0x00000000080058b8                HAL_TIM_IRQHandler
 .text.HAL_TIM_OC_DelayElapsedCallback
                0x0000000008005abc       0x14 ./Drivers/STM32L4xx_HAL_Driver/Src/stm32l4xx_hal_tim.o
                0x0000000008005abc                HAL_TIM_OC_DelayElapsedCallback
 .text.HAL_TIM_IC_CaptureCallback
                0x0000000008005ad0       0x14 ./Drivers/STM32L4xx_HAL_Driver/Src/stm32l4xx_hal_tim.o
                0x0000000008005ad0                HAL_TIM_IC_CaptureCallback
 .text.HAL_TIM_PWM_PulseFinishedCallback
                0x0000000008005ae4       0x14 ./Drivers/STM32L4xx_HAL_Driver/Src/stm32l4xx_hal_tim.o
                0x0000000008005ae4                HAL_TIM_PWM_PulseFinishedCallback
 .text.HAL_TIM_TriggerCallback
                0x0000000008005af8       0x14 ./Drivers/STM32L4xx_HAL_Driver/Src/stm32l4xx_hal_tim.o
                0x0000000008005af8                HAL_TIM_TriggerCallback
 .text.TIM_Base_SetConfig
                0x0000000008005b0c      0x134 ./Drivers/STM32L4xx_HAL_Driver/Src/stm32l4xx_hal_tim.o
                0x0000000008005b0c                TIM_Base_SetConfig
 .text.HAL_TIMEx_CommutCallback
                0x0000000008005c40       0x14 ./Drivers/STM32L4xx_HAL_Driver/Src/stm32l4xx_hal_tim_ex.o
                0x0000000008005c40                HAL_TIMEx_CommutCallback
 .text.HAL_TIMEx_BreakCallback
                0x0000000008005c54       0x14 ./Drivers/STM32L4xx_HAL_Driver/Src/stm32l4xx_hal_tim_ex.o
                0x0000000008005c54                HAL_TIMEx_BreakCallback
 .text.HAL_TIMEx_Break2Callback
                0x0000000008005c68       0x14 ./Drivers/STM32L4xx_HAL_Driver/Src/stm32l4xx_hal_tim_ex.o
                0x0000000008005c68                HAL_TIMEx_Break2Callback
 .text.memcmp   0x0000000008005c7c       0x20 D:/Non-Project/STM CubeIDE/STM32CubeIDE_1.14.0/STM32CubeIDE/plugins/com.st.stm32cube.ide.mcu.externaltools.gnu-tools-for-stm32.11.3.rel1.win32_1.1.100.202309141235/tools/bin/../lib/gcc/arm-none-eabi/11.3.1/../../../../arm-none-eabi/lib/thumb/v7e-m+fp/hard\libc_nano.a(libc_a-memcmp.o)
                0x0000000008005c7c                memcmp
 .text.memset   0x0000000008005c9c       0x10 D:/Non-Project/STM CubeIDE/STM32CubeIDE_1.14.0/STM32CubeIDE/plugins/com.st.stm32cube.ide.mcu.externaltools.gnu-tools-for-stm32.11.3.rel1.win32_1.1.100.202309141235/tools/bin/../lib/gcc/arm-none-eabi/11.3.1/../../../../arm-none-eabi/lib/thumb/v7e-m+fp/hard\libc_nano.a(libc_a-memset.o)
                0x0000000008005c9c                memset
 .text.__libc_init_array
                0x0000000008005cac       0x48 D:/Non-Project/STM CubeIDE/STM32CubeIDE_1.14.0/STM32CubeIDE/plugins/com.st.stm32cube.ide.mcu.externaltools.gnu-tools-for-stm32.11.3.rel1.win32_1.1.100.202309141235/tools/bin/../lib/gcc/arm-none-eabi/11.3.1/../../../../arm-none-eabi/lib/thumb/v7e-m+fp/hard\libc_nano.a(libc_a-init.o)
                0x0000000008005cac                __libc_init_array
 .text.memcpy   0x0000000008005cf4       0x1c D:/Non-Project/STM CubeIDE/STM32CubeIDE_1.14.0/STM32CubeIDE/plugins/com.st.stm32cube.ide.mcu.externaltools.gnu-tools-for-stm32.11.3.rel1.win32_1.1.100.202309141235/tools/bin/../lib/gcc/arm-none-eabi/11.3.1/../../../../arm-none-eabi/lib/thumb/v7e-m+fp/hard\libc_nano.a(libc_a-memcpy-stub.o)
                0x0000000008005cf4                memcpy
 *(.glue_7)
 .glue_7        0x0000000008005d10        0x0 linker stubs
 *(.glue_7t)
 .glue_7t       0x0000000008005d10        0x0 linker stubs
 *(.eh_frame)
 .eh_frame      0x0000000008005d10        0x0 D:/Non-Project/STM CubeIDE/STM32CubeIDE_1.14.0/STM32CubeIDE/plugins/com.st.stm32cube.ide.mcu.externaltools.gnu-tools-for-stm32.11.3.rel1.win32_1.1.100.202309141235/tools/bin/../lib/gcc/arm-none-eabi/11.3.1/thumb/v7e-m+fp/hard/crtbegin.o
 *(.init)
 .init          0x0000000008005d10        0x4 D:/Non-Project/STM CubeIDE/STM32CubeIDE_1.14.0/STM32CubeIDE/plugins/com.st.stm32cube.ide.mcu.externaltools.gnu-tools-for-stm32.11.3.rel1.win32_1.1.100.202309141235/tools/bin/../lib/gcc/arm-none-eabi/11.3.1/thumb/v7e-m+fp/hard/crti.o
                0x0000000008005d10                _init
 .init          0x0000000008005d14        0x8 D:/Non-Project/STM CubeIDE/STM32CubeIDE_1.14.0/STM32CubeIDE/plugins/com.st.stm32cube.ide.mcu.externaltools.gnu-tools-for-stm32.11.3.rel1.win32_1.1.100.202309141235/tools/bin/../lib/gcc/arm-none-eabi/11.3.1/thumb/v7e-m+fp/hard/crtn.o
 *(.fini)
 .fini          0x0000000008005d1c        0x4 D:/Non-Project/STM CubeIDE/STM32CubeIDE_1.14.0/STM32CubeIDE/plugins/com.st.stm32cube.ide.mcu.externaltools.gnu-tools-for-stm32.11.3.rel1.win32_1.1.100.202309141235/tools/bin/../lib/gcc/arm-none-eabi/11.3.1/thumb/v7e-m+fp/hard/crti.o
                0x0000000008005d1c                _fini
 .fini          0x0000000008005d20        0x8 D:/Non-Project/STM CubeIDE/STM32CubeIDE_1.14.0/STM32CubeIDE/plugins/com.st.stm32cube.ide.mcu.externaltools.gnu-tools-for-stm32.11.3.rel1.win32_1.1.100.202309141235/tools/bin/../lib/gcc/arm-none-eabi/11.3.1/thumb/v7e-m+fp/hard/crtn.o
                0x0000000008005d28                . = ALIGN (0x4)
                0x0000000008005d28                _etext = .

.vfp11_veneer   0x0000000008005d28        0x0
 .vfp11_veneer  0x0000000008005d28        0x0 linker stubs

.v4_bx          0x0000000008005d28        0x0
 .v4_bx         0x0000000008005d28        0x0 linker stubs

.iplt           0x0000000008005d28        0x0
 .iplt          0x0000000008005d28        0x0 D:/Non-Project/STM CubeIDE/STM32CubeIDE_1.14.0/STM32CubeIDE/plugins/com.st.stm32cube.ide.mcu.externaltools.gnu-tools-for-stm32.11.3.rel1.win32_1.1.100.202309141235/tools/bin/../lib/gcc/arm-none-eabi/11.3.1/thumb/v7e-m+fp/hard/crtbegin.o

.rodata         0x0000000008005d28      0x180
                0x0000000008005d28                . = ALIGN (0x4)
 *(.rodata)
 .rodata        0x0000000008005d28        0x5 ./CommonRTOS/ThirdParty/FreeRTOS/tasks.o
 *fill*         0x0000000008005d2d        0x3 
 .rodata        0x0000000008005d30       0x4d ./CommonRTOS/ThirdParty/Segger/Config/SEGGER_SYSVIEW_Config_FreeRTOS.o
 *fill*         0x0000000008005d7d        0x3 
 .rodata        0x0000000008005d80       0x58 ./CommonRTOS/ThirdParty/Segger/OS/SEGGER_SYSVIEW_FreeRTOS.o
 .rodata        0x0000000008005dd8        0x9 ./CommonRTOS/ThirdParty/Segger/Segger/SEGGER_RTT.o
 *fill*         0x0000000008005de1        0x3 
 .rodata        0x0000000008005de4       0x10 ./CommonRTOS/ThirdParty/Segger/Segger/SEGGER_SYSVIEW.o
 .rodata        0x0000000008005df4       0x2d ./Core/Src/main.o
 *(.rodata*)
 *fill*         0x0000000008005e21        0x3 
 .rodata.SYSVIEW_X_OS_TraceAPI
                0x0000000008005e24        0x8 ./CommonRTOS/ThirdParty/Segger/OS/SEGGER_SYSVIEW_FreeRTOS.o
                0x0000000008005e24                SYSVIEW_X_OS_TraceAPI
 .rodata._abHelloMsg
                0x0000000008005e2c        0x4 ./CommonRTOS/ThirdParty/Segger/Recorder/segger_uart.o
 .rodata._aInitStr.0
                0x0000000008005e30       0x11 ./CommonRTOS/ThirdParty/Segger/Segger/SEGGER_RTT.o
 *fill*         0x0000000008005e41        0x3 
 .rodata._abSync
                0x0000000008005e44        0xa ./CommonRTOS/ThirdParty/Segger/Segger/SEGGER_SYSVIEW.o
 *fill*         0x0000000008005e4e        0x2 
 .rodata._aV2C.0
                0x0000000008005e50       0x10 ./CommonRTOS/ThirdParty/Segger/Segger/SEGGER_SYSVIEW.o
 .rodata.AHBPrescTable
                0x0000000008005e60       0x10 ./Core/Src/system_stm32l4xx.o
                0x0000000008005e60                AHBPrescTable
 .rodata.APBPrescTable
                0x0000000008005e70        0x8 ./Core/Src/system_stm32l4xx.o
                0x0000000008005e70                APBPrescTable
 .rodata.MSIRangeTable
                0x0000000008005e78       0x30 ./Core/Src/system_stm32l4xx.o
                0x0000000008005e78                MSIRangeTable
                0x0000000008005ea8                . = ALIGN (0x4)

.rel.dyn        0x0000000008005ea8        0x0
 .rel.iplt      0x0000000008005ea8        0x0 D:/Non-Project/STM CubeIDE/STM32CubeIDE_1.14.0/STM32CubeIDE/plugins/com.st.stm32cube.ide.mcu.externaltools.gnu-tools-for-stm32.11.3.rel1.win32_1.1.100.202309141235/tools/bin/../lib/gcc/arm-none-eabi/11.3.1/thumb/v7e-m+fp/hard/crtbegin.o

.ARM.extab      0x0000000008005ea8        0x0
                0x0000000008005ea8                . = ALIGN (0x4)
 *(.ARM.extab* .gnu.linkonce.armextab.*)
                0x0000000008005ea8                . = ALIGN (0x4)

.ARM            0x0000000008005ea8        0x0
                0x0000000008005ea8                . = ALIGN (0x4)
                0x0000000008005ea8                __exidx_start = .
 *(.ARM.exidx*)
                0x0000000008005ea8                __exidx_end = .
                0x0000000008005ea8                . = ALIGN (0x4)

.preinit_array  0x0000000008005ea8        0x0
                0x0000000008005ea8                . = ALIGN (0x4)
                0x0000000008005ea8                PROVIDE (__preinit_array_start = .)
 *(.preinit_array*)
                0x0000000008005ea8                PROVIDE (__preinit_array_end = .)
                0x0000000008005ea8                . = ALIGN (0x4)

.init_array     0x0000000008005ea8        0x4
                0x0000000008005ea8                . = ALIGN (0x4)
                0x0000000008005ea8                PROVIDE (__init_array_start = .)
 *(SORT_BY_NAME(.init_array.*))
 *(.init_array*)
 .init_array    0x0000000008005ea8        0x4 D:/Non-Project/STM CubeIDE/STM32CubeIDE_1.14.0/STM32CubeIDE/plugins/com.st.stm32cube.ide.mcu.externaltools.gnu-tools-for-stm32.11.3.rel1.win32_1.1.100.202309141235/tools/bin/../lib/gcc/arm-none-eabi/11.3.1/thumb/v7e-m+fp/hard/crtbegin.o
                0x0000000008005eac                PROVIDE (__init_array_end = .)
                0x0000000008005eac                . = ALIGN (0x4)

.fini_array     0x0000000008005eac        0x4
                0x0000000008005eac                . = ALIGN (0x4)
                [!provide]                        PROVIDE (__fini_array_start = .)
 *(SORT_BY_NAME(.fini_array.*))
 *(.fini_array*)
 .fini_array    0x0000000008005eac        0x4 D:/Non-Project/STM CubeIDE/STM32CubeIDE_1.14.0/STM32CubeIDE/plugins/com.st.stm32cube.ide.mcu.externaltools.gnu-tools-for-stm32.11.3.rel1.win32_1.1.100.202309141235/tools/bin/../lib/gcc/arm-none-eabi/11.3.1/thumb/v7e-m+fp/hard/crtbegin.o
                [!provide]                        PROVIDE (__fini_array_end = .)
                0x0000000008005eb0                . = ALIGN (0x4)
                0x0000000008005eb0                _sidata = LOADADDR (.data)

.data           0x0000000020000000       0x1c load address 0x0000000008005eb0
                0x0000000020000000                . = ALIGN (0x4)
                0x0000000020000000                _sdata = .
 *(.data)
 *(.data*)
 .data.uxTopUsedPriority
                0x0000000020000000        0x4 ./CommonRTOS/ThirdParty/FreeRTOS/tasks.o
                0x0000000020000000                uxTopUsedPriority
 .data.uxCriticalNesting
                0x0000000020000004        0x4 ./CommonRTOS/ThirdParty/FreeRTOS/portable/GCC/ARM_CM4F/port.o
 .data._SVInfo  0x0000000020000008        0x8 ./CommonRTOS/ThirdParty/Segger/Recorder/segger_uart.o
 .data.SystemCoreClock
                0x0000000020000010        0x4 ./Core/Src/system_stm32l4xx.o
                0x0000000020000010                SystemCoreClock
 .data.uwTickPrio
                0x0000000020000014        0x4 ./Drivers/STM32L4xx_HAL_Driver/Src/stm32l4xx_hal.o
                0x0000000020000014                uwTickPrio
 .data.uwTickFreq
                0x0000000020000018        0x1 ./Drivers/STM32L4xx_HAL_Driver/Src/stm32l4xx_hal.o
                0x0000000020000018                uwTickFreq
 *(.RamFunc)
 *(.RamFunc*)
                0x000000002000001c                . = ALIGN (0x4)
 *fill*         0x0000000020000019        0x3 
                0x000000002000001c                _edata = .

.igot.plt       0x000000002000001c        0x0 load address 0x0000000008005ecc
 .igot.plt      0x000000002000001c        0x0 D:/Non-Project/STM CubeIDE/STM32CubeIDE_1.14.0/STM32CubeIDE/plugins/com.st.stm32cube.ide.mcu.externaltools.gnu-tools-for-stm32.11.3.rel1.win32_1.1.100.202309141235/tools/bin/../lib/gcc/arm-none-eabi/11.3.1/thumb/v7e-m+fp/hard/crtbegin.o
                0x000000002000001c                . = ALIGN (0x4)

.bss            0x000000002000001c     0x581c load address 0x0000000008005ecc
                0x000000002000001c                _sbss = .
                0x000000002000001c                __bss_start__ = _sbss
 *(.bss)
 .bss           0x000000002000001c       0x1c D:/Non-Project/STM CubeIDE/STM32CubeIDE_1.14.0/STM32CubeIDE/plugins/com.st.stm32cube.ide.mcu.externaltools.gnu-tools-for-stm32.11.3.rel1.win32_1.1.100.202309141235/tools/bin/../lib/gcc/arm-none-eabi/11.3.1/thumb/v7e-m+fp/hard/crtbegin.o
 *(.bss*)
 .bss.pxCurrentTCB
                0x0000000020000038        0x4 ./CommonRTOS/ThirdParty/FreeRTOS/tasks.o
                0x0000000020000038                pxCurrentTCB
 .bss.pxReadyTasksLists
                0x000000002000003c       0x64 ./CommonRTOS/ThirdParty/FreeRTOS/tasks.o
 .bss.xDelayedTaskList1
                0x00000000200000a0       0x14 ./CommonRTOS/ThirdParty/FreeRTOS/tasks.o
 .bss.xDelayedTaskList2
                0x00000000200000b4       0x14 ./CommonRTOS/ThirdParty/FreeRTOS/tasks.o
 .bss.pxDelayedTaskList
                0x00000000200000c8        0x4 ./CommonRTOS/ThirdParty/FreeRTOS/tasks.o
 .bss.pxOverflowDelayedTaskList
                0x00000000200000cc        0x4 ./CommonRTOS/ThirdParty/FreeRTOS/tasks.o
 .bss.xPendingReadyList
                0x00000000200000d0       0x14 ./CommonRTOS/ThirdParty/FreeRTOS/tasks.o
 .bss.xTasksWaitingTermination
                0x00000000200000e4       0x14 ./CommonRTOS/ThirdParty/FreeRTOS/tasks.o
 .bss.uxDeletedTasksWaitingCleanUp
                0x00000000200000f8        0x4 ./CommonRTOS/ThirdParty/FreeRTOS/tasks.o
 .bss.xSuspendedTaskList
                0x00000000200000fc       0x14 ./CommonRTOS/ThirdParty/FreeRTOS/tasks.o
 .bss.uxCurrentNumberOfTasks
                0x0000000020000110        0x4 ./CommonRTOS/ThirdParty/FreeRTOS/tasks.o
 .bss.xTickCount
                0x0000000020000114        0x4 ./CommonRTOS/ThirdParty/FreeRTOS/tasks.o
 .bss.uxTopReadyPriority
                0x0000000020000118        0x4 ./CommonRTOS/ThirdParty/FreeRTOS/tasks.o
 .bss.xSchedulerRunning
                0x000000002000011c        0x4 ./CommonRTOS/ThirdParty/FreeRTOS/tasks.o
 .bss.xPendedTicks
                0x0000000020000120        0x4 ./CommonRTOS/ThirdParty/FreeRTOS/tasks.o
 .bss.xYieldPending
                0x0000000020000124        0x4 ./CommonRTOS/ThirdParty/FreeRTOS/tasks.o
 .bss.xNumOfOverflows
                0x0000000020000128        0x4 ./CommonRTOS/ThirdParty/FreeRTOS/tasks.o
 .bss.uxTaskNumber
                0x000000002000012c        0x4 ./CommonRTOS/ThirdParty/FreeRTOS/tasks.o
 .bss.xNextTaskUnblockTime
                0x0000000020000130        0x4 ./CommonRTOS/ThirdParty/FreeRTOS/tasks.o
 .bss.xIdleTaskHandle
                0x0000000020000134        0x4 ./CommonRTOS/ThirdParty/FreeRTOS/tasks.o
 .bss.uxSchedulerSuspended
                0x0000000020000138        0x4 ./CommonRTOS/ThirdParty/FreeRTOS/tasks.o
 .bss.ulTaskSwitchedInTime
                0x000000002000013c        0x4 ./CommonRTOS/ThirdParty/FreeRTOS/tasks.o
 .bss.ulTotalRunTime
                0x0000000020000140        0x4 ./CommonRTOS/ThirdParty/FreeRTOS/tasks.o
 .bss.ucMaxSysCallPriority
                0x0000000020000144        0x1 ./CommonRTOS/ThirdParty/FreeRTOS/portable/GCC/ARM_CM4F/port.o
 *fill*         0x0000000020000145        0x3 
 .bss.ulMaxPRIGROUPValue
                0x0000000020000148        0x4 ./CommonRTOS/ThirdParty/FreeRTOS/portable/GCC/ARM_CM4F/port.o
 .bss.ucHeap    0x000000002000014c     0x4000 ./CommonRTOS/ThirdParty/FreeRTOS/portable/MemMang/heap_4.o
 .bss.xStart    0x000000002000414c        0x8 ./CommonRTOS/ThirdParty/FreeRTOS/portable/MemMang/heap_4.o
 .bss.pxEnd     0x0000000020004154        0x4 ./CommonRTOS/ThirdParty/FreeRTOS/portable/MemMang/heap_4.o
 .bss.xFreeBytesRemaining
                0x0000000020004158        0x4 ./CommonRTOS/ThirdParty/FreeRTOS/portable/MemMang/heap_4.o
 .bss.xMinimumEverFreeBytesRemaining
                0x000000002000415c        0x4 ./CommonRTOS/ThirdParty/FreeRTOS/portable/MemMang/heap_4.o
 .bss.xNumberOfSuccessfulAllocations
                0x0000000020004160        0x4 ./CommonRTOS/ThirdParty/FreeRTOS/portable/MemMang/heap_4.o
 .bss.xNumberOfSuccessfulFrees
                0x0000000020004164        0x4 ./CommonRTOS/ThirdParty/FreeRTOS/portable/MemMang/heap_4.o
 .bss._aTasks   0x0000000020004168       0xa0 ./CommonRTOS/ThirdParty/Segger/OS/SEGGER_SYSVIEW_FreeRTOS.o
 .bss._NumTasks
                0x0000000020004208        0x4 ./CommonRTOS/ThirdParty/Segger/OS/SEGGER_SYSVIEW_FreeRTOS.o
 .bss._cbOnRx   0x000000002000420c        0x4 ./CommonRTOS/ThirdParty/Segger/Recorder/segger_uart.o
 .bss._cbOnTx   0x0000000020004210        0x4 ./CommonRTOS/ThirdParty/Segger/Recorder/segger_uart.o
 .bss._SEGGER_RTT
                0x0000000020004214       0xa8 ./CommonRTOS/ThirdParty/Segger/Segger/SEGGER_RTT.o
                0x0000000020004214                _SEGGER_RTT
 .bss._acUpBuffer
                0x00000000200042bc      0x400 ./CommonRTOS/ThirdParty/Segger/Segger/SEGGER_RTT.o
 .bss._acDownBuffer
                0x00000000200046bc       0x10 ./CommonRTOS/ThirdParty/Segger/Segger/SEGGER_RTT.o
 .bss._UpBuffer
                0x00000000200046cc     0x1000 ./CommonRTOS/ThirdParty/Segger/Segger/SEGGER_SYSVIEW.o
 .bss._DownBuffer
                0x00000000200056cc        0x8 ./CommonRTOS/ThirdParty/Segger/Segger/SEGGER_SYSVIEW.o
 .bss._SYSVIEW_Globals
                0x00000000200056d4       0x28 ./CommonRTOS/ThirdParty/Segger/Segger/SEGGER_SYSVIEW.o
 .bss._pFirstModule
                0x00000000200056fc        0x4 ./CommonRTOS/ThirdParty/Segger/Segger/SEGGER_SYSVIEW.o
 .bss._NumModules
                0x0000000020005700        0x1 ./CommonRTOS/ThirdParty/Segger/Segger/SEGGER_SYSVIEW.o
 *fill*         0x0000000020005701        0x3 
 .bss._aPacket  0x0000000020005704       0xe3 ./CommonRTOS/ThirdParty/Segger/Segger/SEGGER_SYSVIEW.o
 *fill*         0x00000000200057e7        0x1 
 .bss.htim6     0x00000000200057e8       0x4c ./Core/Src/stm32l4xx_hal_timebase_tim.o
                0x00000000200057e8                htim6
 .bss.uwTick    0x0000000020005834        0x4 ./Drivers/STM32L4xx_HAL_Driver/Src/stm32l4xx_hal.o
                0x0000000020005834                uwTick
 *(COMMON)
                0x0000000020005838                . = ALIGN (0x4)
                0x0000000020005838                _ebss = .
                0x0000000020005838                __bss_end__ = _ebss

._user_heap_stack
                0x0000000020005838      0x600 load address 0x0000000008005ecc
                0x0000000020005838                . = ALIGN (0x8)
                0x0000000020005838                PROVIDE (end = .)
                [!provide]                        PROVIDE (_end = .)
                0x0000000020005a38                . = (. + _Min_Heap_Size)
 *fill*         0x0000000020005838      0x200 
                0x0000000020005e38                . = (. + _Min_Stack_Size)
 *fill*         0x0000000020005a38      0x400 
                0x0000000020005e38                . = ALIGN (0x8)

/DISCARD/
 libc.a(*)
 libm.a(*)
 libgcc.a(*)

.ARM.attributes
                0x0000000000000000       0x30
 *(.ARM.attributes)
 .ARM.attributes
                0x0000000000000000       0x1e D:/Non-Project/STM CubeIDE/STM32CubeIDE_1.14.0/STM32CubeIDE/plugins/com.st.stm32cube.ide.mcu.externaltools.gnu-tools-for-stm32.11.3.rel1.win32_1.1.100.202309141235/tools/bin/../lib/gcc/arm-none-eabi/11.3.1/thumb/v7e-m+fp/hard/crti.o
 .ARM.attributes
                0x000000000000001e       0x34 D:/Non-Project/STM CubeIDE/STM32CubeIDE_1.14.0/STM32CubeIDE/plugins/com.st.stm32cube.ide.mcu.externaltools.gnu-tools-for-stm32.11.3.rel1.win32_1.1.100.202309141235/tools/bin/../lib/gcc/arm-none-eabi/11.3.1/thumb/v7e-m+fp/hard/crtbegin.o
 .ARM.attributes
                0x0000000000000052       0x34 ./CommonRTOS/ThirdParty/FreeRTOS/list.o
 .ARM.attributes
                0x0000000000000086       0x34 ./CommonRTOS/ThirdParty/FreeRTOS/tasks.o
 .ARM.attributes
                0x00000000000000ba       0x34 ./CommonRTOS/ThirdParty/FreeRTOS/portable/GCC/ARM_CM4F/port.o
 .ARM.attributes
                0x00000000000000ee       0x34 ./CommonRTOS/ThirdParty/FreeRTOS/portable/MemMang/heap_4.o
 .ARM.attributes
                0x0000000000000122       0x34 ./CommonRTOS/ThirdParty/Segger/Config/SEGGER_SYSVIEW_Config_FreeRTOS.o
 .ARM.attributes
                0x0000000000000156       0x34 ./CommonRTOS/ThirdParty/Segger/OS/SEGGER_SYSVIEW_FreeRTOS.o
 .ARM.attributes
                0x000000000000018a       0x34 ./CommonRTOS/ThirdParty/Segger/Recorder/segger_uart.o
 .ARM.attributes
                0x00000000000001be       0x34 ./CommonRTOS/ThirdParty/Segger/Segger/SEGGER_RTT.o
 .ARM.attributes
                0x00000000000001f2       0x20 ./CommonRTOS/ThirdParty/Segger/Segger/SEGGER_RTT_ASM_ARMv7M.o
 .ARM.attributes
                0x0000000000000212       0x34 ./CommonRTOS/ThirdParty/Segger/Segger/SEGGER_SYSVIEW.o
 .ARM.attributes
                0x0000000000000246       0x34 ./Core/Src/main.o
 .ARM.attributes
                0x000000000000027a       0x34 ./Core/Src/stm32l4xx_hal_msp.o
 .ARM.attributes
                0x00000000000002ae       0x34 ./Core/Src/stm32l4xx_hal_timebase_tim.o
 .ARM.attributes
                0x00000000000002e2       0x34 ./Core/Src/stm32l4xx_it.o
 .ARM.attributes
                0x0000000000000316       0x34 ./Core/Src/system_stm32l4xx.o
 .ARM.attributes
                0x000000000000034a       0x21 ./Core/Startup/startup_stm32l476rgtx.o
 .ARM.attributes
                0x000000000000036b       0x34 ./Drivers/STM32L4xx_HAL_Driver/Src/stm32l4xx_hal.o
 .ARM.attributes
                0x000000000000039f       0x34 ./Drivers/STM32L4xx_HAL_Driver/Src/stm32l4xx_hal_cortex.o
 .ARM.attributes
                0x00000000000003d3       0x34 ./Drivers/STM32L4xx_HAL_Driver/Src/stm32l4xx_hal_gpio.o
 .ARM.attributes
                0x0000000000000407       0x34 ./Drivers/STM32L4xx_HAL_Driver/Src/stm32l4xx_hal_pwr_ex.o
 .ARM.attributes
                0x000000000000043b       0x34 ./Drivers/STM32L4xx_HAL_Driver/Src/stm32l4xx_hal_rcc.o
 .ARM.attributes
                0x000000000000046f       0x34 ./Drivers/STM32L4xx_HAL_Driver/Src/stm32l4xx_hal_tim.o
 .ARM.attributes
                0x00000000000004a3       0x34 ./Drivers/STM32L4xx_HAL_Driver/Src/stm32l4xx_hal_tim_ex.o
 .ARM.attributes
                0x00000000000004d7       0x34 D:/Non-Project/STM CubeIDE/STM32CubeIDE_1.14.0/STM32CubeIDE/plugins/com.st.stm32cube.ide.mcu.externaltools.gnu-tools-for-stm32.11.3.rel1.win32_1.1.100.202309141235/tools/bin/../lib/gcc/arm-none-eabi/11.3.1/../../../../arm-none-eabi/lib/thumb/v7e-m+fp/hard\libc_nano.a(libc_a-memcmp.o)
 .ARM.attributes
                0x000000000000050b       0x34 D:/Non-Project/STM CubeIDE/STM32CubeIDE_1.14.0/STM32CubeIDE/plugins/com.st.stm32cube.ide.mcu.externaltools.gnu-tools-for-stm32.11.3.rel1.win32_1.1.100.202309141235/tools/bin/../lib/gcc/arm-none-eabi/11.3.1/../../../../arm-none-eabi/lib/thumb/v7e-m+fp/hard\libc_nano.a(libc_a-memset.o)
 .ARM.attributes
                0x000000000000053f       0x34 D:/Non-Project/STM CubeIDE/STM32CubeIDE_1.14.0/STM32CubeIDE/plugins/com.st.stm32cube.ide.mcu.externaltools.gnu-tools-for-stm32.11.3.rel1.win32_1.1.100.202309141235/tools/bin/../lib/gcc/arm-none-eabi/11.3.1/../../../../arm-none-eabi/lib/thumb/v7e-m+fp/hard\libc_nano.a(libc_a-init.o)
 .ARM.attributes
                0x0000000000000573       0x34 D:/Non-Project/STM CubeIDE/STM32CubeIDE_1.14.0/STM32CubeIDE/plugins/com.st.stm32cube.ide.mcu.externaltools.gnu-tools-for-stm32.11.3.rel1.win32_1.1.100.202309141235/tools/bin/../lib/gcc/arm-none-eabi/11.3.1/../../../../arm-none-eabi/lib/thumb/v7e-m+fp/hard\libc_nano.a(libc_a-memcpy-stub.o)
 .ARM.attributes
                0x00000000000005a7       0x1e D:/Non-Project/STM CubeIDE/STM32CubeIDE_1.14.0/STM32CubeIDE/plugins/com.st.stm32cube.ide.mcu.externaltools.gnu-tools-for-stm32.11.3.rel1.win32_1.1.100.202309141235/tools/bin/../lib/gcc/arm-none-eabi/11.3.1/thumb/v7e-m+fp/hard/crtn.o
OUTPUT(002_LEDTask.elf elf32-littlearm)
LOAD linker stubs
LOAD D:/Non-Project/STM CubeIDE/STM32CubeIDE_1.14.0/STM32CubeIDE/plugins/com.st.stm32cube.ide.mcu.externaltools.gnu-tools-for-stm32.11.3.rel1.win32_1.1.100.202309141235/tools/bin/../lib/gcc/arm-none-eabi/11.3.1/../../../../arm-none-eabi/lib/thumb/v7e-m+fp/hard\libc.a
LOAD D:/Non-Project/STM CubeIDE/STM32CubeIDE_1.14.0/STM32CubeIDE/plugins/com.st.stm32cube.ide.mcu.externaltools.gnu-tools-for-stm32.11.3.rel1.win32_1.1.100.202309141235/tools/bin/../lib/gcc/arm-none-eabi/11.3.1/../../../../arm-none-eabi/lib/thumb/v7e-m+fp/hard\libm.a
LOAD D:/Non-Project/STM CubeIDE/STM32CubeIDE_1.14.0/STM32CubeIDE/plugins/com.st.stm32cube.ide.mcu.externaltools.gnu-tools-for-stm32.11.3.rel1.win32_1.1.100.202309141235/tools/bin/../lib/gcc/arm-none-eabi/11.3.1/thumb/v7e-m+fp/hard\libgcc.a

.comment        0x0000000000000000       0x43
 .comment       0x0000000000000000       0x43 D:/Non-Project/STM CubeIDE/STM32CubeIDE_1.14.0/STM32CubeIDE/plugins/com.st.stm32cube.ide.mcu.externaltools.gnu-tools-for-stm32.11.3.rel1.win32_1.1.100.202309141235/tools/bin/../lib/gcc/arm-none-eabi/11.3.1/thumb/v7e-m+fp/hard/crtbegin.o
                                         0x44 (size before relaxing)
 .comment       0x0000000000000043       0x44 ./CommonRTOS/ThirdParty/FreeRTOS/list.o
 .comment       0x0000000000000043       0x44 ./CommonRTOS/ThirdParty/FreeRTOS/tasks.o
 .comment       0x0000000000000043       0x44 ./CommonRTOS/ThirdParty/FreeRTOS/portable/GCC/ARM_CM4F/port.o
 .comment       0x0000000000000043       0x44 ./CommonRTOS/ThirdParty/FreeRTOS/portable/MemMang/heap_4.o
 .comment       0x0000000000000043       0x44 ./CommonRTOS/ThirdParty/Segger/Config/SEGGER_SYSVIEW_Config_FreeRTOS.o
 .comment       0x0000000000000043       0x44 ./CommonRTOS/ThirdParty/Segger/OS/SEGGER_SYSVIEW_FreeRTOS.o
 .comment       0x0000000000000043       0x44 ./CommonRTOS/ThirdParty/Segger/Recorder/segger_uart.o
 .comment       0x0000000000000043       0x44 ./CommonRTOS/ThirdParty/Segger/Segger/SEGGER_RTT.o
 .comment       0x0000000000000043       0x44 ./CommonRTOS/ThirdParty/Segger/Segger/SEGGER_SYSVIEW.o
 .comment       0x0000000000000043       0x44 ./Core/Src/main.o
 .comment       0x0000000000000043       0x44 ./Core/Src/stm32l4xx_hal_msp.o
 .comment       0x0000000000000043       0x44 ./Core/Src/stm32l4xx_hal_timebase_tim.o
 .comment       0x0000000000000043       0x44 ./Core/Src/stm32l4xx_it.o
 .comment       0x0000000000000043       0x44 ./Core/Src/system_stm32l4xx.o
 .comment       0x0000000000000043       0x44 ./Drivers/STM32L4xx_HAL_Driver/Src/stm32l4xx_hal.o
 .comment       0x0000000000000043       0x44 ./Drivers/STM32L4xx_HAL_Driver/Src/stm32l4xx_hal_cortex.o
 .comment       0x0000000000000043       0x44 ./Drivers/STM32L4xx_HAL_Driver/Src/stm32l4xx_hal_gpio.o
 .comment       0x0000000000000043       0x44 ./Drivers/STM32L4xx_HAL_Driver/Src/stm32l4xx_hal_pwr_ex.o
 .comment       0x0000000000000043       0x44 ./Drivers/STM32L4xx_HAL_Driver/Src/stm32l4xx_hal_rcc.o
 .comment       0x0000000000000043       0x44 ./Drivers/STM32L4xx_HAL_Driver/Src/stm32l4xx_hal_tim.o
 .comment       0x0000000000000043       0x44 ./Drivers/STM32L4xx_HAL_Driver/Src/stm32l4xx_hal_tim_ex.o

.debug_info     0x0000000000000000    0x139ca
 .debug_info    0x0000000000000000      0x2af ./CommonRTOS/ThirdParty/FreeRTOS/list.o
 .debug_info    0x00000000000002af     0x2a8a ./CommonRTOS/ThirdParty/FreeRTOS/tasks.o
 .debug_info    0x0000000000002d39      0x591 ./CommonRTOS/ThirdParty/FreeRTOS/portable/GCC/ARM_CM4F/port.o
 .debug_info    0x00000000000032ca      0x521 ./CommonRTOS/ThirdParty/FreeRTOS/portable/MemMang/heap_4.o
 .debug_info    0x00000000000037eb      0x176 ./CommonRTOS/ThirdParty/Segger/Config/SEGGER_SYSVIEW_Config_FreeRTOS.o
 .debug_info    0x0000000000003961      0x447 ./CommonRTOS/ThirdParty/Segger/OS/SEGGER_SYSVIEW_FreeRTOS.o
 .debug_info    0x0000000000003da8      0x89f ./CommonRTOS/ThirdParty/Segger/Recorder/segger_uart.o
 .debug_info    0x0000000000004647     0x14d5 ./CommonRTOS/ThirdParty/Segger/Segger/SEGGER_RTT.o
 .debug_info    0x0000000000005b1c       0x25 ./CommonRTOS/ThirdParty/Segger/Segger/SEGGER_RTT_ASM_ARMv7M.o
 .debug_info    0x0000000000005b41     0x3be7 ./CommonRTOS/ThirdParty/Segger/Segger/SEGGER_SYSVIEW.o
 .debug_info    0x0000000000009728      0xf20 ./Core/Src/main.o
 .debug_info    0x000000000000a648      0x2c8 ./Core/Src/stm32l4xx_hal_msp.o
 .debug_info    0x000000000000a910      0xc7f ./Core/Src/stm32l4xx_hal_timebase_tim.o
 .debug_info    0x000000000000b58f      0x6d1 ./Core/Src/stm32l4xx_it.o
 .debug_info    0x000000000000bc60      0x5b1 ./Core/Src/system_stm32l4xx.o
 .debug_info    0x000000000000c211       0x23 ./Core/Startup/startup_stm32l476rgtx.o
 .debug_info    0x000000000000c234      0xc09 ./Drivers/STM32L4xx_HAL_Driver/Src/stm32l4xx_hal.o
 .debug_info    0x000000000000ce3d      0xd4c ./Drivers/STM32L4xx_HAL_Driver/Src/stm32l4xx_hal_cortex.o
 .debug_info    0x000000000000db89      0x757 ./Drivers/STM32L4xx_HAL_Driver/Src/stm32l4xx_hal_gpio.o
 .debug_info    0x000000000000e2e0      0x99e ./Drivers/STM32L4xx_HAL_Driver/Src/stm32l4xx_hal_pwr_ex.o
 .debug_info    0x000000000000ec7e      0xc14 ./Drivers/STM32L4xx_HAL_Driver/Src/stm32l4xx_hal_rcc.o
 .debug_info    0x000000000000f892     0x2a9a ./Drivers/STM32L4xx_HAL_Driver/Src/stm32l4xx_hal_tim.o
 .debug_info    0x000000000001232c     0x169e ./Drivers/STM32L4xx_HAL_Driver/Src/stm32l4xx_hal_tim_ex.o

.debug_abbrev   0x0000000000000000     0x2d61
 .debug_abbrev  0x0000000000000000       0xf5 ./CommonRTOS/ThirdParty/FreeRTOS/list.o
 .debug_abbrev  0x00000000000000f5      0x3c6 ./CommonRTOS/ThirdParty/FreeRTOS/tasks.o
 .debug_abbrev  0x00000000000004bb      0x25a ./CommonRTOS/ThirdParty/FreeRTOS/portable/GCC/ARM_CM4F/port.o
 .debug_abbrev  0x0000000000000715      0x256 ./CommonRTOS/ThirdParty/FreeRTOS/portable/MemMang/heap_4.o
 .debug_abbrev  0x000000000000096b       0xf4 ./CommonRTOS/ThirdParty/Segger/Config/SEGGER_SYSVIEW_Config_FreeRTOS.o
 .debug_abbrev  0x0000000000000a5f      0x1b1 ./CommonRTOS/ThirdParty/Segger/OS/SEGGER_SYSVIEW_FreeRTOS.o
 .debug_abbrev  0x0000000000000c10      0x28c ./CommonRTOS/ThirdParty/Segger/Recorder/segger_uart.o
 .debug_abbrev  0x0000000000000e9c      0x21f ./CommonRTOS/ThirdParty/Segger/Segger/SEGGER_RTT.o
 .debug_abbrev  0x00000000000010bb       0x14 ./CommonRTOS/ThirdParty/Segger/Segger/SEGGER_RTT_ASM_ARMv7M.o
 .debug_abbrev  0x00000000000010cf      0x333 ./CommonRTOS/ThirdParty/Segger/Segger/SEGGER_SYSVIEW.o
 .debug_abbrev  0x0000000000001402      0x2f4 ./Core/Src/main.o
 .debug_abbrev  0x00000000000016f6       0xd9 ./Core/Src/stm32l4xx_hal_msp.o
 .debug_abbrev  0x00000000000017cf      0x1f4 ./Core/Src/stm32l4xx_hal_timebase_tim.o
 .debug_abbrev  0x00000000000019c3      0x17e ./Core/Src/stm32l4xx_it.o
 .debug_abbrev  0x0000000000001b41      0x11a ./Core/Src/system_stm32l4xx.o
 .debug_abbrev  0x0000000000001c5b       0x12 ./Core/Startup/startup_stm32l476rgtx.o
 .debug_abbrev  0x0000000000001c6d      0x243 ./Drivers/STM32L4xx_HAL_Driver/Src/stm32l4xx_hal.o
 .debug_abbrev  0x0000000000001eb0      0x327 ./Drivers/STM32L4xx_HAL_Driver/Src/stm32l4xx_hal_cortex.o
 .debug_abbrev  0x00000000000021d7      0x1cb ./Drivers/STM32L4xx_HAL_Driver/Src/stm32l4xx_hal_gpio.o
 .debug_abbrev  0x00000000000023a2      0x1f9 ./Drivers/STM32L4xx_HAL_Driver/Src/stm32l4xx_hal_pwr_ex.o
 .debug_abbrev  0x000000000000259b      0x2cb ./Drivers/STM32L4xx_HAL_Driver/Src/stm32l4xx_hal_rcc.o
 .debug_abbrev  0x0000000000002866      0x278 ./Drivers/STM32L4xx_HAL_Driver/Src/stm32l4xx_hal_tim.o
 .debug_abbrev  0x0000000000002ade      0x283 ./Drivers/STM32L4xx_HAL_Driver/Src/stm32l4xx_hal_tim_ex.o

.debug_aranges  0x0000000000000000     0x13c8
 .debug_aranges
                0x0000000000000000       0x40 ./CommonRTOS/ThirdParty/FreeRTOS/list.o
 .debug_aranges
                0x0000000000000040      0x260 ./CommonRTOS/ThirdParty/FreeRTOS/tasks.o
 .debug_aranges
                0x00000000000002a0       0x88 ./CommonRTOS/ThirdParty/FreeRTOS/portable/GCC/ARM_CM4F/port.o
 .debug_aranges
                0x0000000000000328       0x60 ./CommonRTOS/ThirdParty/FreeRTOS/portable/MemMang/heap_4.o
 .debug_aranges
                0x0000000000000388       0x28 ./CommonRTOS/ThirdParty/Segger/Config/SEGGER_SYSVIEW_Config_FreeRTOS.o
 .debug_aranges
                0x00000000000003b0       0x48 ./CommonRTOS/ThirdParty/Segger/OS/SEGGER_SYSVIEW_FreeRTOS.o
 .debug_aranges
                0x00000000000003f8       0x68 ./CommonRTOS/ThirdParty/Segger/Recorder/segger_uart.o
 .debug_aranges
                0x0000000000000460      0x138 ./CommonRTOS/ThirdParty/Segger/Segger/SEGGER_RTT.o
 .debug_aranges
                0x0000000000000598       0x20 ./CommonRTOS/ThirdParty/Segger/Segger/SEGGER_RTT_ASM_ARMv7M.o
 .debug_aranges
                0x00000000000005b8      0x2e0 ./CommonRTOS/ThirdParty/Segger/Segger/SEGGER_SYSVIEW.o
 .debug_aranges
                0x0000000000000898       0x50 ./Core/Src/main.o
 .debug_aranges
                0x00000000000008e8       0x20 ./Core/Src/stm32l4xx_hal_msp.o
 .debug_aranges
                0x0000000000000908       0x30 ./Core/Src/stm32l4xx_hal_timebase_tim.o
 .debug_aranges
                0x0000000000000938       0x50 ./Core/Src/stm32l4xx_it.o
 .debug_aranges
                0x0000000000000988       0x28 ./Core/Src/system_stm32l4xx.o
 .debug_aranges
                0x00000000000009b0       0x28 ./Core/Startup/startup_stm32l476rgtx.o
 .debug_aranges
                0x00000000000009d8      0x130 ./Drivers/STM32L4xx_HAL_Driver/Src/stm32l4xx_hal.o
 .debug_aranges
                0x0000000000000b08      0x118 ./Drivers/STM32L4xx_HAL_Driver/Src/stm32l4xx_hal_cortex.o
 .debug_aranges
                0x0000000000000c20       0x58 ./Drivers/STM32L4xx_HAL_Driver/Src/stm32l4xx_hal_gpio.o
 .debug_aranges
                0x0000000000000c78      0x160 ./Drivers/STM32L4xx_HAL_Driver/Src/stm32l4xx_hal_pwr_ex.o
 .debug_aranges
                0x0000000000000dd8       0x90 ./Drivers/STM32L4xx_HAL_Driver/Src/stm32l4xx_hal_rcc.o
 .debug_aranges
                0x0000000000000e68      0x3e0 ./Drivers/STM32L4xx_HAL_Driver/Src/stm32l4xx_hal_tim.o
 .debug_aranges
                0x0000000000001248      0x180 ./Drivers/STM32L4xx_HAL_Driver/Src/stm32l4xx_hal_tim_ex.o

.debug_rnglists
                0x0000000000000000      0xf32
 .debug_rnglists
                0x0000000000000000       0x2b ./CommonRTOS/ThirdParty/FreeRTOS/list.o
 .debug_rnglists
                0x000000000000002b      0x1e5 ./CommonRTOS/ThirdParty/FreeRTOS/tasks.o
 .debug_rnglists
                0x0000000000000210       0x64 ./CommonRTOS/ThirdParty/FreeRTOS/portable/GCC/ARM_CM4F/port.o
 .debug_rnglists
                0x0000000000000274       0x48 ./CommonRTOS/ThirdParty/FreeRTOS/portable/MemMang/heap_4.o
 .debug_rnglists
                0x00000000000002bc       0x19 ./CommonRTOS/ThirdParty/Segger/Config/SEGGER_SYSVIEW_Config_FreeRTOS.o
 .debug_rnglists
                0x00000000000002d5       0x36 ./CommonRTOS/ThirdParty/Segger/OS/SEGGER_SYSVIEW_FreeRTOS.o
 .debug_rnglists
                0x000000000000030b       0x4b ./CommonRTOS/ThirdParty/Segger/Recorder/segger_uart.o
 .debug_rnglists
                0x0000000000000356       0xf5 ./CommonRTOS/ThirdParty/Segger/Segger/SEGGER_RTT.o
 .debug_rnglists
                0x000000000000044b      0x24d ./CommonRTOS/ThirdParty/Segger/Segger/SEGGER_SYSVIEW.o
 .debug_rnglists
                0x0000000000000698       0x3a ./Core/Src/main.o
 .debug_rnglists
                0x00000000000006d2       0x13 ./Core/Src/stm32l4xx_hal_msp.o
 .debug_rnglists
                0x00000000000006e5       0x20 ./Core/Src/stm32l4xx_hal_timebase_tim.o
 .debug_rnglists
                0x0000000000000705       0x37 ./Core/Src/stm32l4xx_it.o
 .debug_rnglists
                0x000000000000073c       0x1a ./Core/Src/system_stm32l4xx.o
 .debug_rnglists
                0x0000000000000756       0x19 ./Core/Startup/startup_stm32l476rgtx.o
 .debug_rnglists
                0x000000000000076f       0xdf ./Drivers/STM32L4xx_HAL_Driver/Src/stm32l4xx_hal.o
 .debug_rnglists
                0x000000000000084e       0xce ./Drivers/STM32L4xx_HAL_Driver/Src/stm32l4xx_hal_cortex.o
 .debug_rnglists
                0x000000000000091c       0x3f ./Drivers/STM32L4xx_HAL_Driver/Src/stm32l4xx_hal_gpio.o
 .debug_rnglists
                0x000000000000095b      0x109 ./Drivers/STM32L4xx_HAL_Driver/Src/stm32l4xx_hal_pwr_ex.o
 .debug_rnglists
                0x0000000000000a64       0x6d ./Drivers/STM32L4xx_HAL_Driver/Src/stm32l4xx_hal_rcc.o
 .debug_rnglists
                0x0000000000000ad1      0x328 ./Drivers/STM32L4xx_HAL_Driver/Src/stm32l4xx_hal_tim.o
 .debug_rnglists
                0x0000000000000df9      0x139 ./Drivers/STM32L4xx_HAL_Driver/Src/stm32l4xx_hal_tim_ex.o

.debug_macro    0x0000000000000000    0x261f6
 .debug_macro   0x0000000000000000      0x1f9 ./CommonRTOS/ThirdParty/FreeRTOS/list.o
 .debug_macro   0x00000000000001f9      0x2df ./CommonRTOS/ThirdParty/FreeRTOS/tasks.o
 .debug_macro   0x00000000000004d8       0x17 ./CommonRTOS/ThirdParty/FreeRTOS/tasks.o
 .debug_macro   0x00000000000004ef      0x208 ./CommonRTOS/ThirdParty/FreeRTOS/portable/GCC/ARM_CM4F/port.o
 .debug_macro   0x00000000000006f7      0x27a ./CommonRTOS/ThirdParty/FreeRTOS/portable/MemMang/heap_4.o
 .debug_macro   0x0000000000000971      0x13c ./CommonRTOS/ThirdParty/Segger/Config/SEGGER_SYSVIEW_Config_FreeRTOS.o
 .debug_macro   0x0000000000000aad      0x208 ./CommonRTOS/ThirdParty/Segger/OS/SEGGER_SYSVIEW_FreeRTOS.o
 .debug_macro   0x0000000000000cb5      0x423 ./CommonRTOS/ThirdParty/Segger/Recorder/segger_uart.o
 .debug_macro   0x00000000000010d8       0x3b ./CommonRTOS/ThirdParty/Segger/Recorder/segger_uart.o
 .debug_macro   0x0000000000001113      0x138 ./CommonRTOS/ThirdParty/Segger/Recorder/segger_uart.o
 .debug_macro   0x000000000000124b       0x2e ./CommonRTOS/ThirdParty/Segger/Recorder/segger_uart.o
 .debug_macro   0x0000000000001279       0x28 ./CommonRTOS/ThirdParty/Segger/Recorder/segger_uart.o
 .debug_macro   0x00000000000012a1       0x1c ./CommonRTOS/ThirdParty/Segger/Recorder/segger_uart.o
 .debug_macro   0x00000000000012bd       0x22 ./CommonRTOS/ThirdParty/Segger/Recorder/segger_uart.o
 .debug_macro   0x00000000000012df       0xfb ./CommonRTOS/ThirdParty/Segger/Recorder/segger_uart.o
 .debug_macro   0x00000000000013da     0x1011 ./CommonRTOS/ThirdParty/Segger/Recorder/segger_uart.o
 .debug_macro   0x00000000000023eb      0x11f ./CommonRTOS/ThirdParty/Segger/Recorder/segger_uart.o
 .debug_macro   0x000000000000250a    0x1a17a ./CommonRTOS/ThirdParty/Segger/Recorder/segger_uart.o
 .debug_macro   0x000000000001c684       0x6d ./CommonRTOS/ThirdParty/Segger/Recorder/segger_uart.o
 .debug_macro   0x000000000001c6f1      0x1a1 ./CommonRTOS/ThirdParty/Segger/Recorder/segger_uart.o
 .debug_macro   0x000000000001c892     0x38e6 ./CommonRTOS/ThirdParty/Segger/Recorder/segger_uart.o
 .debug_macro   0x0000000000020178       0x56 ./CommonRTOS/ThirdParty/Segger/Recorder/segger_uart.o
 .debug_macro   0x00000000000201ce     0x159e ./CommonRTOS/ThirdParty/Segger/Recorder/segger_uart.o
 .debug_macro   0x000000000002176c      0x5a5 ./CommonRTOS/ThirdParty/Segger/Recorder/segger_uart.o
 .debug_macro   0x0000000000021d11      0x1b9 ./CommonRTOS/ThirdParty/Segger/Recorder/segger_uart.o
 .debug_macro   0x0000000000021eca      0x18b ./CommonRTOS/ThirdParty/Segger/Recorder/segger_uart.o
 .debug_macro   0x0000000000022055      0x26b ./CommonRTOS/ThirdParty/Segger/Recorder/segger_uart.o
 .debug_macro   0x00000000000222c0      0x23d ./CommonRTOS/ThirdParty/Segger/Recorder/segger_uart.o
 .debug_macro   0x00000000000224fd      0x241 ./CommonRTOS/ThirdParty/Segger/Recorder/segger_uart.o
 .debug_macro   0x000000000002273e      0x37c ./CommonRTOS/ThirdParty/Segger/Recorder/segger_uart.o
 .debug_macro   0x0000000000022aba       0xd6 ./CommonRTOS/ThirdParty/Segger/Recorder/segger_uart.o
 .debug_macro   0x0000000000022b90      0x122 ./CommonRTOS/ThirdParty/Segger/Recorder/segger_uart.o
 .debug_macro   0x0000000000022cb2      0x3ef ./CommonRTOS/ThirdParty/Segger/Recorder/segger_uart.o
 .debug_macro   0x00000000000230a1      0xa98 ./CommonRTOS/ThirdParty/Segger/Recorder/segger_uart.o
 .debug_macro   0x0000000000023b39      0x1e6 ./CommonRTOS/ThirdParty/Segger/Recorder/segger_uart.o
 .debug_macro   0x0000000000023d1f      0x330 ./CommonRTOS/ThirdParty/Segger/Recorder/segger_uart.o
 .debug_macro   0x000000000002404f      0x1e9 ./CommonRTOS/ThirdParty/Segger/Segger/SEGGER_RTT.o
 .debug_macro   0x0000000000024238       0x35 ./CommonRTOS/ThirdParty/Segger/Segger/SEGGER_RTT.o
 .debug_macro   0x000000000002426d      0x251 ./CommonRTOS/ThirdParty/Segger/Segger/SEGGER_SYSVIEW.o
 .debug_macro   0x00000000000244be      0x220 ./CommonRTOS/ThirdParty/Segger/Segger/SEGGER_SYSVIEW.o
 .debug_macro   0x00000000000246de      0x35c ./Core/Src/main.o
 .debug_macro   0x0000000000024a3a       0x5c ./Core/Src/main.o
 .debug_macro   0x0000000000024a96       0x58 ./Core/Src/main.o
 .debug_macro   0x0000000000024aee      0x181 ./Core/Src/main.o
 .debug_macro   0x0000000000024c6f       0x16 ./Core/Src/main.o
 .debug_macro   0x0000000000024c85       0x16 ./Core/Src/main.o
 .debug_macro   0x0000000000024c9b       0x16 ./Core/Src/main.o
 .debug_macro   0x0000000000024cb1      0x147 ./Core/Src/main.o
 .debug_macro   0x0000000000024df8      0x271 ./Core/Src/stm32l4xx_hal_msp.o
 .debug_macro   0x0000000000025069      0x1ac ./Core/Src/stm32l4xx_hal_timebase_tim.o
 .debug_macro   0x0000000000025215      0x1c5 ./Core/Src/stm32l4xx_it.o
 .debug_macro   0x00000000000253da      0x1ac ./Core/Src/system_stm32l4xx.o
 .debug_macro   0x0000000000025586      0x1fa ./Drivers/STM32L4xx_HAL_Driver/Src/stm32l4xx_hal.o
 .debug_macro   0x0000000000025780      0x1ac ./Drivers/STM32L4xx_HAL_Driver/Src/stm32l4xx_hal_cortex.o
 .debug_macro   0x000000000002592c      0x1b3 ./Drivers/STM32L4xx_HAL_Driver/Src/stm32l4xx_hal_gpio.o
 .debug_macro   0x0000000000025adf      0x1d0 ./Drivers/STM32L4xx_HAL_Driver/Src/stm32l4xx_hal_pwr_ex.o
 .debug_macro   0x0000000000025caf      0x1ee ./Drivers/STM32L4xx_HAL_Driver/Src/stm32l4xx_hal_rcc.o
 .debug_macro   0x0000000000025e9d      0x1ad ./Drivers/STM32L4xx_HAL_Driver/Src/stm32l4xx_hal_tim.o
 .debug_macro   0x000000000002604a      0x1ac ./Drivers/STM32L4xx_HAL_Driver/Src/stm32l4xx_hal_tim_ex.o

.debug_line     0x0000000000000000    0x15cf8
 .debug_line    0x0000000000000000      0x9e8 ./CommonRTOS/ThirdParty/FreeRTOS/list.o
 .debug_line    0x00000000000009e8     0x240b ./CommonRTOS/ThirdParty/FreeRTOS/tasks.o
 .debug_line    0x0000000000002df3      0x9fd ./CommonRTOS/ThirdParty/FreeRTOS/portable/GCC/ARM_CM4F/port.o
 .debug_line    0x00000000000037f0      0xc69 ./CommonRTOS/ThirdParty/FreeRTOS/portable/MemMang/heap_4.o
 .debug_line    0x0000000000004459      0x671 ./CommonRTOS/ThirdParty/Segger/Config/SEGGER_SYSVIEW_Config_FreeRTOS.o
 .debug_line    0x0000000000004aca      0xa7b ./CommonRTOS/ThirdParty/Segger/OS/SEGGER_SYSVIEW_FreeRTOS.o
 .debug_line    0x0000000000005545      0xc98 ./CommonRTOS/ThirdParty/Segger/Recorder/segger_uart.o
 .debug_line    0x00000000000061dd     0x1055 ./CommonRTOS/ThirdParty/Segger/Segger/SEGGER_RTT.o
 .debug_line    0x0000000000007232       0x86 ./CommonRTOS/ThirdParty/Segger/Segger/SEGGER_RTT_ASM_ARMv7M.o
 .debug_line    0x00000000000072b8     0x2500 ./CommonRTOS/ThirdParty/Segger/Segger/SEGGER_SYSVIEW.o
 .debug_line    0x00000000000097b8      0xd17 ./Core/Src/main.o
 .debug_line    0x000000000000a4cf      0x93d ./Core/Src/stm32l4xx_hal_msp.o
 .debug_line    0x000000000000ae0c      0x759 ./Core/Src/stm32l4xx_hal_timebase_tim.o
 .debug_line    0x000000000000b565      0x77d ./Core/Src/stm32l4xx_it.o
 .debug_line    0x000000000000bce2      0x778 ./Core/Src/system_stm32l4xx.o
 .debug_line    0x000000000000c45a       0x7a ./Core/Startup/startup_stm32l476rgtx.o
 .debug_line    0x000000000000c4d4      0xad1 ./Drivers/STM32L4xx_HAL_Driver/Src/stm32l4xx_hal.o
 .debug_line    0x000000000000cfa5      0xc77 ./Drivers/STM32L4xx_HAL_Driver/Src/stm32l4xx_hal_cortex.o
 .debug_line    0x000000000000dc1c      0xb44 ./Drivers/STM32L4xx_HAL_Driver/Src/stm32l4xx_hal_gpio.o
 .debug_line    0x000000000000e760      0xcc8 ./Drivers/STM32L4xx_HAL_Driver/Src/stm32l4xx_hal_pwr_ex.o
 .debug_line    0x000000000000f428      0xf47 ./Drivers/STM32L4xx_HAL_Driver/Src/stm32l4xx_hal_rcc.o
 .debug_line    0x000000000001036f     0x3daa ./Drivers/STM32L4xx_HAL_Driver/Src/stm32l4xx_hal_tim.o
 .debug_line    0x0000000000014119     0x1bdf ./Drivers/STM32L4xx_HAL_Driver/Src/stm32l4xx_hal_tim_ex.o

.debug_str      0x0000000000000000    0xfb321
 .debug_str     0x0000000000000000     0xeec5 ./CommonRTOS/ThirdParty/FreeRTOS/list.o
                                       0xf118 (size before relaxing)
 .debug_str     0x000000000000eec5     0x33e3 ./CommonRTOS/ThirdParty/FreeRTOS/tasks.o
                                      0x125bb (size before relaxing)
 .debug_str     0x00000000000122a8      0x87d ./CommonRTOS/ThirdParty/FreeRTOS/portable/GCC/ARM_CM4F/port.o
                                       0xd9cb (size before relaxing)
 .debug_str     0x0000000000012b25      0x5f7 ./CommonRTOS/ThirdParty/FreeRTOS/portable/MemMang/heap_4.o
                                      0x10942 (size before relaxing)
 .debug_str     0x000000000001311c      0x1f9 ./CommonRTOS/ThirdParty/Segger/Config/SEGGER_SYSVIEW_Config_FreeRTOS.o
                                       0xb493 (size before relaxing)
 .debug_str     0x0000000000013315      0x116 ./CommonRTOS/ThirdParty/Segger/OS/SEGGER_SYSVIEW_FreeRTOS.o
                                      0x103b6 (size before relaxing)
 .debug_str     0x000000000001342b    0xe2df1 ./CommonRTOS/ThirdParty/Segger/Recorder/segger_uart.o
                                      0xebc3c (size before relaxing)
 .debug_str     0x00000000000f621c      0x76e ./CommonRTOS/ThirdParty/Segger/Segger/SEGGER_RTT.o
                                       0x870c (size before relaxing)
 .debug_str     0x00000000000f698a       0x60 ./CommonRTOS/ThirdParty/Segger/Segger/SEGGER_RTT_ASM_ARMv7M.o
                                         0x8a (size before relaxing)
 .debug_str     0x00000000000f69ea      0xef4 ./CommonRTOS/ThirdParty/Segger/Segger/SEGGER_SYSVIEW.o
                                       0xa9b8 (size before relaxing)
 .debug_str     0x00000000000f78de     0x1056 ./Core/Src/main.o
                                      0xf2be5 (size before relaxing)
 .debug_str     0x00000000000f8934       0x2c ./Core/Src/stm32l4xx_hal_msp.o
                                      0xece49 (size before relaxing)
 .debug_str     0x00000000000f8960      0x12f ./Core/Src/stm32l4xx_hal_timebase_tim.o
                                      0xe65cd (size before relaxing)
 .debug_str     0x00000000000f8a8f       0xa5 ./Core/Src/stm32l4xx_it.o
                                      0xe5fbd (size before relaxing)
 .debug_str     0x00000000000f8b34       0x8e ./Core/Src/system_stm32l4xx.o
                                      0xe5b1d (size before relaxing)
 .debug_str     0x00000000000f8bc2       0x28 ./Core/Startup/startup_stm32l476rgtx.o
                                         0x5e (size before relaxing)
 .debug_str     0x00000000000f8bea      0x66d ./Drivers/STM32L4xx_HAL_Driver/Src/stm32l4xx_hal.o
                                      0xe671c (size before relaxing)
 .debug_str     0x00000000000f9257      0x2f6 ./Drivers/STM32L4xx_HAL_Driver/Src/stm32l4xx_hal_cortex.o
                                      0xe6364 (size before relaxing)
 .debug_str     0x00000000000f954d      0x125 ./Drivers/STM32L4xx_HAL_Driver/Src/stm32l4xx_hal_gpio.o
                                      0xe5c96 (size before relaxing)
 .debug_str     0x00000000000f9672      0x4e3 ./Drivers/STM32L4xx_HAL_Driver/Src/stm32l4xx_hal_pwr_ex.o
                                      0xe6078 (size before relaxing)
 .debug_str     0x00000000000f9b55      0x30f ./Drivers/STM32L4xx_HAL_Driver/Src/stm32l4xx_hal_rcc.o
                                      0xe6163 (size before relaxing)
 .debug_str     0x00000000000f9e64      0xeb0 ./Drivers/STM32L4xx_HAL_Driver/Src/stm32l4xx_hal_tim.o
                                      0xe6e5d (size before relaxing)
 .debug_str     0x00000000000fad14      0x60d ./Drivers/STM32L4xx_HAL_Driver/Src/stm32l4xx_hal_tim_ex.o
                                      0xe6771 (size before relaxing)

.debug_frame    0x0000000000000000     0x5238
 .debug_frame   0x0000000000000000       0xd8 ./CommonRTOS/ThirdParty/FreeRTOS/list.o
 .debug_frame   0x00000000000000d8      0xaa0 ./CommonRTOS/ThirdParty/FreeRTOS/tasks.o
 .debug_frame   0x0000000000000b78      0x1d0 ./CommonRTOS/ThirdParty/FreeRTOS/portable/GCC/ARM_CM4F/port.o
 .debug_frame   0x0000000000000d48      0x150 ./CommonRTOS/ThirdParty/FreeRTOS/portable/MemMang/heap_4.o
 .debug_frame   0x0000000000000e98       0x48 ./CommonRTOS/ThirdParty/Segger/Config/SEGGER_SYSVIEW_Config_FreeRTOS.o
 .debug_frame   0x0000000000000ee0      0x104 ./CommonRTOS/ThirdParty/Segger/OS/SEGGER_SYSVIEW_FreeRTOS.o
 .debug_frame   0x0000000000000fe4      0x178 ./CommonRTOS/ThirdParty/Segger/Recorder/segger_uart.o
 .debug_frame   0x000000000000115c      0x52c ./CommonRTOS/ThirdParty/Segger/Segger/SEGGER_RTT.o
 .debug_frame   0x0000000000001688      0xd78 ./CommonRTOS/ThirdParty/Segger/Segger/SEGGER_SYSVIEW.o
 .debug_frame   0x0000000000002400       0xf4 ./Core/Src/main.o
 .debug_frame   0x00000000000024f4       0x34 ./Core/Src/stm32l4xx_hal_msp.o
 .debug_frame   0x0000000000002528       0x74 ./Core/Src/stm32l4xx_hal_timebase_tim.o
 .debug_frame   0x000000000000259c       0xc4 ./Core/Src/stm32l4xx_it.o
 .debug_frame   0x0000000000002660       0x58 ./Core/Src/system_stm32l4xx.o
 .debug_frame   0x00000000000026b8      0x498 ./Drivers/STM32L4xx_HAL_Driver/Src/stm32l4xx_hal.o
 .debug_frame   0x0000000000002b50      0x498 ./Drivers/STM32L4xx_HAL_Driver/Src/stm32l4xx_hal_cortex.o
 .debug_frame   0x0000000000002fe8      0x14c ./Drivers/STM32L4xx_HAL_Driver/Src/stm32l4xx_hal_gpio.o
 .debug_frame   0x0000000000003134      0x584 ./Drivers/STM32L4xx_HAL_Driver/Src/stm32l4xx_hal_pwr_ex.o
 .debug_frame   0x00000000000036b8      0x21c ./Drivers/STM32L4xx_HAL_Driver/Src/stm32l4xx_hal_rcc.o
 .debug_frame   0x00000000000038d4     0x1218 ./Drivers/STM32L4xx_HAL_Driver/Src/stm32l4xx_hal_tim.o
 .debug_frame   0x0000000000004aec      0x6b0 ./Drivers/STM32L4xx_HAL_Driver/Src/stm32l4xx_hal_tim_ex.o
 .debug_frame   0x000000000000519c       0x28 D:/Non-Project/STM CubeIDE/STM32CubeIDE_1.14.0/STM32CubeIDE/plugins/com.st.stm32cube.ide.mcu.externaltools.gnu-tools-for-stm32.11.3.rel1.win32_1.1.100.202309141235/tools/bin/../lib/gcc/arm-none-eabi/11.3.1/../../../../arm-none-eabi/lib/thumb/v7e-m+fp/hard\libc_nano.a(libc_a-memcmp.o)
 .debug_frame   0x00000000000051c4       0x20 D:/Non-Project/STM CubeIDE/STM32CubeIDE_1.14.0/STM32CubeIDE/plugins/com.st.stm32cube.ide.mcu.externaltools.gnu-tools-for-stm32.11.3.rel1.win32_1.1.100.202309141235/tools/bin/../lib/gcc/arm-none-eabi/11.3.1/../../../../arm-none-eabi/lib/thumb/v7e-m+fp/hard\libc_nano.a(libc_a-memset.o)
 .debug_frame   0x00000000000051e4       0x2c D:/Non-Project/STM CubeIDE/STM32CubeIDE_1.14.0/STM32CubeIDE/plugins/com.st.stm32cube.ide.mcu.externaltools.gnu-tools-for-stm32.11.3.rel1.win32_1.1.100.202309141235/tools/bin/../lib/gcc/arm-none-eabi/11.3.1/../../../../arm-none-eabi/lib/thumb/v7e-m+fp/hard\libc_nano.a(libc_a-init.o)
 .debug_frame   0x0000000000005210       0x28 D:/Non-Project/STM CubeIDE/STM32CubeIDE_1.14.0/STM32CubeIDE/plugins/com.st.stm32cube.ide.mcu.externaltools.gnu-tools-for-stm32.11.3.rel1.win32_1.1.100.202309141235/tools/bin/../lib/gcc/arm-none-eabi/11.3.1/../../../../arm-none-eabi/lib/thumb/v7e-m+fp/hard\libc_nano.a(libc_a-memcpy-stub.o)

.debug_line_str
                0x0000000000000000       0xa6
 .debug_line_str
                0x0000000000000000       0x7e ./CommonRTOS/ThirdParty/Segger/Segger/SEGGER_RTT_ASM_ARMv7M.o
                                         0x96 (size before relaxing)
 .debug_line_str
                0x000000000000007e       0x28 ./Core/Startup/startup_stm32l476rgtx.o
                                         0x6a (size before relaxing)
