Archive member included to satisfy reference by file (symbol)

D:/Non-Project/STM CubeIDE/STM32CubeIDE_1.14.0/STM32CubeIDE/plugins/com.st.stm32cube.ide.mcu.externaltools.gnu-tools-for-stm32.11.3.rel1.win32_1.1.100.202309141235/tools/bin/../lib/gcc/arm-none-eabi/11.3.1/../../../../arm-none-eabi/lib/thumb/v7e-m+fp/hard\libc_nano.a(libc_a-exit.o)
                              D:/Non-Project/STM CubeIDE/STM32CubeIDE_1.14.0/STM32CubeIDE/plugins/com.st.stm32cube.ide.mcu.externaltools.gnu-tools-for-stm32.11.3.rel1.win32_1.1.100.202309141235/tools/bin/../lib/gcc/arm-none-eabi/11.3.1/../../../../arm-none-eabi/lib/thumb/v7e-m+fp/hard/crt0.o (exit)
D:/Non-Project/STM CubeIDE/STM32CubeIDE_1.14.0/STM32CubeIDE/plugins/com.st.stm32cube.ide.mcu.externaltools.gnu-tools-for-stm32.11.3.rel1.win32_1.1.100.202309141235/tools/bin/../lib/gcc/arm-none-eabi/11.3.1/../../../../arm-none-eabi/lib/thumb/v7e-m+fp/hard\libc_nano.a(libc_a-findfp.o)
                              D:/Non-Project/STM CubeIDE/STM32CubeIDE_1.14.0/STM32CubeIDE/plugins/com.st.stm32cube.ide.mcu.externaltools.gnu-tools-for-stm32.11.3.rel1.win32_1.1.100.202309141235/tools/bin/../lib/gcc/arm-none-eabi/11.3.1/../../../../arm-none-eabi/lib/thumb/v7e-m+fp/hard\libc_nano.a(libc_a-exit.o) (__stdio_exit_handler)
D:/Non-Project/STM CubeIDE/STM32CubeIDE_1.14.0/STM32CubeIDE/plugins/com.st.stm32cube.ide.mcu.externaltools.gnu-tools-for-stm32.11.3.rel1.win32_1.1.100.202309141235/tools/bin/../lib/gcc/arm-none-eabi/11.3.1/../../../../arm-none-eabi/lib/thumb/v7e-m+fp/hard\libc_nano.a(libc_a-fwalk.o)
                              D:/Non-Project/STM CubeIDE/STM32CubeIDE_1.14.0/STM32CubeIDE/plugins/com.st.stm32cube.ide.mcu.externaltools.gnu-tools-for-stm32.11.3.rel1.win32_1.1.100.202309141235/tools/bin/../lib/gcc/arm-none-eabi/11.3.1/../../../../arm-none-eabi/lib/thumb/v7e-m+fp/hard\libc_nano.a(libc_a-findfp.o) (_fwalk_sglue)
D:/Non-Project/STM CubeIDE/STM32CubeIDE_1.14.0/STM32CubeIDE/plugins/com.st.stm32cube.ide.mcu.externaltools.gnu-tools-for-stm32.11.3.rel1.win32_1.1.100.202309141235/tools/bin/../lib/gcc/arm-none-eabi/11.3.1/../../../../arm-none-eabi/lib/thumb/v7e-m+fp/hard\libc_nano.a(libc_a-stdio.o)
                              D:/Non-Project/STM CubeIDE/STM32CubeIDE_1.14.0/STM32CubeIDE/plugins/com.st.stm32cube.ide.mcu.externaltools.gnu-tools-for-stm32.11.3.rel1.win32_1.1.100.202309141235/tools/bin/../lib/gcc/arm-none-eabi/11.3.1/../../../../arm-none-eabi/lib/thumb/v7e-m+fp/hard\libc_nano.a(libc_a-findfp.o) (__sread)
D:/Non-Project/STM CubeIDE/STM32CubeIDE_1.14.0/STM32CubeIDE/plugins/com.st.stm32cube.ide.mcu.externaltools.gnu-tools-for-stm32.11.3.rel1.win32_1.1.100.202309141235/tools/bin/../lib/gcc/arm-none-eabi/11.3.1/../../../../arm-none-eabi/lib/thumb/v7e-m+fp/hard\libc_nano.a(libc_a-memcmp.o)
                              ./CommonRTOS/ThirdParty/Segger/OS/SEGGER_SYSVIEW_FreeRTOS.o (memcmp)
D:/Non-Project/STM CubeIDE/STM32CubeIDE_1.14.0/STM32CubeIDE/plugins/com.st.stm32cube.ide.mcu.externaltools.gnu-tools-for-stm32.11.3.rel1.win32_1.1.100.202309141235/tools/bin/../lib/gcc/arm-none-eabi/11.3.1/../../../../arm-none-eabi/lib/thumb/v7e-m+fp/hard\libc_nano.a(libc_a-memset.o)
                              D:/Non-Project/STM CubeIDE/STM32CubeIDE_1.14.0/STM32CubeIDE/plugins/com.st.stm32cube.ide.mcu.externaltools.gnu-tools-for-stm32.11.3.rel1.win32_1.1.100.202309141235/tools/bin/../lib/gcc/arm-none-eabi/11.3.1/../../../../arm-none-eabi/lib/thumb/v7e-m+fp/hard/crt0.o (memset)
D:/Non-Project/STM CubeIDE/STM32CubeIDE_1.14.0/STM32CubeIDE/plugins/com.st.stm32cube.ide.mcu.externaltools.gnu-tools-for-stm32.11.3.rel1.win32_1.1.100.202309141235/tools/bin/../lib/gcc/arm-none-eabi/11.3.1/../../../../arm-none-eabi/lib/thumb/v7e-m+fp/hard\libc_nano.a(libc_a-closer.o)
                              D:/Non-Project/STM CubeIDE/STM32CubeIDE_1.14.0/STM32CubeIDE/plugins/com.st.stm32cube.ide.mcu.externaltools.gnu-tools-for-stm32.11.3.rel1.win32_1.1.100.202309141235/tools/bin/../lib/gcc/arm-none-eabi/11.3.1/../../../../arm-none-eabi/lib/thumb/v7e-m+fp/hard\libc_nano.a(libc_a-stdio.o) (_close_r)
D:/Non-Project/STM CubeIDE/STM32CubeIDE_1.14.0/STM32CubeIDE/plugins/com.st.stm32cube.ide.mcu.externaltools.gnu-tools-for-stm32.11.3.rel1.win32_1.1.100.202309141235/tools/bin/../lib/gcc/arm-none-eabi/11.3.1/../../../../arm-none-eabi/lib/thumb/v7e-m+fp/hard\libc_nano.a(libc_a-reent.o)
                              D:/Non-Project/STM CubeIDE/STM32CubeIDE_1.14.0/STM32CubeIDE/plugins/com.st.stm32cube.ide.mcu.externaltools.gnu-tools-for-stm32.11.3.rel1.win32_1.1.100.202309141235/tools/bin/../lib/gcc/arm-none-eabi/11.3.1/../../../../arm-none-eabi/lib/thumb/v7e-m+fp/hard\libc_nano.a(libc_a-closer.o) (errno)
D:/Non-Project/STM CubeIDE/STM32CubeIDE_1.14.0/STM32CubeIDE/plugins/com.st.stm32cube.ide.mcu.externaltools.gnu-tools-for-stm32.11.3.rel1.win32_1.1.100.202309141235/tools/bin/../lib/gcc/arm-none-eabi/11.3.1/../../../../arm-none-eabi/lib/thumb/v7e-m+fp/hard\libc_nano.a(libc_a-impure.o)
[...]
Memory Configuration

Name             Origin             Length             Attributes
RAM              0x0000000020000000 0x0000000000018000 xrw
RAM2             0x0000000010000000 0x0000000000008000 xrw
FLASH            0x0000000008000000 0x0000000000100000 xr
*default*        0x0000000000000000 0xffffffffffffffff

Linker script and memory map

LOAD D:/Non-Project/STM CubeIDE/STM32CubeIDE_1.14.0/STM32CubeIDE/plugins/com.st.stm32cube.ide.mcu.externaltools.gnu-tools-for-stm32.11.3.rel1.win32_1.1.100.202309141235/tools/bin/../lib/gcc/arm-none-eabi/11.3.1/thumb/v7e-m+fp/hard/crti.o
LOAD D:/Non-Project/STM CubeIDE/STM32CubeIDE_1.14.0/STM32CubeIDE/plugins/com.st.stm32cube.ide.mcu.externaltools.gnu-tools-for-stm32.11.3.rel1.win32_1.1.100.202309141235/tools/bin/../lib/gcc/arm-none-eabi/11.3.1/thumb/v7e-m+fp/hard/crtbegin.o
LOAD D:/Non-Project/STM CubeIDE/STM32CubeIDE_1.14.0/STM32CubeIDE/plugins/com.st.stm32cube.ide.mcu.externaltools.gnu-tools-for-stm32.11.3.rel1.win32_1.1.100.202309141235/tools/bin/../lib/gcc/arm-none-eabi/11.3.1/../../../../arm-none-eabi/lib/thumb/v7e-m+fp/hard/crt0.o
LOAD ./CommonRTOS/ThirdParty/FreeRTOS/croutine.o
LOAD ./CommonRTOS/ThirdParty/FreeRTOS/event_groups.o
LOAD ./CommonRTOS/ThirdParty/FreeRTOS/list.o
LOAD ./CommonRTOS/ThirdParty/FreeRTOS/queue.o
LOAD ./CommonRTOS/ThirdParty/FreeRTOS/stream_buffer.o
LOAD ./CommonRTOS/ThirdParty/FreeRTOS/tasks.o
LOAD ./CommonRTOS/ThirdParty/FreeRTOS/timers.o
LOAD ./CommonRTOS/ThirdParty/FreeRTOS/portable/GCC/ARM_CM4F/port.o
LOAD ./CommonRTOS/ThirdParty/FreeRTOS/portable/MemMang/heap_4.o
LOAD ./CommonRTOS/ThirdParty/Segger/Config/SEGGER_SYSVIEW_Config_FreeRTOS.o
LOAD ./CommonRTOS/ThirdParty/Segger/OS/SEGGER_SYSVIEW_FreeRTOS.o
LOAD ./CommonRTOS/ThirdParty/Segger/Recorder/segger_uart.o
LOAD ./CommonRTOS/ThirdParty/Segger/Segger/SEGGER_RTT.o
LOAD ./CommonRTOS/ThirdParty/Segger/Segger/SEGGER_RTT_ASM_ARMv7M.o
LOAD ./CommonRTOS/ThirdParty/Segger/Segger/SEGGER_RTT_printf.o
LOAD ./CommonRTOS/ThirdParty/Segger/Segger/SEGGER_SYSVIEW.o
LOAD ./CommonRTOS/ThirdParty/Segger/Segger/Syscalls/SEGGER_RTT_Syscalls_GCC.o
LOAD ./Core/Src/main.o
LOAD ./Core/Src/stm32l4xx_hal_msp.o
LOAD ./Core/Src/stm32l4xx_hal_timebase_tim.o
LOAD ./Core/Src/stm32l4xx_it.o
LOAD ./Core/Src/syscalls.o
LOAD ./Core/Src/sysmem.o
LOAD ./Core/Src/system_stm32l4xx.o
LOAD ./Core/Startup/startup_stm32l476rgtx.o
LOAD ./Drivers/STM32L4xx_HAL_Driver/Src/stm32l4xx_hal.o
LOAD ./Drivers/STM32L4xx_HAL_Driver/Src/stm32l4xx_hal_cortex.o
LOAD ./Drivers/STM32L4xx_HAL_Driver/Src/stm32l4xx_hal_dma.o
LOAD ./Drivers/STM32L4xx_HAL_Driver/Src/stm32l4xx_hal_dma_ex.o
LOAD ./Drivers/STM32L4xx_HAL_Driver/Src/stm32l4xx_hal_exti.o
LOAD ./Drivers/STM32L4xx_HAL_Driver/Src/stm32l4xx_hal_flash.o
LOAD ./Drivers/STM32L4xx_HAL_Driver/Src/stm32l4xx_hal_flash_ex.o
LOAD ./Drivers/STM32L4xx_HAL_Driver/Src/stm32l4xx_hal_flash_ramfunc.o
LOAD ./Drivers/STM32L4xx_HAL_Driver/Src/stm32l4xx_hal_gpio.o
LOAD ./Drivers/STM32L4xx_HAL_Driver/Src/stm32l4xx_hal_i2c.o
LOAD ./Drivers/STM32L4xx_HAL_Driver/Src/stm32l4xx_hal_i2c_ex.o
LOAD ./Drivers/STM32L4xx_HAL_Driver/Src/stm32l4xx_hal_pwr.o
LOAD ./Drivers/STM32L4xx_HAL_Driver/Src/stm32l4xx_hal_pwr_ex.o
LOAD ./Drivers/STM32L4xx_HAL_Driver/Src/stm32l4xx_hal_rcc.o
LOAD ./Drivers/STM32L4xx_HAL_Driver/Src/stm32l4xx_hal_rcc_ex.o
LOAD ./Drivers/STM32L4xx_HAL_Driver/Src/stm32l4xx_hal_tim.o
LOAD ./Drivers/STM32L4xx_HAL_Driver/Src/stm32l4xx_hal_tim_ex.o
START GROUP
LOAD D:/Non-Project/STM CubeIDE/STM32CubeIDE_1.14.0/STM32CubeIDE/plugins/com.st.stm32cube.ide.mcu.externaltools.gnu-tools-for-stm32.11.3.rel1.win32_1.1.100.202309141235/tools/bin/../lib/gcc/arm-none-eabi/11.3.1/../../../../arm-none-eabi/lib/thumb/v7e-m+fp/hard\libc_nano.a
LOAD D:/Non-Project/STM CubeIDE/STM32CubeIDE_1.14.0/STM32CubeIDE/plugins/com.st.stm32cube.ide.mcu.externaltools.gnu-tools-for-stm32.11.3.rel1.win32_1.1.100.202309141235/tools/bin/../lib/gcc/arm-none-eabi/11.3.1/../../../../arm-none-eabi/lib/thumb/v7e-m+fp/hard\libm.a
END GROUP
START GROUP
LOAD D:/Non-Project/STM CubeIDE/STM32CubeIDE_1.14.0/STM32CubeIDE/plugins/com.st.stm32cube.ide.mcu.externaltools.gnu-tools-for-stm32.11.3.rel1.win32_1.1.100.202309141235/tools/bin/../lib/gcc/arm-none-eabi/11.3.1/thumb/v7e-m+fp/hard\libgcc.a
LOAD D:/Non-Project/STM CubeIDE/STM32CubeIDE_1.14.0/STM32CubeIDE/plugins/com.st.stm32cube.ide.mcu.externaltools.gnu-tools-for-stm32.11.3.rel1.win32_1.1.100.202309141235/tools/bin/../lib/gcc/arm-none-eabi/11.3.1/../../../../arm-none-eabi/lib/thumb/v7e-m+fp/hard\libc_nano.a
END GROUP
START GROUP
LOAD D:/Non-Project/STM CubeIDE/STM32CubeIDE_1.14.0/STM32CubeIDE/plugins/com.st.stm32cube.ide.mcu.externaltools.gnu-tools-for-stm32.11.3.rel1.win32_1.1.100.202309141235/tools/bin/../lib/gcc/arm-none-eabi/11.3.1/thumb/v7e-m+fp/hard\libgcc.a
LOAD D:/Non-Project/STM CubeIDE/STM32CubeIDE_1.14.0/STM32CubeIDE/plugins/com.st.stm32cube.ide.mcu.externaltools.gnu-tools-for-stm32.11.3.rel1.win32_1.1.100.202309141235/tools/bin/../lib/gcc/arm-none-eabi/11.3.1/../../../../arm-none-eabi/lib/thumb/v7e-m+fp/hard\libc_nano.a
LOAD D:/Non-Project/STM CubeIDE/STM32CubeIDE_1.14.0/STM32CubeIDE/plugins/com.st.stm32cube.ide.mcu.externaltools.gnu-tools-for-stm32.11.3.rel1.win32_1.1.100.202309141235/tools/bin/../lib/gcc/arm-none-eabi/11.3.1/../../../../arm-none-eabi/lib/thumb/v7e-m+fp/hard\libnosys.a
END GROUP
START GROUP
LOAD D:/Non-Project/STM CubeIDE/STM32CubeIDE_1.14.0/STM32CubeIDE/plugins/com.st.stm32cube.ide.mcu.externaltools.gnu-tools-for-stm32.11.3.rel1.win32_1.1.100.202309141235/tools/bin/../lib/gcc/arm-none-eabi/11.3.1/thumb/v7e-m+fp/hard\libgcc.a
LOAD D:/Non-Project/STM CubeIDE/STM32CubeIDE_1.14.0/STM32CubeIDE/plugins/com.st.stm32cube.ide.mcu.externaltools.gnu-tools-for-stm32.11.3.rel1.win32_1.1.100.202309141235/tools/bin/../lib/gcc/arm-none-eabi/11.3.1/../../../../arm-none-eabi/lib/thumb/v7e-m+fp/hard\libc_nano.a
LOAD D:/Non-Project/STM CubeIDE/STM32CubeIDE_1.14.0/STM32CubeIDE/plugins/com.st.stm32cube.ide.mcu.externaltools.gnu-tools-for-stm32.11.3.rel1.win32_1.1.100.202309141235/tools/bin/../lib/gcc/arm-none-eabi/11.3.1/../../../../arm-none-eabi/lib/thumb/v7e-m+fp/hard\libnosys.a
END GROUP
LOAD D:/Non-Project/STM CubeIDE/STM32CubeIDE_1.14.0/STM32CubeIDE/plugins/com.st.stm32cube.ide.mcu.externaltools.gnu-tools-for-stm32.11.3.rel1.win32_1.1.100.202309141235/tools/bin/../lib/gcc/arm-none-eabi/11.3.1/thumb/v7e-m+fp/hard/crtend.o
LOAD D:/Non-Project/STM CubeIDE/STM32CubeIDE_1.14.0/STM32CubeIDE/plugins/com.st.stm32cube.ide.mcu.externaltools.gnu-tools-for-stm32.11.3.rel1.win32_1.1.100.202309141235/tools/bin/../lib/gcc/arm-none-eabi/11.3.1/thumb/v7e-m+fp/hard/crtn.o
                0x0000000020018000                _estack = (ORIGIN (RAM) + LENGTH (RAM))
                0x0000000000000200                _Min_Heap_Size = 0x200
                0x0000000000000400                _Min_Stack_Size = 0x400

.isr_vector     0x0000000008000000      0x188
                0x0000000008000000                . = ALIGN (0x4)
 *(.isr_vector)
 .isr_vector    0x0000000008000000      0x188 ./Core/Startup/startup_stm32l476rgtx.o
                0x0000000008000000                g_pfnVectors
                0x0000000008000188                . = ALIGN (0x4)

.text           0x0000000008000190     0x693c
                0x0000000008000190                . = ALIGN (0x4)
 *(.text)
 .text          0x0000000008000190       0x40 D:/Non-Project/STM CubeIDE/STM32CubeIDE_1.14.0/STM32CubeIDE/plugins/com.st.stm32cube.ide.mcu.externaltools.gnu-tools-for-stm32.11.3.rel1.win32_1.1.100.202309141235/tools/bin/../lib/gcc/arm-none-eabi/11.3.1/thumb/v7e-m+fp/hard/crtbegin.o
 .text          0x00000000080001d0       0x94 ./CommonRTOS/ThirdParty/Segger/Segger/SEGGER_RTT_ASM_ARMv7M.o
                0x00000000080001d0                SEGGER_RTT_ASM_WriteSkipNoLock
 *(.text*)
 .text.vListInitialise
                0x0000000008000264       0x40 ./CommonRTOS/ThirdParty/FreeRTOS/list.o
                0x0000000008000264                vListInitialise
 .text.vListInitialiseItem
                0x00000000080002a4       0x1a ./CommonRTOS/ThirdParty/FreeRTOS/list.o
                0x00000000080002a4                vListInitialiseItem
 .text.vListInsertEnd
                0x00000000080002be       0x48 ./CommonRTOS/ThirdParty/FreeRTOS/list.o
                0x00000000080002be                vListInsertEnd
 .text.vListInsert
                0x0000000008000306       0x72 ./CommonRTOS/ThirdParty/FreeRTOS/list.o
                0x0000000008000306                vListInsert
 .text.uxListRemove
                0x0000000008000378       0x54 ./CommonRTOS/ThirdParty/FreeRTOS/list.o
                0x0000000008000378                uxListRemove
 .text.xTaskCreate
                0x00000000080003cc       0x8c ./CommonRTOS/ThirdParty/FreeRTOS/tasks.o
                0x00000000080003cc                xTaskCreate
 .text.prvInitialiseNewTask
                0x0000000008000458      0x11c ./CommonRTOS/ThirdParty/FreeRTOS/tasks.o
 .text.prvAddNewTaskToReadyList
                0x0000000008000574      0x14c ./CommonRTOS/ThirdParty/FreeRTOS/tasks.o
 .text.vTaskDelete
                0x00000000080006c0      0x15c ./CommonRTOS/ThirdParty/FreeRTOS/tasks.o
                0x00000000080006c0                vTaskDelete
 .text.vTaskDelay
                0x000000000800081c       0x70 ./CommonRTOS/ThirdParty/FreeRTOS/tasks.o
                0x000000000800081c                vTaskDelay
 .text.vTaskStartScheduler
                0x000000000800088c       0xb8 ./CommonRTOS/ThirdParty/FreeRTOS/tasks.o
                0x000000000800088c                vTaskStartScheduler
 .text.vTaskSuspendAll
                0x0000000008000944       0x1c ./CommonRTOS/ThirdParty/FreeRTOS/tasks.o
                0x0000000008000944                vTaskSuspendAll
 .text.xTaskResumeAll
                0x0000000008000960      0x1e4 ./CommonRTOS/ThirdParty/FreeRTOS/tasks.o
                0x0000000008000960                xTaskResumeAll
 .text.xTaskGetTickCountFromISR
                0x0000000008000b44       0x24 ./CommonRTOS/ThirdParty/FreeRTOS/tasks.o
                0x0000000008000b44                xTaskGetTickCountFromISR
 .text.xTaskIncrementTick
                0x0000000008000b68      0x1f0 ./CommonRTOS/ThirdParty/FreeRTOS/tasks.o
                0x0000000008000b68                xTaskIncrementTick
 .text.vTaskSwitchContext
                0x0000000008000d58      0x108 ./CommonRTOS/ThirdParty/FreeRTOS/tasks.o
                0x0000000008000d58                vTaskSwitchContext
 .text.prvIdleTask
                0x0000000008000e60       0x24 ./CommonRTOS/ThirdParty/FreeRTOS/tasks.o
 .text.prvInitialiseTaskLists
                0x0000000008000e84       0x80 ./CommonRTOS/ThirdParty/FreeRTOS/tasks.o
 .text.prvCheckTasksWaitingTermination
                0x0000000008000f04       0x5c ./CommonRTOS/ThirdParty/FreeRTOS/tasks.o
 .text.prvTaskCheckFreeStackSpace
                0x0000000008000f60       0x38 ./CommonRTOS/ThirdParty/FreeRTOS/tasks.o
 .text.uxTaskGetStackHighWaterMark
                0x0000000008000f98       0x38 ./CommonRTOS/ThirdParty/FreeRTOS/tasks.o
                0x0000000008000f98                uxTaskGetStackHighWaterMark
 .text.prvDeleteTCB
                0x0000000008000fd0       0x20 ./CommonRTOS/ThirdParty/FreeRTOS/tasks.o
 .text.prvResetNextTaskUnblockTime
                0x0000000008000ff0       0x38 ./CommonRTOS/ThirdParty/FreeRTOS/tasks.o
 .text.xTaskGenericNotifyWait
                0x0000000008001028      0x110 ./CommonRTOS/ThirdParty/FreeRTOS/tasks.o
                0x0000000008001028                xTaskGenericNotifyWait
 .text.xTaskGenericNotify
                0x0000000008001138      0x248 ./CommonRTOS/ThirdParty/FreeRTOS/tasks.o
                0x0000000008001138                xTaskGenericNotify
 .text.xTaskGenericNotifyFromISR
                0x0000000008001380      0x2dc ./CommonRTOS/ThirdParty/FreeRTOS/tasks.o
                0x0000000008001380                xTaskGenericNotifyFromISR
 .text.prvAddCurrentTaskToDelayedList
                0x000000000800165c      0x108 ./CommonRTOS/ThirdParty/FreeRTOS/tasks.o
 .text.pxPortInitialiseStack
                0x0000000008001764       0x68 ./CommonRTOS/ThirdParty/FreeRTOS/portable/GCC/ARM_CM4F/port.o
                0x0000000008001764                pxPortInitialiseStack
 .text.prvTaskExitError
                0x00000000080017cc       0x58 ./CommonRTOS/ThirdParty/FreeRTOS/portable/GCC/ARM_CM4F/port.o
 *fill*         0x0000000008001824        0xc 
 .text.SVC_Handler
                0x0000000008001830       0x28 ./CommonRTOS/ThirdParty/FreeRTOS/portable/GCC/ARM_CM4F/port.o
                0x0000000008001830                SVC_Handler
 .text.prvPortStartFirstTask
                0x0000000008001858       0x2c ./CommonRTOS/ThirdParty/FreeRTOS/portable/GCC/ARM_CM4F/port.o
 .text.xPortStartScheduler
                0x0000000008001884      0x144 ./CommonRTOS/ThirdParty/FreeRTOS/portable/GCC/ARM_CM4F/port.o
                0x0000000008001884                xPortStartScheduler
 .text.vInitPrioGroupValue
                0x00000000080019c8       0xfc ./CommonRTOS/ThirdParty/FreeRTOS/portable/GCC/ARM_CM4F/port.o
                0x00000000080019c8                vInitPrioGroupValue
 .text.vPortEnterCritical
                0x0000000008001ac4       0x60 ./CommonRTOS/ThirdParty/FreeRTOS/portable/GCC/ARM_CM4F/port.o
                0x0000000008001ac4                vPortEnterCritical
 .text.vPortExitCritical
                0x0000000008001b24       0x54 ./CommonRTOS/ThirdParty/FreeRTOS/portable/GCC/ARM_CM4F/port.o
                0x0000000008001b24                vPortExitCritical
 *fill*         0x0000000008001b78        0x8 
 .text.PendSV_Handler
                0x0000000008001b80       0x68 ./CommonRTOS/ThirdParty/FreeRTOS/portable/GCC/ARM_CM4F/port.o
                0x0000000008001b80                PendSV_Handler
 .text.SysTick_Handler
                0x0000000008001be8       0x54 ./CommonRTOS/ThirdParty/FreeRTOS/portable/GCC/ARM_CM4F/port.o
                0x0000000008001be8                SysTick_Handler
 .text.vPortSetupTimerInterrupt
                0x0000000008001c3c       0x48 ./CommonRTOS/ThirdParty/FreeRTOS/portable/GCC/ARM_CM4F/port.o
                0x0000000008001c3c                vPortSetupTimerInterrupt
 .text.vPortEnableVFP
                0x0000000008001c84       0x18 ./CommonRTOS/ThirdParty/FreeRTOS/portable/GCC/ARM_CM4F/port.o
 .text.vPortValidateInterruptPriority
                0x0000000008001c9c       0x80 ./CommonRTOS/ThirdParty/FreeRTOS/portable/GCC/ARM_CM4F/port.o
                0x0000000008001c9c                vPortValidateInterruptPriority
 .text.pvPortMalloc
                0x0000000008001d1c      0x174 ./CommonRTOS/ThirdParty/FreeRTOS/portable/MemMang/heap_4.o
                0x0000000008001d1c                pvPortMalloc
 .text.vPortFree
                0x0000000008001e90       0xb8 ./CommonRTOS/ThirdParty/FreeRTOS/portable/MemMang/heap_4.o
                0x0000000008001e90                vPortFree
 .text.prvHeapInit
                0x0000000008001f48       0xb8 ./CommonRTOS/ThirdParty/FreeRTOS/portable/MemMang/heap_4.o
 .text.prvInsertBlockIntoFreeList
                0x0000000008002000       0xb4 ./CommonRTOS/ThirdParty/FreeRTOS/portable/MemMang/heap_4.o
 .text._cbSendSystemDesc
                0x00000000080020b4       0x1c ./CommonRTOS/ThirdParty/Segger/Config/SEGGER_SYSVIEW_Config_FreeRTOS.o
 .text.SEGGER_SYSVIEW_Conf
                0x00000000080020d0       0x2c ./CommonRTOS/ThirdParty/Segger/Config/SEGGER_SYSVIEW_Config_FreeRTOS.o
                0x00000000080020d0                SEGGER_SYSVIEW_Conf
 .text._cbSendTaskList
                0x00000000080020fc       0xbc ./CommonRTOS/ThirdParty/Segger/OS/SEGGER_SYSVIEW_FreeRTOS.o
 .text._cbGetTime
                0x00000000080021b8       0x86 ./CommonRTOS/ThirdParty/Segger/OS/SEGGER_SYSVIEW_FreeRTOS.o
 *fill*         0x000000000800223e        0x2 
 .text.SYSVIEW_AddTask
                0x0000000008002240       0xd0 ./CommonRTOS/ThirdParty/Segger/OS/SEGGER_SYSVIEW_FreeRTOS.o
                0x0000000008002240                SYSVIEW_AddTask
 .text.SYSVIEW_DeleteTask
                0x0000000008002310      0x178 ./CommonRTOS/ThirdParty/Segger/OS/SEGGER_SYSVIEW_FreeRTOS.o
                0x0000000008002310                SYSVIEW_DeleteTask
 .text.SYSVIEW_SendTaskInfo
                0x0000000008002488       0x42 ./CommonRTOS/ThirdParty/Segger/OS/SEGGER_SYSVIEW_FreeRTOS.o
                0x0000000008002488                SYSVIEW_SendTaskInfo
 *fill*         0x00000000080024ca        0x2 
 .text.__NVIC_EnableIRQ
                0x00000000080024cc       0x3c ./CommonRTOS/ThirdParty/Segger/Recorder/segger_uart.o
 .text.__NVIC_SetPriority
                0x0000000008002508       0x54 ./CommonRTOS/ThirdParty/Segger/Recorder/segger_uart.o
 .text._StartSysView
                0x000000000800255c       0x1e ./CommonRTOS/ThirdParty/Segger/Recorder/segger_uart.o
 *fill*         0x000000000800257a        0x2 
 .text._cbOnUARTRx
                0x000000000800257c       0x40 ./CommonRTOS/ThirdParty/Segger/Recorder/segger_uart.o
 .text._cbOnUARTTx
                0x00000000080025bc       0x64 ./CommonRTOS/ThirdParty/Segger/Recorder/segger_uart.o
 .text.SEGGER_UART_init
                0x0000000008002620       0x24 ./CommonRTOS/ThirdParty/Segger/Recorder/segger_uart.o
                0x0000000008002620                SEGGER_UART_init
 .text.USART2_IRQHandler
                0x0000000008002644       0x98 ./CommonRTOS/ThirdParty/Segger/Recorder/segger_uart.o
                0x0000000008002644                USART2_IRQHandler
 .text.HIF_UART_EnableTXEInterrupt
                0x00000000080026dc       0x20 ./CommonRTOS/ThirdParty/Segger/Recorder/segger_uart.o
                0x00000000080026dc                HIF_UART_EnableTXEInterrupt
 .text.HIF_UART_Init
                0x00000000080026fc       0xd4 ./CommonRTOS/ThirdParty/Segger/Recorder/segger_uart.o
                0x00000000080026fc                HIF_UART_Init
 .text._DoInit  0x00000000080027d0       0xb4 ./CommonRTOS/ThirdParty/Segger/Segger/SEGGER_RTT.o
 .text._WriteBlocking
                0x0000000008002884       0xba ./CommonRTOS/ThirdParty/Segger/Segger/SEGGER_RTT.o
 .text._WriteNoCheck
                0x000000000800293e       0x90 ./CommonRTOS/ThirdParty/Segger/Segger/SEGGER_RTT.o
 .text._GetAvailWriteSpace
                0x00000000080029ce       0x46 ./CommonRTOS/ThirdParty/Segger/Segger/SEGGER_RTT.o
 .text.SEGGER_RTT_ReadUpBufferNoLock
                0x0000000008002a14      0x10c ./CommonRTOS/ThirdParty/Segger/Segger/SEGGER_RTT.o
                0x0000000008002a14                SEGGER_RTT_ReadUpBufferNoLock
 .text.SEGGER_RTT_ReadNoLock
                0x0000000008002b20      0x10c ./CommonRTOS/ThirdParty/Segger/Segger/SEGGER_RTT.o
                0x0000000008002b20                SEGGER_RTT_ReadNoLock
 .text.SEGGER_RTT_WriteDownBufferNoLock
                0x0000000008002c2c       0xa0 ./CommonRTOS/ThirdParty/Segger/Segger/SEGGER_RTT.o
                0x0000000008002c2c                SEGGER_RTT_WriteDownBufferNoLock
 .text.SEGGER_RTT_WriteDownBuffer
                0x0000000008002ccc       0x4c ./CommonRTOS/ThirdParty/Segger/Segger/SEGGER_RTT.o
                0x0000000008002ccc                SEGGER_RTT_WriteDownBuffer
 .text.SEGGER_RTT_AllocUpBuffer
                0x0000000008002d18      0x108 ./CommonRTOS/ThirdParty/Segger/Segger/SEGGER_RTT.o
                0x0000000008002d18                SEGGER_RTT_AllocUpBuffer
 .text.SEGGER_RTT_ConfigDownBuffer
                0x0000000008002e20       0x98 ./CommonRTOS/ThirdParty/Segger/Segger/SEGGER_RTT.o
                0x0000000008002e20                SEGGER_RTT_ConfigDownBuffer
 .text._EncodeStr
                0x0000000008002eb8       0x60 ./CommonRTOS/ThirdParty/Segger/Segger/SEGGER_SYSVIEW.o
 .text._PreparePacket
                0x0000000008002f18       0x18 ./CommonRTOS/ThirdParty/Segger/Segger/SEGGER_SYSVIEW.o
 .text._HandleIncomingPacket
                0x0000000008002f30       0xdc ./CommonRTOS/ThirdParty/Segger/Segger/SEGGER_SYSVIEW.o
 .text._TrySendOverflowPacket
                0x000000000800300c       0xe8 ./CommonRTOS/ThirdParty/Segger/Segger/SEGGER_SYSVIEW.o
 .text._SendPacket
                0x00000000080030f4      0x2e0 ./CommonRTOS/ThirdParty/Segger/Segger/SEGGER_SYSVIEW.o
 .text._StoreChar
                0x00000000080033d4       0xf6 ./CommonRTOS/ThirdParty/Segger/Segger/SEGGER_SYSVIEW.o
 *fill*         0x00000000080034ca        0x2 
 .text._PrintUnsigned
                0x00000000080034cc      0x12c ./CommonRTOS/ThirdParty/Segger/Segger/SEGGER_SYSVIEW.o
 .text._PrintInt
                0x00000000080035f8      0x11e ./CommonRTOS/ThirdParty/Segger/Segger/SEGGER_SYSVIEW.o
 *fill*         0x0000000008003716        0x2 
 .text._VPrintTarget
                0x0000000008003718      0x440 ./CommonRTOS/ThirdParty/Segger/Segger/SEGGER_SYSVIEW.o
 .text.SEGGER_SYSVIEW_Init
                0x0000000008003b58       0x88 ./CommonRTOS/ThirdParty/Segger/Segger/SEGGER_SYSVIEW.o
                0x0000000008003b58                SEGGER_SYSVIEW_Init
 .text.SEGGER_SYSVIEW_SetRAMBase
                0x0000000008003be0       0x20 ./CommonRTOS/ThirdParty/Segger/Segger/SEGGER_SYSVIEW.o
                0x0000000008003be0                SEGGER_SYSVIEW_SetRAMBase
 .text.SEGGER_SYSVIEW_RecordVoid
                0x0000000008003c00       0x3c ./CommonRTOS/ThirdParty/Segger/Segger/SEGGER_SYSVIEW.o
                0x0000000008003c00                SEGGER_SYSVIEW_RecordVoid
 .text.SEGGER_SYSVIEW_RecordU32
                0x0000000008003c3c       0x78 ./CommonRTOS/ThirdParty/Segger/Segger/SEGGER_SYSVIEW.o
                0x0000000008003c3c                SEGGER_SYSVIEW_RecordU32
 .text.SEGGER_SYSVIEW_RecordU32x2
                0x0000000008003cb4       0xb4 ./CommonRTOS/ThirdParty/Segger/Segger/SEGGER_SYSVIEW.o
                0x0000000008003cb4                SEGGER_SYSVIEW_RecordU32x2
 .text.SEGGER_SYSVIEW_RecordU32x4
                0x0000000008003d68      0x124 ./CommonRTOS/ThirdParty/Segger/Segger/SEGGER_SYSVIEW.o
                0x0000000008003d68                SEGGER_SYSVIEW_RecordU32x4
 .text.SEGGER_SYSVIEW_RecordU32x5
                0x0000000008003e8c      0x15c ./CommonRTOS/ThirdParty/Segger/Segger/SEGGER_SYSVIEW.o
                0x0000000008003e8c                SEGGER_SYSVIEW_RecordU32x5
 .text.SEGGER_SYSVIEW_Start
                0x0000000008003fe8      0x178 ./CommonRTOS/ThirdParty/Segger/Segger/SEGGER_SYSVIEW.o
                0x0000000008003fe8                SEGGER_SYSVIEW_Start
 .text.SEGGER_SYSVIEW_Stop
                0x0000000008004160       0x4c ./CommonRTOS/ThirdParty/Segger/Segger/SEGGER_SYSVIEW.o
                0x0000000008004160                SEGGER_SYSVIEW_Stop
 .text.SEGGER_SYSVIEW_GetSysDesc
                0x00000000080041ac      0x134 ./CommonRTOS/ThirdParty/Segger/Segger/SEGGER_SYSVIEW.o
                0x00000000080041ac                SEGGER_SYSVIEW_GetSysDesc
 .text.SEGGER_SYSVIEW_SendTaskInfo
                0x00000000080042e0      0x1c8 ./CommonRTOS/ThirdParty/Segger/Segger/SEGGER_SYSVIEW.o
                0x00000000080042e0                SEGGER_SYSVIEW_SendTaskInfo
 .text.SEGGER_SYSVIEW_SendTaskList
                0x00000000080044a8       0x28 ./CommonRTOS/ThirdParty/Segger/Segger/SEGGER_SYSVIEW.o
                0x00000000080044a8                SEGGER_SYSVIEW_SendTaskList
 .text.SEGGER_SYSVIEW_SendSysDesc
                0x00000000080044d0       0x48 ./CommonRTOS/ThirdParty/Segger/Segger/SEGGER_SYSVIEW.o
                0x00000000080044d0                SEGGER_SYSVIEW_SendSysDesc
 .text.SEGGER_SYSVIEW_RecordSystime
                0x0000000008004518       0x64 ./CommonRTOS/ThirdParty/Segger/Segger/SEGGER_SYSVIEW.o
                0x0000000008004518                SEGGER_SYSVIEW_RecordSystime
 .text.SEGGER_SYSVIEW_RecordEnterISR
                0x000000000800457c       0x84 ./CommonRTOS/ThirdParty/Segger/Segger/SEGGER_SYSVIEW.o
                0x000000000800457c                SEGGER_SYSVIEW_RecordEnterISR
 .text.SEGGER_SYSVIEW_RecordExitISR
                0x0000000008004600       0x38 ./CommonRTOS/ThirdParty/Segger/Segger/SEGGER_SYSVIEW.o
                0x0000000008004600                SEGGER_SYSVIEW_RecordExitISR
 .text.SEGGER_SYSVIEW_RecordExitISRToScheduler
                0x0000000008004638       0x38 ./CommonRTOS/ThirdParty/Segger/Segger/SEGGER_SYSVIEW.o
                0x0000000008004638                SEGGER_SYSVIEW_RecordExitISRToScheduler
 .text.SEGGER_SYSVIEW_OnIdle
                0x0000000008004670       0x38 ./CommonRTOS/ThirdParty/Segger/Segger/SEGGER_SYSVIEW.o
                0x0000000008004670                SEGGER_SYSVIEW_OnIdle
 .text.SEGGER_SYSVIEW_OnTaskCreate
                0x00000000080046a8       0x84 ./CommonRTOS/ThirdParty/Segger/Segger/SEGGER_SYSVIEW.o
                0x00000000080046a8                SEGGER_SYSVIEW_OnTaskCreate
 .text.SEGGER_SYSVIEW_OnTaskStartExec
                0x000000000800472c       0x84 ./CommonRTOS/ThirdParty/Segger/Segger/SEGGER_SYSVIEW.o
                0x000000000800472c                SEGGER_SYSVIEW_OnTaskStartExec
 .text.SEGGER_SYSVIEW_OnTaskStartReady
                0x00000000080047b0       0x84 ./CommonRTOS/ThirdParty/Segger/Segger/SEGGER_SYSVIEW.o
                0x00000000080047b0                SEGGER_SYSVIEW_OnTaskStartReady
 .text.SEGGER_SYSVIEW_ShrinkId
                0x0000000008004834       0x20 ./CommonRTOS/ThirdParty/Segger/Segger/SEGGER_SYSVIEW.o
                0x0000000008004834                SEGGER_SYSVIEW_ShrinkId
 .text.SEGGER_SYSVIEW_SendModule
                0x0000000008004854      0x114 ./CommonRTOS/ThirdParty/Segger/Segger/SEGGER_SYSVIEW.o
                0x0000000008004854                SEGGER_SYSVIEW_SendModule
 .text.SEGGER_SYSVIEW_SendModuleDescription
                0x0000000008004968       0x3c ./CommonRTOS/ThirdParty/Segger/Segger/SEGGER_SYSVIEW.o
                0x0000000008004968                SEGGER_SYSVIEW_SendModuleDescription
 .text.SEGGER_SYSVIEW_SendNumModules
                0x00000000080049a4       0x7c ./CommonRTOS/ThirdParty/Segger/Segger/SEGGER_SYSVIEW.o
                0x00000000080049a4                SEGGER_SYSVIEW_SendNumModules
 .text.SEGGER_SYSVIEW_PrintfTarget
                0x0000000008004a20       0x28 ./CommonRTOS/ThirdParty/Segger/Segger/SEGGER_SYSVIEW.o
                0x0000000008004a20                SEGGER_SYSVIEW_PrintfTarget
 .text.SEGGER_SYSVIEW_Warn
                0x0000000008004a48       0xb8 ./CommonRTOS/ThirdParty/Segger/Segger/SEGGER_SYSVIEW.o
                0x0000000008004a48                SEGGER_SYSVIEW_Warn
 .text.SEGGER_SYSVIEW_IsStarted
                0x0000000008004b00       0x5c ./CommonRTOS/ThirdParty/Segger/Segger/SEGGER_SYSVIEW.o
                0x0000000008004b00                SEGGER_SYSVIEW_IsStarted
 .text.main     0x0000000008004b5c       0xfc ./Core/Src/main.o
                0x0000000008004b5c                main
 .text.SystemClock_Config
                0x0000000008004c58       0xa2 ./Core/Src/main.o
                0x0000000008004c58                SystemClock_Config
 *fill*         0x0000000008004cfa        0x2 
 .text.MX_GPIO_Init
                0x0000000008004cfc      0x100 ./Core/Src/main.o
 .text.LED_On_handler
                0x0000000008004dfc       0x60 ./Core/Src/main.o
 .text.LED_Off_handler
                0x0000000008004e5c       0x74 ./Core/Src/main.o
 .text.Button_handler
                0x0000000008004ed0       0x4c ./Core/Src/main.o
 .text.HAL_TIM_PeriodElapsedCallback
                0x0000000008004f1c       0x24 ./Core/Src/main.o
                0x0000000008004f1c                HAL_TIM_PeriodElapsedCallback
 .text.Error_Handler
                0x0000000008004f40        0xa ./Core/Src/main.o
                0x0000000008004f40                Error_Handler
 *fill*         0x0000000008004f4a        0x2 
 .text.HAL_MspInit
                0x0000000008004f4c       0x48 ./Core/Src/stm32l4xx_hal_msp.o
                0x0000000008004f4c                HAL_MspInit
 .text.HAL_InitTick
                0x0000000008004f94       0xf4 ./Core/Src/stm32l4xx_hal_timebase_tim.o
                0x0000000008004f94                HAL_InitTick
 .text.NMI_Handler
                0x0000000008005088        0x6 ./Core/Src/stm32l4xx_it.o
                0x0000000008005088                NMI_Handler
 .text.HardFault_Handler
                0x000000000800508e        0x6 ./Core/Src/stm32l4xx_it.o
                0x000000000800508e                HardFault_Handler
 .text.MemManage_Handler
                0x0000000008005094        0x6 ./Core/Src/stm32l4xx_it.o
                0x0000000008005094                MemManage_Handler
 .text.BusFault_Handler
                0x000000000800509a        0x6 ./Core/Src/stm32l4xx_it.o
                0x000000000800509a                BusFault_Handler
 .text.UsageFault_Handler
                0x00000000080050a0        0x6 ./Core/Src/stm32l4xx_it.o
                0x00000000080050a0                UsageFault_Handler
 .text.DebugMon_Handler
                0x00000000080050a6        0xe ./Core/Src/stm32l4xx_it.o
                0x00000000080050a6                DebugMon_Handler
 .text.EXTI15_10_IRQHandler
                0x00000000080050b4       0x38 ./Core/Src/stm32l4xx_it.o
                0x00000000080050b4                EXTI15_10_IRQHandler
 .text.TIM6_DAC_IRQHandler
                0x00000000080050ec       0x14 ./Core/Src/stm32l4xx_it.o
                0x00000000080050ec                TIM6_DAC_IRQHandler
 .text.SystemInit
                0x0000000008005100       0x24 ./Core/Src/system_stm32l4xx.o
                0x0000000008005100                SystemInit
 .text.Reset_Handler
                0x0000000008005124       0x50 ./Core/Startup/startup_stm32l476rgtx.o
                0x0000000008005124                Reset_Handler
 .text.Default_Handler
                0x0000000008005174        0x2 ./Core/Startup/startup_stm32l476rgtx.o
                0x0000000008005174                RTC_Alarm_IRQHandler
                0x0000000008005174                EXTI2_IRQHandler
                0x0000000008005174                TIM8_TRG_COM_IRQHandler
                0x0000000008005174                TIM8_CC_IRQHandler
                0x0000000008005174                TIM1_CC_IRQHandler
                0x0000000008005174                TSC_IRQHandler
                0x0000000008005174                TAMP_STAMP_IRQHandler
                0x0000000008005174                EXTI3_IRQHandler
                0x0000000008005174                LPTIM2_IRQHandler
                0x0000000008005174                DFSDM1_FLT1_IRQHandler
                0x0000000008005174                I2C3_ER_IRQHandler
                0x0000000008005174                DFSDM1_FLT2_IRQHandler
                0x0000000008005174                EXTI0_IRQHandler
                0x0000000008005174                I2C2_EV_IRQHandler
                0x0000000008005174                CAN1_RX0_IRQHandler
                0x0000000008005174                FPU_IRQHandler
                0x0000000008005174                TIM1_UP_TIM16_IRQHandler
                0x0000000008005174                ADC1_2_IRQHandler
                0x0000000008005174                SPI1_IRQHandler
                0x0000000008005174                TIM8_UP_IRQHandler
                0x0000000008005174                DMA2_Channel2_IRQHandler
                0x0000000008005174                DMA1_Channel4_IRQHandler
                0x0000000008005174                SAI2_IRQHandler
                0x0000000008005174                DFSDM1_FLT3_IRQHandler
                0x0000000008005174                USART3_IRQHandler
                0x0000000008005174                DMA1_Channel7_IRQHandler
                0x0000000008005174                CAN1_RX1_IRQHandler
                0x0000000008005174                LCD_IRQHandler
                0x0000000008005174                UART5_IRQHandler
                0x0000000008005174                ADC3_IRQHandler
                0x0000000008005174                TIM4_IRQHandler
                0x0000000008005174                DMA2_Channel1_IRQHandler
                0x0000000008005174                QUADSPI_IRQHandler
                0x0000000008005174                I2C1_EV_IRQHandler
                0x0000000008005174                DMA1_Channel6_IRQHandler
                0x0000000008005174                UART4_IRQHandler
                0x0000000008005174                DMA2_Channel4_IRQHandler
                0x0000000008005174                TIM3_IRQHandler
                0x0000000008005174                RCC_IRQHandler
                0x0000000008005174                DMA1_Channel1_IRQHandler
                0x0000000008005174                Default_Handler
                0x0000000008005174                DMA2_Channel7_IRQHandler
                0x0000000008005174                TIM7_IRQHandler
                0x0000000008005174                SDMMC1_IRQHandler
                0x0000000008005174                TIM5_IRQHandler
                0x0000000008005174                I2C3_EV_IRQHandler
                0x0000000008005174                EXTI9_5_IRQHandler
                0x0000000008005174                RTC_WKUP_IRQHandler
                0x0000000008005174                PVD_PVM_IRQHandler
                0x0000000008005174                SPI2_IRQHandler
                0x0000000008005174                CAN1_TX_IRQHandler
                0x0000000008005174                DMA2_Channel5_IRQHandler
                0x0000000008005174                DMA1_Channel5_IRQHandler
                0x0000000008005174                EXTI4_IRQHandler
                0x0000000008005174                RNG_IRQHandler
                0x0000000008005174                TIM1_TRG_COM_TIM17_IRQHandler
                0x0000000008005174                DMA1_Channel3_IRQHandler
                0x0000000008005174                COMP_IRQHandler
                0x0000000008005174                WWDG_IRQHandler
                0x0000000008005174                LPUART1_IRQHandler
                0x0000000008005174                DMA2_Channel6_IRQHandler
                0x0000000008005174                TIM2_IRQHandler
                0x0000000008005174                EXTI1_IRQHandler
                0x0000000008005174                DFSDM1_FLT0_IRQHandler
                0x0000000008005174                I2C2_ER_IRQHandler
                0x0000000008005174                DMA1_Channel2_IRQHandler
                0x0000000008005174                TIM8_BRK_IRQHandler
                0x0000000008005174                CAN1_SCE_IRQHandler
                0x0000000008005174                FLASH_IRQHandler
                0x0000000008005174                USART1_IRQHandler
                0x0000000008005174                OTG_FS_IRQHandler
                0x0000000008005174                SPI3_IRQHandler
                0x0000000008005174                I2C1_ER_IRQHandler
                0x0000000008005174                FMC_IRQHandler
                0x0000000008005174                SWPMI1_IRQHandler
                0x0000000008005174                LPTIM1_IRQHandler
                0x0000000008005174                SAI1_IRQHandler
                0x0000000008005174                DMA2_Channel3_IRQHandler
                0x0000000008005174                TIM1_BRK_TIM15_IRQHandler
 *fill*         0x0000000008005176        0x2 
 .text.HAL_Init
                0x0000000008005178       0x40 ./Drivers/STM32L4xx_HAL_Driver/Src/stm32l4xx_hal.o
                0x0000000008005178                HAL_Init
 .text.HAL_IncTick
                0x00000000080051b8       0x28 ./Drivers/STM32L4xx_HAL_Driver/Src/stm32l4xx_hal.o
                0x00000000080051b8                HAL_IncTick
 .text.HAL_GetTick
                0x00000000080051e0       0x18 ./Drivers/STM32L4xx_HAL_Driver/Src/stm32l4xx_hal.o
                0x00000000080051e0                HAL_GetTick
 .text.__NVIC_SetPriorityGrouping
                0x00000000080051f8       0x48 ./Drivers/STM32L4xx_HAL_Driver/Src/stm32l4xx_hal_cortex.o
 .text.__NVIC_GetPriorityGrouping
                0x0000000008005240       0x1c ./Drivers/STM32L4xx_HAL_Driver/Src/stm32l4xx_hal_cortex.o
 .text.__NVIC_EnableIRQ
                0x000000000800525c       0x3c ./Drivers/STM32L4xx_HAL_Driver/Src/stm32l4xx_hal_cortex.o
 .text.__NVIC_SetPriority
                0x0000000008005298       0x54 ./Drivers/STM32L4xx_HAL_Driver/Src/stm32l4xx_hal_cortex.o
 .text.NVIC_EncodePriority
                0x00000000080052ec       0x66 ./Drivers/STM32L4xx_HAL_Driver/Src/stm32l4xx_hal_cortex.o
 .text.HAL_NVIC_SetPriorityGrouping
                0x0000000008005352       0x16 ./Drivers/STM32L4xx_HAL_Driver/Src/stm32l4xx_hal_cortex.o
                0x0000000008005352                HAL_NVIC_SetPriorityGrouping
 .text.HAL_NVIC_SetPriority
                0x0000000008005368       0x38 ./Drivers/STM32L4xx_HAL_Driver/Src/stm32l4xx_hal_cortex.o
                0x0000000008005368                HAL_NVIC_SetPriority
 .text.HAL_NVIC_EnableIRQ
                0x00000000080053a0       0x1c ./Drivers/STM32L4xx_HAL_Driver/Src/stm32l4xx_hal_cortex.o
                0x00000000080053a0                HAL_NVIC_EnableIRQ
 .text.HAL_GPIO_Init
                0x00000000080053bc      0x354 ./Drivers/STM32L4xx_HAL_Driver/Src/stm32l4xx_hal_gpio.o
                0x00000000080053bc                HAL_GPIO_Init
 .text.HAL_GPIO_ReadPin
                0x0000000008005710       0x30 ./Drivers/STM32L4xx_HAL_Driver/Src/stm32l4xx_hal_gpio.o
                0x0000000008005710                HAL_GPIO_ReadPin
 .text.HAL_GPIO_WritePin
                0x0000000008005740       0x30 ./Drivers/STM32L4xx_HAL_Driver/Src/stm32l4xx_hal_gpio.o
                0x0000000008005740                HAL_GPIO_WritePin
 .text.HAL_GPIO_EXTI_IRQHandler
                0x0000000008005770       0x30 ./Drivers/STM32L4xx_HAL_Driver/Src/stm32l4xx_hal_gpio.o
                0x0000000008005770                HAL_GPIO_EXTI_IRQHandler
 .text.HAL_GPIO_EXTI_Callback
                0x00000000080057a0       0x16 ./Drivers/STM32L4xx_HAL_Driver/Src/stm32l4xx_hal_gpio.o
                0x00000000080057a0                HAL_GPIO_EXTI_Callback
 *fill*         0x00000000080057b6        0x2 
 .text.HAL_PWREx_GetVoltageRange
                0x00000000080057b8       0x1c ./Drivers/STM32L4xx_HAL_Driver/Src/stm32l4xx_hal_pwr_ex.o
                0x00000000080057b8                HAL_PWREx_GetVoltageRange
 .text.HAL_PWREx_ControlVoltageScaling
                0x00000000080057d4       0xac ./Drivers/STM32L4xx_HAL_Driver/Src/stm32l4xx_hal_pwr_ex.o
                0x00000000080057d4                HAL_PWREx_ControlVoltageScaling
 .text.HAL_RCC_OscConfig
                0x0000000008005880      0x7b8 ./Drivers/STM32L4xx_HAL_Driver/Src/stm32l4xx_hal_rcc.o
                0x0000000008005880                HAL_RCC_OscConfig
 .text.HAL_RCC_ClockConfig
                0x0000000008006038      0x200 ./Drivers/STM32L4xx_HAL_Driver/Src/stm32l4xx_hal_rcc.o
                0x0000000008006038                HAL_RCC_ClockConfig
 .text.HAL_RCC_GetSysClockFreq
                0x0000000008006238      0x118 ./Drivers/STM32L4xx_HAL_Driver/Src/stm32l4xx_hal_rcc.o
                0x0000000008006238                HAL_RCC_GetSysClockFreq
 .text.HAL_RCC_GetHCLKFreq
                0x0000000008006350       0x18 ./Drivers/STM32L4xx_HAL_Driver/Src/stm32l4xx_hal_rcc.o
                0x0000000008006350                HAL_RCC_GetHCLKFreq
 .text.HAL_RCC_GetPCLK1Freq
                0x0000000008006368       0x2c ./Drivers/STM32L4xx_HAL_Driver/Src/stm32l4xx_hal_rcc.o
                0x0000000008006368                HAL_RCC_GetPCLK1Freq
 .text.HAL_RCC_GetClockConfig
                0x0000000008006394       0x64 ./Drivers/STM32L4xx_HAL_Driver/Src/stm32l4xx_hal_rcc.o
                0x0000000008006394                HAL_RCC_GetClockConfig
 .text.RCC_SetFlashLatencyFromMSIRange
                0x00000000080063f8       0xc0 ./Drivers/STM32L4xx_HAL_Driver/Src/stm32l4xx_hal_rcc.o
 .text.HAL_TIM_Base_Init
                0x00000000080064b8       0xae ./Drivers/STM32L4xx_HAL_Driver/Src/stm32l4xx_hal_tim.o
                0x00000000080064b8                HAL_TIM_Base_Init
 .text.HAL_TIM_Base_MspInit
                0x0000000008006566       0x14 ./Drivers/STM32L4xx_HAL_Driver/Src/stm32l4xx_hal_tim.o
                0x0000000008006566                HAL_TIM_Base_MspInit
 *fill*         0x000000000800657a        0x2 
 .text.HAL_TIM_Base_Start_IT
                0x000000000800657c       0xe0 ./Drivers/STM32L4xx_HAL_Driver/Src/stm32l4xx_hal_tim.o
                0x000000000800657c                HAL_TIM_Base_Start_IT
 .text.HAL_TIM_IRQHandler
                0x000000000800665c      0x204 ./Drivers/STM32L4xx_HAL_Driver/Src/stm32l4xx_hal_tim.o
                0x000000000800665c                HAL_TIM_IRQHandler
 .text.HAL_TIM_OC_DelayElapsedCallback
                0x0000000008006860       0x14 ./Drivers/STM32L4xx_HAL_Driver/Src/stm32l4xx_hal_tim.o
                0x0000000008006860                HAL_TIM_OC_DelayElapsedCallback
 .text.HAL_TIM_IC_CaptureCallback
                0x0000000008006874       0x14 ./Drivers/STM32L4xx_HAL_Driver/Src/stm32l4xx_hal_tim.o
                0x0000000008006874                HAL_TIM_IC_CaptureCallback
 .text.HAL_TIM_PWM_PulseFinishedCallback
                0x0000000008006888       0x14 ./Drivers/STM32L4xx_HAL_Driver/Src/stm32l4xx_hal_tim.o
                0x0000000008006888                HAL_TIM_PWM_PulseFinishedCallback
 .text.HAL_TIM_TriggerCallback
                0x000000000800689c       0x14 ./Drivers/STM32L4xx_HAL_Driver/Src/stm32l4xx_hal_tim.o
                0x000000000800689c                HAL_TIM_TriggerCallback
 .text.TIM_Base_SetConfig
                0x00000000080068b0      0x134 ./Drivers/STM32L4xx_HAL_Driver/Src/stm32l4xx_hal_tim.o
                0x00000000080068b0                TIM_Base_SetConfig
 .text.HAL_TIMEx_CommutCallback
                0x00000000080069e4       0x14 ./Drivers/STM32L4xx_HAL_Driver/Src/stm32l4xx_hal_tim_ex.o
                0x00000000080069e4                HAL_TIMEx_CommutCallback
 .text.HAL_TIMEx_BreakCallback
                0x00000000080069f8       0x14 ./Drivers/STM32L4xx_HAL_Driver/Src/stm32l4xx_hal_tim_ex.o
                0x00000000080069f8                HAL_TIMEx_BreakCallback
 .text.HAL_TIMEx_Break2Callback
                0x0000000008006a0c       0x14 ./Drivers/STM32L4xx_HAL_Driver/Src/stm32l4xx_hal_tim_ex.o
                0x0000000008006a0c                HAL_TIMEx_Break2Callback
 .text.memcmp   0x0000000008006a20       0x20 D:/Non-Project/STM CubeIDE/STM32CubeIDE_1.14.0/STM32CubeIDE/plugins/com.st.stm32cube.ide.mcu.externaltools.gnu-tools-for-stm32.11.3.rel1.win32_1.1.100.202309141235/tools/bin/../lib/gcc/arm-none-eabi/11.3.1/../../../../arm-none-eabi/lib/thumb/v7e-m+fp/hard\libc_nano.a(libc_a-memcmp.o)
                0x0000000008006a20                memcmp
 .text.memset   0x0000000008006a40       0x10 D:/Non-Project/STM CubeIDE/STM32CubeIDE_1.14.0/STM32CubeIDE/plugins/com.st.stm32cube.ide.mcu.externaltools.gnu-tools-for-stm32.11.3.rel1.win32_1.1.100.202309141235/tools/bin/../lib/gcc/arm-none-eabi/11.3.1/../../../../arm-none-eabi/lib/thumb/v7e-m+fp/hard\libc_nano.a(libc_a-memset.o)
                0x0000000008006a40                memset
 .text.__libc_init_array
                0x0000000008006a50       0x48 D:/Non-Project/STM CubeIDE/STM32CubeIDE_1.14.0/STM32CubeIDE/plugins/com.st.stm32cube.ide.mcu.externaltools.gnu-tools-for-stm32.11.3.rel1.win32_1.1.100.202309141235/tools/bin/../lib/gcc/arm-none-eabi/11.3.1/../../../../arm-none-eabi/lib/thumb/v7e-m+fp/hard\libc_nano.a(libc_a-init.o)
                0x0000000008006a50                __libc_init_array
 .text.memcpy   0x0000000008006a98       0x1c D:/Non-Project/STM CubeIDE/STM32CubeIDE_1.14.0/STM32CubeIDE/plugins/com.st.stm32cube.ide.mcu.externaltools.gnu-tools-for-stm32.11.3.rel1.win32_1.1.100.202309141235/tools/bin/../lib/gcc/arm-none-eabi/11.3.1/../../../../arm-none-eabi/lib/thumb/v7e-m+fp/hard\libc_nano.a(libc_a-memcpy-stub.o)
                0x0000000008006a98                memcpy
 *(.glue_7)
 .glue_7        0x0000000008006ab4        0x0 linker stubs
 *(.glue_7t)
 .glue_7t       0x0000000008006ab4        0x0 linker stubs
 *(.eh_frame)
 .eh_frame      0x0000000008006ab4        0x0 D:/Non-Project/STM CubeIDE/STM32CubeIDE_1.14.0/STM32CubeIDE/plugins/com.st.stm32cube.ide.mcu.externaltools.gnu-tools-for-stm32.11.3.rel1.win32_1.1.100.202309141235/tools/bin/../lib/gcc/arm-none-eabi/11.3.1/thumb/v7e-m+fp/hard/crtbegin.o
 *(.init)
 .init          0x0000000008006ab4        0x4 D:/Non-Project/STM CubeIDE/STM32CubeIDE_1.14.0/STM32CubeIDE/plugins/com.st.stm32cube.ide.mcu.externaltools.gnu-tools-for-stm32.11.3.rel1.win32_1.1.100.202309141235/tools/bin/../lib/gcc/arm-none-eabi/11.3.1/thumb/v7e-m+fp/hard/crti.o
                0x0000000008006ab4                _init
 .init          0x0000000008006ab8        0x8 D:/Non-Project/STM CubeIDE/STM32CubeIDE_1.14.0/STM32CubeIDE/plugins/com.st.stm32cube.ide.mcu.externaltools.gnu-tools-for-stm32.11.3.rel1.win32_1.1.100.202309141235/tools/bin/../lib/gcc/arm-none-eabi/11.3.1/thumb/v7e-m+fp/hard/crtn.o
 *(.fini)
 .fini          0x0000000008006ac0        0x4 D:/Non-Project/STM CubeIDE/STM32CubeIDE_1.14.0/STM32CubeIDE/plugins/com.st.stm32cube.ide.mcu.externaltools.gnu-tools-for-stm32.11.3.rel1.win32_1.1.100.202309141235/tools/bin/../lib/gcc/arm-none-eabi/11.3.1/thumb/v7e-m+fp/hard/crti.o
                0x0000000008006ac0                _fini
 .fini          0x0000000008006ac4        0x8 D:/Non-Project/STM CubeIDE/STM32CubeIDE_1.14.0/STM32CubeIDE/plugins/com.st.stm32cube.ide.mcu.externaltools.gnu-tools-for-stm32.11.3.rel1.win32_1.1.100.202309141235/tools/bin/../lib/gcc/arm-none-eabi/11.3.1/thumb/v7e-m+fp/hard/crtn.o
                0x0000000008006acc                . = ALIGN (0x4)
                0x0000000008006acc                _etext = .

.vfp11_veneer   0x0000000008006acc        0x0
 .vfp11_veneer  0x0000000008006acc        0x0 linker stubs

.v4_bx          0x0000000008006acc        0x0
 .v4_bx         0x0000000008006acc        0x0 linker stubs

.iplt           0x0000000008006acc        0x0
 .iplt          0x0000000008006acc        0x0 D:/Non-Project/STM CubeIDE/STM32CubeIDE_1.14.0/STM32CubeIDE/plugins/com.st.stm32cube.ide.mcu.externaltools.gnu-tools-for-stm32.11.3.rel1.win32_1.1.100.202309141235/tools/bin/../lib/gcc/arm-none-eabi/11.3.1/thumb/v7e-m+fp/hard/crtbegin.o

.rodata         0x0000000008006acc      0x178
                0x0000000008006acc                . = ALIGN (0x4)
 *(.rodata)
 .rodata        0x0000000008006acc        0x5 ./CommonRTOS/ThirdParty/FreeRTOS/tasks.o
 *fill*         0x0000000008006ad1        0x3 
 .rodata        0x0000000008006ad4       0x4d ./CommonRTOS/ThirdParty/Segger/Config/SEGGER_SYSVIEW_Config_FreeRTOS.o
 *fill*         0x0000000008006b21        0x3 
 .rodata        0x0000000008006b24       0x58 ./CommonRTOS/ThirdParty/Segger/OS/SEGGER_SYSVIEW_FreeRTOS.o
 .rodata        0x0000000008006b7c        0x9 ./CommonRTOS/ThirdParty/Segger/Segger/SEGGER_RTT.o
 *fill*         0x0000000008006b85        0x3 
 .rodata        0x0000000008006b88       0x10 ./CommonRTOS/ThirdParty/Segger/Segger/SEGGER_SYSVIEW.o
 .rodata        0x0000000008006b98       0x26 ./Core/Src/main.o
 *(.rodata*)
 *fill*         0x0000000008006bbe        0x2 
 .rodata.SYSVIEW_X_OS_TraceAPI
                0x0000000008006bc0        0x8 ./CommonRTOS/ThirdParty/Segger/OS/SEGGER_SYSVIEW_FreeRTOS.o
                0x0000000008006bc0                SYSVIEW_X_OS_TraceAPI
 .rodata._abHelloMsg
                0x0000000008006bc8        0x4 ./CommonRTOS/ThirdParty/Segger/Recorder/segger_uart.o
 .rodata._aInitStr.0
                0x0000000008006bcc       0x11 ./CommonRTOS/ThirdParty/Segger/Segger/SEGGER_RTT.o
 *fill*         0x0000000008006bdd        0x3 
 .rodata._abSync
                0x0000000008006be0        0xa ./CommonRTOS/ThirdParty/Segger/Segger/SEGGER_SYSVIEW.o
 *fill*         0x0000000008006bea        0x2 
 .rodata._aV2C.0
                0x0000000008006bec       0x10 ./CommonRTOS/ThirdParty/Segger/Segger/SEGGER_SYSVIEW.o
 .rodata.AHBPrescTable
                0x0000000008006bfc       0x10 ./Core/Src/system_stm32l4xx.o
                0x0000000008006bfc                AHBPrescTable
 .rodata.APBPrescTable
                0x0000000008006c0c        0x8 ./Core/Src/system_stm32l4xx.o
                0x0000000008006c0c                APBPrescTable
 .rodata.MSIRangeTable
                0x0000000008006c14       0x30 ./Core/Src/system_stm32l4xx.o
                0x0000000008006c14                MSIRangeTable
                0x0000000008006c44                . = ALIGN (0x4)

.rel.dyn        0x0000000008006c44        0x0
 .rel.iplt      0x0000000008006c44        0x0 D:/Non-Project/STM CubeIDE/STM32CubeIDE_1.14.0/STM32CubeIDE/plugins/com.st.stm32cube.ide.mcu.externaltools.gnu-tools-for-stm32.11.3.rel1.win32_1.1.100.202309141235/tools/bin/../lib/gcc/arm-none-eabi/11.3.1/thumb/v7e-m+fp/hard/crtbegin.o

.ARM.extab      0x0000000008006c44        0x0
                0x0000000008006c44                . = ALIGN (0x4)
 *(.ARM.extab* .gnu.linkonce.armextab.*)
                0x0000000008006c44                . = ALIGN (0x4)

.ARM            0x0000000008006c44        0x0
                0x0000000008006c44                . = ALIGN (0x4)
                0x0000000008006c44                __exidx_start = .
 *(.ARM.exidx*)
                0x0000000008006c44                __exidx_end = .
                0x0000000008006c44                . = ALIGN (0x4)

.preinit_array  0x0000000008006c44        0x0
                0x0000000008006c44                . = ALIGN (0x4)
                0x0000000008006c44                PROVIDE (__preinit_array_start = .)
 *(.preinit_array*)
                0x0000000008006c44                PROVIDE (__preinit_array_end = .)
                0x0000000008006c44                . = ALIGN (0x4)

.init_array     0x0000000008006c44        0x4
                0x0000000008006c44                . = ALIGN (0x4)
                0x0000000008006c44                PROVIDE (__init_array_start = .)
 *(SORT_BY_NAME(.init_array.*))
 *(.init_array*)
 .init_array    0x0000000008006c44        0x4 D:/Non-Project/STM CubeIDE/STM32CubeIDE_1.14.0/STM32CubeIDE/plugins/com.st.stm32cube.ide.mcu.externaltools.gnu-tools-for-stm32.11.3.rel1.win32_1.1.100.202309141235/tools/bin/../lib/gcc/arm-none-eabi/11.3.1/thumb/v7e-m+fp/hard/crtbegin.o
                0x0000000008006c48                PROVIDE (__init_array_end = .)
                0x0000000008006c48                . = ALIGN (0x4)

.fini_array     0x0000000008006c48        0x4
                0x0000000008006c48                . = ALIGN (0x4)
                [!provide]                        PROVIDE (__fini_array_start = .)
 *(SORT_BY_NAME(.fini_array.*))
 *(.fini_array*)
 .fini_array    0x0000000008006c48        0x4 D:/Non-Project/STM CubeIDE/STM32CubeIDE_1.14.0/STM32CubeIDE/plugins/com.st.stm32cube.ide.mcu.externaltools.gnu-tools-for-stm32.11.3.rel1.win32_1.1.100.202309141235/tools/bin/../lib/gcc/arm-none-eabi/11.3.1/thumb/v7e-m+fp/hard/crtbegin.o
                [!provide]                        PROVIDE (__fini_array_end = .)
                0x0000000008006c4c                . = ALIGN (0x4)
                0x0000000008006c4c                _sidata = LOADADDR (.data)

.data           0x0000000020000000       0x1c load address 0x0000000008006c4c
                0x0000000020000000                . = ALIGN (0x4)
                0x0000000020000000                _sdata = .
 *(.data)
 *(.data*)
 .data.uxTopUsedPriority
                0x0000000020000000        0x4 ./CommonRTOS/ThirdParty/FreeRTOS/tasks.o
                0x0000000020000000                uxTopUsedPriority
 .data.uxCriticalNesting
                0x0000000020000004        0x4 ./CommonRTOS/ThirdParty/FreeRTOS/portable/GCC/ARM_CM4F/port.o
 .data._SVInfo  0x0000000020000008        0x8 ./CommonRTOS/ThirdParty/Segger/Recorder/segger_uart.o
 .data.SystemCoreClock
                0x0000000020000010        0x4 ./Core/Src/system_stm32l4xx.o
                0x0000000020000010                SystemCoreClock
 .data.uwTickPrio
                0x0000000020000014        0x4 ./Drivers/STM32L4xx_HAL_Driver/Src/stm32l4xx_hal.o
                0x0000000020000014                uwTickPrio
 .data.uwTickFreq
                0x0000000020000018        0x1 ./Drivers/STM32L4xx_HAL_Driver/Src/stm32l4xx_hal.o
                0x0000000020000018                uwTickFreq
 *(.RamFunc)
 *(.RamFunc*)
                0x000000002000001c                . = ALIGN (0x4)
 *fill*         0x0000000020000019        0x3 
                0x000000002000001c                _edata = .

.igot.plt       0x000000002000001c        0x0 load address 0x0000000008006c68
 .igot.plt      0x000000002000001c        0x0 D:/Non-Project/STM CubeIDE/STM32CubeIDE_1.14.0/STM32CubeIDE/plugins/com.st.stm32cube.ide.mcu.externaltools.gnu-tools-for-stm32.11.3.rel1.win32_1.1.100.202309141235/tools/bin/../lib/gcc/arm-none-eabi/11.3.1/thumb/v7e-m+fp/hard/crtbegin.o
                0x000000002000001c                . = ALIGN (0x4)

.bss            0x000000002000001c     0x5830 load address 0x0000000008006c68
                0x000000002000001c                _sbss = .
                0x000000002000001c                __bss_start__ = _sbss
 *(.bss)
 .bss           0x000000002000001c       0x1c D:/Non-Project/STM CubeIDE/STM32CubeIDE_1.14.0/STM32CubeIDE/plugins/com.st.stm32cube.ide.mcu.externaltools.gnu-tools-for-stm32.11.3.rel1.win32_1.1.100.202309141235/tools/bin/../lib/gcc/arm-none-eabi/11.3.1/thumb/v7e-m+fp/hard/crtbegin.o
 *(.bss*)
 .bss.pxCurrentTCB
                0x0000000020000038        0x4 ./CommonRTOS/ThirdParty/FreeRTOS/tasks.o
                0x0000000020000038                pxCurrentTCB
 .bss.pxReadyTasksLists
                0x000000002000003c       0x64 ./CommonRTOS/ThirdParty/FreeRTOS/tasks.o
 .bss.xDelayedTaskList1
                0x00000000200000a0       0x14 ./CommonRTOS/ThirdParty/FreeRTOS/tasks.o
 .bss.xDelayedTaskList2
                0x00000000200000b4       0x14 ./CommonRTOS/ThirdParty/FreeRTOS/tasks.o
 .bss.pxDelayedTaskList
                0x00000000200000c8        0x4 ./CommonRTOS/ThirdParty/FreeRTOS/tasks.o
 .bss.pxOverflowDelayedTaskList
                0x00000000200000cc        0x4 ./CommonRTOS/ThirdParty/FreeRTOS/tasks.o
 .bss.xPendingReadyList
                0x00000000200000d0       0x14 ./CommonRTOS/ThirdParty/FreeRTOS/tasks.o
 .bss.xTasksWaitingTermination
                0x00000000200000e4       0x14 ./CommonRTOS/ThirdParty/FreeRTOS/tasks.o
 .bss.uxDeletedTasksWaitingCleanUp
                0x00000000200000f8        0x4 ./CommonRTOS/ThirdParty/FreeRTOS/tasks.o
 .bss.xSuspendedTaskList
                0x00000000200000fc       0x14 ./CommonRTOS/ThirdParty/FreeRTOS/tasks.o
 .bss.uxCurrentNumberOfTasks
                0x0000000020000110        0x4 ./CommonRTOS/ThirdParty/FreeRTOS/tasks.o
 .bss.xTickCount
                0x0000000020000114        0x4 ./CommonRTOS/ThirdParty/FreeRTOS/tasks.o
 .bss.uxTopReadyPriority
                0x0000000020000118        0x4 ./CommonRTOS/ThirdParty/FreeRTOS/tasks.o
 .bss.xSchedulerRunning
                0x000000002000011c        0x4 ./CommonRTOS/ThirdParty/FreeRTOS/tasks.o
 .bss.xPendedTicks
                0x0000000020000120        0x4 ./CommonRTOS/ThirdParty/FreeRTOS/tasks.o
 .bss.xYieldPending
                0x0000000020000124        0x4 ./CommonRTOS/ThirdParty/FreeRTOS/tasks.o
 .bss.xNumOfOverflows
                0x0000000020000128        0x4 ./CommonRTOS/ThirdParty/FreeRTOS/tasks.o
 .bss.uxTaskNumber
                0x000000002000012c        0x4 ./CommonRTOS/ThirdParty/FreeRTOS/tasks.o
 .bss.xNextTaskUnblockTime
                0x0000000020000130        0x4 ./CommonRTOS/ThirdParty/FreeRTOS/tasks.o
 .bss.xIdleTaskHandle
                0x0000000020000134        0x4 ./CommonRTOS/ThirdParty/FreeRTOS/tasks.o
 .bss.uxSchedulerSuspended
                0x0000000020000138        0x4 ./CommonRTOS/ThirdParty/FreeRTOS/tasks.o
 .bss.ulTaskSwitchedInTime
                0x000000002000013c        0x4 ./CommonRTOS/ThirdParty/FreeRTOS/tasks.o
 .bss.ulTotalRunTime
                0x0000000020000140        0x4 ./CommonRTOS/ThirdParty/FreeRTOS/tasks.o
 .bss.ucMaxSysCallPriority
                0x0000000020000144        0x1 ./CommonRTOS/ThirdParty/FreeRTOS/portable/GCC/ARM_CM4F/port.o
 *fill*         0x0000000020000145        0x3 
 .bss.ulMaxPRIGROUPValue
                0x0000000020000148        0x4 ./CommonRTOS/ThirdParty/FreeRTOS/portable/GCC/ARM_CM4F/port.o
 .bss.ucHeap    0x000000002000014c     0x4000 ./CommonRTOS/ThirdParty/FreeRTOS/portable/MemMang/heap_4.o
 .bss.xStart    0x000000002000414c        0x8 ./CommonRTOS/ThirdParty/FreeRTOS/portable/MemMang/heap_4.o
 .bss.pxEnd     0x0000000020004154        0x4 ./CommonRTOS/ThirdParty/FreeRTOS/portable/MemMang/heap_4.o
 .bss.xFreeBytesRemaining
                0x0000000020004158        0x4 ./CommonRTOS/ThirdParty/FreeRTOS/portable/MemMang/heap_4.o
 .bss.xMinimumEverFreeBytesRemaining
                0x000000002000415c        0x4 ./CommonRTOS/ThirdParty/FreeRTOS/portable/MemMang/heap_4.o
 .bss.xNumberOfSuccessfulAllocations
                0x0000000020004160        0x4 ./CommonRTOS/ThirdParty/FreeRTOS/portable/MemMang/heap_4.o
 .bss.xNumberOfSuccessfulFrees
                0x0000000020004164        0x4 ./CommonRTOS/ThirdParty/FreeRTOS/portable/MemMang/heap_4.o
 .bss._aTasks   0x0000000020004168       0xa0 ./CommonRTOS/ThirdParty/Segger/OS/SEGGER_SYSVIEW_FreeRTOS.o
 .bss._NumTasks
                0x0000000020004208        0x4 ./CommonRTOS/ThirdParty/Segger/OS/SEGGER_SYSVIEW_FreeRTOS.o
 .bss._cbOnRx   0x000000002000420c        0x4 ./CommonRTOS/ThirdParty/Segger/Recorder/segger_uart.o
 .bss._cbOnTx   0x0000000020004210        0x4 ./CommonRTOS/ThirdParty/Segger/Recorder/segger_uart.o
 .bss._SEGGER_RTT
                0x0000000020004214       0xa8 ./CommonRTOS/ThirdParty/Segger/Segger/SEGGER_RTT.o
                0x0000000020004214                _SEGGER_RTT
 .bss._acUpBuffer
                0x00000000200042bc      0x400 ./CommonRTOS/ThirdParty/Segger/Segger/SEGGER_RTT.o
 .bss._acDownBuffer
                0x00000000200046bc       0x10 ./CommonRTOS/ThirdParty/Segger/Segger/SEGGER_RTT.o
 .bss._UpBuffer
                0x00000000200046cc     0x1000 ./CommonRTOS/ThirdParty/Segger/Segger/SEGGER_SYSVIEW.o
 .bss._DownBuffer
                0x00000000200056cc        0x8 ./CommonRTOS/ThirdParty/Segger/Segger/SEGGER_SYSVIEW.o
 .bss._SYSVIEW_Globals
                0x00000000200056d4       0x28 ./CommonRTOS/ThirdParty/Segger/Segger/SEGGER_SYSVIEW.o
 .bss._pFirstModule
                0x00000000200056fc        0x4 ./CommonRTOS/ThirdParty/Segger/Segger/SEGGER_SYSVIEW.o
 .bss._NumModules
                0x0000000020005700        0x1 ./CommonRTOS/ThirdParty/Segger/Segger/SEGGER_SYSVIEW.o
 *fill*         0x0000000020005701        0x3 
 .bss._aPacket  0x0000000020005704       0xe3 ./CommonRTOS/ThirdParty/Segger/Segger/SEGGER_SYSVIEW.o
 *fill*         0x00000000200057e7        0x1 
 .bss.ButtonHandle
                0x00000000200057e8        0x4 ./Core/Src/main.o
                0x00000000200057e8                ButtonHandle
 .bss.LEDONHandle
                0x00000000200057ec        0x4 ./Core/Src/main.o
                0x00000000200057ec                LEDONHandle
 .bss.LEDOFFHandle
                0x00000000200057f0        0x4 ./Core/Src/main.o
                0x00000000200057f0                LEDOFFHandle
 .bss.NextTaskHandle
                0x00000000200057f4        0x4 ./Core/Src/main.o
                0x00000000200057f4                NextTaskHandle
 .bss.status    0x00000000200057f8        0x4 ./Core/Src/main.o
                0x00000000200057f8                status
 .bss.htim6     0x00000000200057fc       0x4c ./Core/Src/stm32l4xx_hal_timebase_tim.o
                0x00000000200057fc                htim6
 .bss.uwTick    0x0000000020005848        0x4 ./Drivers/STM32L4xx_HAL_Driver/Src/stm32l4xx_hal.o
                0x0000000020005848                uwTick
 *(COMMON)
                0x000000002000584c                . = ALIGN (0x4)
                0x000000002000584c                _ebss = .
                0x000000002000584c                __bss_end__ = _ebss

._user_heap_stack
                0x000000002000584c      0x604 load address 0x0000000008006c68
                0x0000000020005850                . = ALIGN (0x8)
 *fill*         0x000000002000584c        0x4 
                [!provide]                        PROVIDE (end = .)
                0x0000000020005850                PROVIDE (_end = .)
                0x0000000020005a50                . = (. + _Min_Heap_Size)
 *fill*         0x0000000020005850      0x200 
                0x0000000020005e50                . = (. + _Min_Stack_Size)
 *fill*         0x0000000020005a50      0x400 
                0x0000000020005e50                . = ALIGN (0x8)

/DISCARD/
 libc.a(*)
 libm.a(*)
 libgcc.a(*)

.ARM.attributes
                0x0000000000000000       0x30
 *(.ARM.attributes)
 .ARM.attributes
                0x0000000000000000       0x1e D:/Non-Project/STM CubeIDE/STM32CubeIDE_1.14.0/STM32CubeIDE/plugins/com.st.stm32cube.ide.mcu.externaltools.gnu-tools-for-stm32.11.3.rel1.win32_1.1.100.202309141235/tools/bin/../lib/gcc/arm-none-eabi/11.3.1/thumb/v7e-m+fp/hard/crti.o
 .ARM.attributes
                0x000000000000001e       0x34 D:/Non-Project/STM CubeIDE/STM32CubeIDE_1.14.0/STM32CubeIDE/plugins/com.st.stm32cube.ide.mcu.externaltools.gnu-tools-for-stm32.11.3.rel1.win32_1.1.100.202309141235/tools/bin/../lib/gcc/arm-none-eabi/11.3.1/thumb/v7e-m+fp/hard/crtbegin.o
 .ARM.attributes
                0x0000000000000052       0x34 ./CommonRTOS/ThirdParty/FreeRTOS/list.o
 .ARM.attributes
                0x0000000000000086       0x34 ./CommonRTOS/ThirdParty/FreeRTOS/tasks.o
 .ARM.attributes
                0x00000000000000ba       0x34 ./CommonRTOS/ThirdParty/FreeRTOS/portable/GCC/ARM_CM4F/port.o
 .ARM.attributes
                0x00000000000000ee       0x34 ./CommonRTOS/ThirdParty/FreeRTOS/portable/MemMang/heap_4.o
 .ARM.attributes
                0x0000000000000122       0x34 ./CommonRTOS/ThirdParty/Segger/Config/SEGGER_SYSVIEW_Config_FreeRTOS.o
 .ARM.attributes
                0x0000000000000156       0x34 ./CommonRTOS/ThirdParty/Segger/OS/SEGGER_SYSVIEW_FreeRTOS.o
 .ARM.attributes
                0x000000000000018a       0x34 ./CommonRTOS/ThirdParty/Segger/Recorder/segger_uart.o
 .ARM.attributes
                0x00000000000001be       0x34 ./CommonRTOS/ThirdParty/Segger/Segger/SEGGER_RTT.o
 .ARM.attributes
                0x00000000000001f2       0x20 ./CommonRTOS/ThirdParty/Segger/Segger/SEGGER_RTT_ASM_ARMv7M.o
 .ARM.attributes
                0x0000000000000212       0x34 ./CommonRTOS/ThirdParty/Segger/Segger/SEGGER_SYSVIEW.o
 .ARM.attributes
                0x0000000000000246       0x34 ./Core/Src/main.o
 .ARM.attributes
                0x000000000000027a       0x34 ./Core/Src/stm32l4xx_hal_msp.o
 .ARM.attributes
                0x00000000000002ae       0x34 ./Core/Src/stm32l4xx_hal_timebase_tim.o
 .ARM.attributes
                0x00000000000002e2       0x34 ./Core/Src/stm32l4xx_it.o
 .ARM.attributes
                0x0000000000000316       0x34 ./Core/Src/system_stm32l4xx.o
 .ARM.attributes
                0x000000000000034a       0x21 ./Core/Startup/startup_stm32l476rgtx.o
 .ARM.attributes
                0x000000000000036b       0x34 ./Drivers/STM32L4xx_HAL_Driver/Src/stm32l4xx_hal.o
 .ARM.attributes
                0x000000000000039f       0x34 ./Drivers/STM32L4xx_HAL_Driver/Src/stm32l4xx_hal_cortex.o
 .ARM.attributes
                0x00000000000003d3       0x34 ./Drivers/STM32L4xx_HAL_Driver/Src/stm32l4xx_hal_gpio.o
 .ARM.attributes
                0x0000000000000407       0x34 ./Drivers/STM32L4xx_HAL_Driver/Src/stm32l4xx_hal_pwr_ex.o
 .ARM.attributes
                0x000000000000043b       0x34 ./Drivers/STM32L4xx_HAL_Driver/Src/stm32l4xx_hal_rcc.o
 .ARM.attributes
                0x000000000000046f       0x34 ./Drivers/STM32L4xx_HAL_Driver/Src/stm32l4xx_hal_tim.o
 .ARM.attributes
                0x00000000000004a3       0x34 ./Drivers/STM32L4xx_HAL_Driver/Src/stm32l4xx_hal_tim_ex.o
 .ARM.attributes
                0x00000000000004d7       0x34 D:/Non-Project/STM CubeIDE/STM32CubeIDE_1.14.0/STM32CubeIDE/plugins/com.st.stm32cube.ide.mcu.externaltools.gnu-tools-for-stm32.11.3.rel1.win32_1.1.100.202309141235/tools/bin/../lib/gcc/arm-none-eabi/11.3.1/../../../../arm-none-eabi/lib/thumb/v7e-m+fp/hard\libc_nano.a(libc_a-memcmp.o)
 .ARM.attributes
                0x000000000000050b       0x34 D:/Non-Project/STM CubeIDE/STM32CubeIDE_1.14.0/STM32CubeIDE/plugins/com.st.stm32cube.ide.mcu.externaltools.gnu-tools-for-stm32.11.3.rel1.win32_1.1.100.202309141235/tools/bin/../lib/gcc/arm-none-eabi/11.3.1/../../../../arm-none-eabi/lib/thumb/v7e-m+fp/hard\libc_nano.a(libc_a-memset.o)
 .ARM.attributes
                0x000000000000053f       0x34 D:/Non-Project/STM CubeIDE/STM32CubeIDE_1.14.0/STM32CubeIDE/plugins/com.st.stm32cube.ide.mcu.externaltools.gnu-tools-for-stm32.11.3.rel1.win32_1.1.100.202309141235/tools/bin/../lib/gcc/arm-none-eabi/11.3.1/../../../../arm-none-eabi/lib/thumb/v7e-m+fp/hard\libc_nano.a(libc_a-init.o)
 .ARM.attributes
                0x0000000000000573       0x34 D:/Non-Project/STM CubeIDE/STM32CubeIDE_1.14.0/STM32CubeIDE/plugins/com.st.stm32cube.ide.mcu.externaltools.gnu-tools-for-stm32.11.3.rel1.win32_1.1.100.202309141235/tools/bin/../lib/gcc/arm-none-eabi/11.3.1/../../../../arm-none-eabi/lib/thumb/v7e-m+fp/hard\libc_nano.a(libc_a-memcpy-stub.o)
 .ARM.attributes
                0x00000000000005a7       0x1e D:/Non-Project/STM CubeIDE/STM32CubeIDE_1.14.0/STM32CubeIDE/plugins/com.st.stm32cube.ide.mcu.externaltools.gnu-tools-for-stm32.11.3.rel1.win32_1.1.100.202309141235/tools/bin/../lib/gcc/arm-none-eabi/11.3.1/thumb/v7e-m+fp/hard/crtn.o
OUTPUT(003_ButtonTask.elf elf32-littlearm)
LOAD linker stubs
LOAD D:/Non-Project/STM CubeIDE/STM32CubeIDE_1.14.0/STM32CubeIDE/plugins/com.st.stm32cube.ide.mcu.externaltools.gnu-tools-for-stm32.11.3.rel1.win32_1.1.100.202309141235/tools/bin/../lib/gcc/arm-none-eabi/11.3.1/../../../../arm-none-eabi/lib/thumb/v7e-m+fp/hard\libc.a
LOAD D:/Non-Project/STM CubeIDE/STM32CubeIDE_1.14.0/STM32CubeIDE/plugins/com.st.stm32cube.ide.mcu.externaltools.gnu-tools-for-stm32.11.3.rel1.win32_1.1.100.202309141235/tools/bin/../lib/gcc/arm-none-eabi/11.3.1/../../../../arm-none-eabi/lib/thumb/v7e-m+fp/hard\libm.a
LOAD D:/Non-Project/STM CubeIDE/STM32CubeIDE_1.14.0/STM32CubeIDE/plugins/com.st.stm32cube.ide.mcu.externaltools.gnu-tools-for-stm32.11.3.rel1.win32_1.1.100.202309141235/tools/bin/../lib/gcc/arm-none-eabi/11.3.1/thumb/v7e-m+fp/hard\libgcc.a

.comment        0x0000000000000000       0x43
 .comment       0x0000000000000000       0x43 D:/Non-Project/STM CubeIDE/STM32CubeIDE_1.14.0/STM32CubeIDE/plugins/com.st.stm32cube.ide.mcu.externaltools.gnu-tools-for-stm32.11.3.rel1.win32_1.1.100.202309141235/tools/bin/../lib/gcc/arm-none-eabi/11.3.1/thumb/v7e-m+fp/hard/crtbegin.o
                                         0x44 (size before relaxing)
 .comment       0x0000000000000043       0x44 ./CommonRTOS/ThirdParty/FreeRTOS/list.o
 .comment       0x0000000000000043       0x44 ./CommonRTOS/ThirdParty/FreeRTOS/tasks.o
 .comment       0x0000000000000043       0x44 ./CommonRTOS/ThirdParty/FreeRTOS/portable/GCC/ARM_CM4F/port.o
 .comment       0x0000000000000043       0x44 ./CommonRTOS/ThirdParty/FreeRTOS/portable/MemMang/heap_4.o
 .comment       0x0000000000000043       0x44 ./CommonRTOS/ThirdParty/Segger/Config/SEGGER_SYSVIEW_Config_FreeRTOS.o
 .comment       0x0000000000000043       0x44 ./CommonRTOS/ThirdParty/Segger/OS/SEGGER_SYSVIEW_FreeRTOS.o
 .comment       0x0000000000000043       0x44 ./CommonRTOS/ThirdParty/Segger/Recorder/segger_uart.o
 .comment       0x0000000000000043       0x44 ./CommonRTOS/ThirdParty/Segger/Segger/SEGGER_RTT.o
 .comment       0x0000000000000043       0x44 ./CommonRTOS/ThirdParty/Segger/Segger/SEGGER_SYSVIEW.o
 .comment       0x0000000000000043       0x44 ./Core/Src/main.o
 .comment       0x0000000000000043       0x44 ./Core/Src/stm32l4xx_hal_msp.o
 .comment       0x0000000000000043       0x44 ./Core/Src/stm32l4xx_hal_timebase_tim.o
 .comment       0x0000000000000043       0x44 ./Core/Src/stm32l4xx_it.o
 .comment       0x0000000000000043       0x44 ./Core/Src/system_stm32l4xx.o
 .comment       0x0000000000000043       0x44 ./Drivers/STM32L4xx_HAL_Driver/Src/stm32l4xx_hal.o
 .comment       0x0000000000000043       0x44 ./Drivers/STM32L4xx_HAL_Driver/Src/stm32l4xx_hal_cortex.o
 .comment       0x0000000000000043       0x44 ./Drivers/STM32L4xx_HAL_Driver/Src/stm32l4xx_hal_gpio.o
 .comment       0x0000000000000043       0x44 ./Drivers/STM32L4xx_HAL_Driver/Src/stm32l4xx_hal_pwr_ex.o
 .comment       0x0000000000000043       0x44 ./Drivers/STM32L4xx_HAL_Driver/Src/stm32l4xx_hal_rcc.o
 .comment       0x0000000000000043       0x44 ./Drivers/STM32L4xx_HAL_Driver/Src/stm32l4xx_hal_tim.o
 .comment       0x0000000000000043       0x44 ./Drivers/STM32L4xx_HAL_Driver/Src/stm32l4xx_hal_tim_ex.o

.debug_info     0x0000000000000000    0x13e83
 .debug_info    0x0000000000000000      0x2af ./CommonRTOS/ThirdParty/FreeRTOS/list.o
 .debug_info    0x00000000000002af     0x2a8a ./CommonRTOS/ThirdParty/FreeRTOS/tasks.o
 .debug_info    0x0000000000002d39      0x591 ./CommonRTOS/ThirdParty/FreeRTOS/portable/GCC/ARM_CM4F/port.o
 .debug_info    0x00000000000032ca      0x521 ./CommonRTOS/ThirdParty/FreeRTOS/portable/MemMang/heap_4.o
 .debug_info    0x00000000000037eb      0x176 ./CommonRTOS/ThirdParty/Segger/Config/SEGGER_SYSVIEW_Config_FreeRTOS.o
 .debug_info    0x0000000000003961      0x447 ./CommonRTOS/ThirdParty/Segger/OS/SEGGER_SYSVIEW_FreeRTOS.o
 .debug_info    0x0000000000003da8      0x89f ./CommonRTOS/ThirdParty/Segger/Recorder/segger_uart.o
 .debug_info    0x0000000000004647     0x14d5 ./CommonRTOS/ThirdParty/Segger/Segger/SEGGER_RTT.o
 .debug_info    0x0000000000005b1c       0x25 ./CommonRTOS/ThirdParty/Segger/Segger/SEGGER_RTT_ASM_ARMv7M.o
 .debug_info    0x0000000000005b41     0x3be7 ./CommonRTOS/ThirdParty/Segger/Segger/SEGGER_SYSVIEW.o
 .debug_info    0x0000000000009728     0x12de ./Core/Src/main.o
 .debug_info    0x000000000000aa06      0x2c8 ./Core/Src/stm32l4xx_hal_msp.o
 .debug_info    0x000000000000acce      0xc7f ./Core/Src/stm32l4xx_hal_timebase_tim.o
 .debug_info    0x000000000000b94d      0x7cc ./Core/Src/stm32l4xx_it.o
 .debug_info    0x000000000000c119      0x5b1 ./Core/Src/system_stm32l4xx.o
 .debug_info    0x000000000000c6ca       0x23 ./Core/Startup/startup_stm32l476rgtx.o
 .debug_info    0x000000000000c6ed      0xc09 ./Drivers/STM32L4xx_HAL_Driver/Src/stm32l4xx_hal.o
 .debug_info    0x000000000000d2f6      0xd4c ./Drivers/STM32L4xx_HAL_Driver/Src/stm32l4xx_hal_cortex.o
 .debug_info    0x000000000000e042      0x757 ./Drivers/STM32L4xx_HAL_Driver/Src/stm32l4xx_hal_gpio.o
 .debug_info    0x000000000000e799      0x99e ./Drivers/STM32L4xx_HAL_Driver/Src/stm32l4xx_hal_pwr_ex.o
 .debug_info    0x000000000000f137      0xc14 ./Drivers/STM32L4xx_HAL_Driver/Src/stm32l4xx_hal_rcc.o
 .debug_info    0x000000000000fd4b     0x2a9a ./Drivers/STM32L4xx_HAL_Driver/Src/stm32l4xx_hal_tim.o
 .debug_info    0x00000000000127e5     0x169e ./Drivers/STM32L4xx_HAL_Driver/Src/stm32l4xx_hal_tim_ex.o

.debug_abbrev   0x0000000000000000     0x2dfb
 .debug_abbrev  0x0000000000000000       0xf5 ./CommonRTOS/ThirdParty/FreeRTOS/list.o
 .debug_abbrev  0x00000000000000f5      0x3c6 ./CommonRTOS/ThirdParty/FreeRTOS/tasks.o
 .debug_abbrev  0x00000000000004bb      0x25a ./CommonRTOS/ThirdParty/FreeRTOS/portable/GCC/ARM_CM4F/port.o
 .debug_abbrev  0x0000000000000715      0x256 ./CommonRTOS/ThirdParty/FreeRTOS/portable/MemMang/heap_4.o
 .debug_abbrev  0x000000000000096b       0xf4 ./CommonRTOS/ThirdParty/Segger/Config/SEGGER_SYSVIEW_Config_FreeRTOS.o
 .debug_abbrev  0x0000000000000a5f      0x1b1 ./CommonRTOS/ThirdParty/Segger/OS/SEGGER_SYSVIEW_FreeRTOS.o
 .debug_abbrev  0x0000000000000c10      0x28c ./CommonRTOS/ThirdParty/Segger/Recorder/segger_uart.o
 .debug_abbrev  0x0000000000000e9c      0x21f ./CommonRTOS/ThirdParty/Segger/Segger/SEGGER_RTT.o
 .debug_abbrev  0x00000000000010bb       0x14 ./CommonRTOS/ThirdParty/Segger/Segger/SEGGER_RTT_ASM_ARMv7M.o
 .debug_abbrev  0x00000000000010cf      0x333 ./CommonRTOS/ThirdParty/Segger/Segger/SEGGER_SYSVIEW.o
 .debug_abbrev  0x0000000000001402      0x356 ./Core/Src/main.o
 .debug_abbrev  0x0000000000001758       0xd9 ./Core/Src/stm32l4xx_hal_msp.o
 .debug_abbrev  0x0000000000001831      0x1f4 ./Core/Src/stm32l4xx_hal_timebase_tim.o
 .debug_abbrev  0x0000000000001a25      0x1b6 ./Core/Src/stm32l4xx_it.o
 .debug_abbrev  0x0000000000001bdb      0x11a ./Core/Src/system_stm32l4xx.o
 .debug_abbrev  0x0000000000001cf5       0x12 ./Core/Startup/startup_stm32l476rgtx.o
 .debug_abbrev  0x0000000000001d07      0x243 ./Drivers/STM32L4xx_HAL_Driver/Src/stm32l4xx_hal.o
 .debug_abbrev  0x0000000000001f4a      0x327 ./Drivers/STM32L4xx_HAL_Driver/Src/stm32l4xx_hal_cortex.o
 .debug_abbrev  0x0000000000002271      0x1cb ./Drivers/STM32L4xx_HAL_Driver/Src/stm32l4xx_hal_gpio.o
 .debug_abbrev  0x000000000000243c      0x1f9 ./Drivers/STM32L4xx_HAL_Driver/Src/stm32l4xx_hal_pwr_ex.o
 .debug_abbrev  0x0000000000002635      0x2cb ./Drivers/STM32L4xx_HAL_Driver/Src/stm32l4xx_hal_rcc.o
 .debug_abbrev  0x0000000000002900      0x278 ./Drivers/STM32L4xx_HAL_Driver/Src/stm32l4xx_hal_tim.o
 .debug_abbrev  0x0000000000002b78      0x283 ./Drivers/STM32L4xx_HAL_Driver/Src/stm32l4xx_hal_tim_ex.o

.debug_aranges  0x0000000000000000     0x13d8
 .debug_aranges
                0x0000000000000000       0x40 ./CommonRTOS/ThirdParty/FreeRTOS/list.o
 .debug_aranges
                0x0000000000000040      0x260 ./CommonRTOS/ThirdParty/FreeRTOS/tasks.o
 .debug_aranges
                0x00000000000002a0       0x88 ./CommonRTOS/ThirdParty/FreeRTOS/portable/GCC/ARM_CM4F/port.o
 .debug_aranges
                0x0000000000000328       0x60 ./CommonRTOS/ThirdParty/FreeRTOS/portable/MemMang/heap_4.o
 .debug_aranges
                0x0000000000000388       0x28 ./CommonRTOS/ThirdParty/Segger/Config/SEGGER_SYSVIEW_Config_FreeRTOS.o
 .debug_aranges
                0x00000000000003b0       0x48 ./CommonRTOS/ThirdParty/Segger/OS/SEGGER_SYSVIEW_FreeRTOS.o
 .debug_aranges
                0x00000000000003f8       0x68 ./CommonRTOS/ThirdParty/Segger/Recorder/segger_uart.o
 .debug_aranges
                0x0000000000000460      0x138 ./CommonRTOS/ThirdParty/Segger/Segger/SEGGER_RTT.o
 .debug_aranges
                0x0000000000000598       0x20 ./CommonRTOS/ThirdParty/Segger/Segger/SEGGER_RTT_ASM_ARMv7M.o
 .debug_aranges
                0x00000000000005b8      0x2e0 ./CommonRTOS/ThirdParty/Segger/Segger/SEGGER_SYSVIEW.o
 .debug_aranges
                0x0000000000000898       0x58 ./Core/Src/main.o
 .debug_aranges
                0x00000000000008f0       0x20 ./Core/Src/stm32l4xx_hal_msp.o
 .debug_aranges
                0x0000000000000910       0x30 ./Core/Src/stm32l4xx_hal_timebase_tim.o
 .debug_aranges
                0x0000000000000940       0x58 ./Core/Src/stm32l4xx_it.o
 .debug_aranges
                0x0000000000000998       0x28 ./Core/Src/system_stm32l4xx.o
 .debug_aranges
                0x00000000000009c0       0x28 ./Core/Startup/startup_stm32l476rgtx.o
 .debug_aranges
                0x00000000000009e8      0x130 ./Drivers/STM32L4xx_HAL_Driver/Src/stm32l4xx_hal.o
 .debug_aranges
                0x0000000000000b18      0x118 ./Drivers/STM32L4xx_HAL_Driver/Src/stm32l4xx_hal_cortex.o
 .debug_aranges
                0x0000000000000c30       0x58 ./Drivers/STM32L4xx_HAL_Driver/Src/stm32l4xx_hal_gpio.o
 .debug_aranges
                0x0000000000000c88      0x160 ./Drivers/STM32L4xx_HAL_Driver/Src/stm32l4xx_hal_pwr_ex.o
 .debug_aranges
                0x0000000000000de8       0x90 ./Drivers/STM32L4xx_HAL_Driver/Src/stm32l4xx_hal_rcc.o
 .debug_aranges
                0x0000000000000e78      0x3e0 ./Drivers/STM32L4xx_HAL_Driver/Src/stm32l4xx_hal_tim.o
 .debug_aranges
                0x0000000000001258      0x180 ./Drivers/STM32L4xx_HAL_Driver/Src/stm32l4xx_hal_tim_ex.o

.debug_rnglists
                0x0000000000000000      0xf3e
 .debug_rnglists
                0x0000000000000000       0x2b ./CommonRTOS/ThirdParty/FreeRTOS/list.o
 .debug_rnglists
                0x000000000000002b      0x1e5 ./CommonRTOS/ThirdParty/FreeRTOS/tasks.o
 .debug_rnglists
                0x0000000000000210       0x64 ./CommonRTOS/ThirdParty/FreeRTOS/portable/GCC/ARM_CM4F/port.o
 .debug_rnglists
                0x0000000000000274       0x48 ./CommonRTOS/ThirdParty/FreeRTOS/portable/MemMang/heap_4.o
 .debug_rnglists
                0x00000000000002bc       0x19 ./CommonRTOS/ThirdParty/Segger/Config/SEGGER_SYSVIEW_Config_FreeRTOS.o
 .debug_rnglists
                0x00000000000002d5       0x36 ./CommonRTOS/ThirdParty/Segger/OS/SEGGER_SYSVIEW_FreeRTOS.o
 .debug_rnglists
                0x000000000000030b       0x4b ./CommonRTOS/ThirdParty/Segger/Recorder/segger_uart.o
 .debug_rnglists
                0x0000000000000356       0xf5 ./CommonRTOS/ThirdParty/Segger/Segger/SEGGER_RTT.o
 .debug_rnglists
                0x000000000000044b      0x24d ./CommonRTOS/ThirdParty/Segger/Segger/SEGGER_SYSVIEW.o
 .debug_rnglists
                0x0000000000000698       0x40 ./Core/Src/main.o
 .debug_rnglists
                0x00000000000006d8       0x13 ./Core/Src/stm32l4xx_hal_msp.o
 .debug_rnglists
                0x00000000000006eb       0x20 ./Core/Src/stm32l4xx_hal_timebase_tim.o
 .debug_rnglists
                0x000000000000070b       0x3d ./Core/Src/stm32l4xx_it.o
 .debug_rnglists
                0x0000000000000748       0x1a ./Core/Src/system_stm32l4xx.o
 .debug_rnglists
                0x0000000000000762       0x19 ./Core/Startup/startup_stm32l476rgtx.o
 .debug_rnglists
                0x000000000000077b       0xdf ./Drivers/STM32L4xx_HAL_Driver/Src/stm32l4xx_hal.o
 .debug_rnglists
                0x000000000000085a       0xce ./Drivers/STM32L4xx_HAL_Driver/Src/stm32l4xx_hal_cortex.o
 .debug_rnglists
                0x0000000000000928       0x3f ./Drivers/STM32L4xx_HAL_Driver/Src/stm32l4xx_hal_gpio.o
 .debug_rnglists
                0x0000000000000967      0x109 ./Drivers/STM32L4xx_HAL_Driver/Src/stm32l4xx_hal_pwr_ex.o
 .debug_rnglists
                0x0000000000000a70       0x6d ./Drivers/STM32L4xx_HAL_Driver/Src/stm32l4xx_hal_rcc.o
 .debug_rnglists
                0x0000000000000add      0x328 ./Drivers/STM32L4xx_HAL_Driver/Src/stm32l4xx_hal_tim.o
 .debug_rnglists
                0x0000000000000e05      0x139 ./Drivers/STM32L4xx_HAL_Driver/Src/stm32l4xx_hal_tim_ex.o

.debug_macro    0x0000000000000000    0x262ca
 .debug_macro   0x0000000000000000      0x1f9 ./CommonRTOS/ThirdParty/FreeRTOS/list.o
 .debug_macro   0x00000000000001f9      0x2df ./CommonRTOS/ThirdParty/FreeRTOS/tasks.o
 .debug_macro   0x00000000000004d8       0x17 ./CommonRTOS/ThirdParty/FreeRTOS/tasks.o
 .debug_macro   0x00000000000004ef      0x208 ./CommonRTOS/ThirdParty/FreeRTOS/portable/GCC/ARM_CM4F/port.o
 .debug_macro   0x00000000000006f7      0x27a ./CommonRTOS/ThirdParty/FreeRTOS/portable/MemMang/heap_4.o
 .debug_macro   0x0000000000000971      0x13c ./CommonRTOS/ThirdParty/Segger/Config/SEGGER_SYSVIEW_Config_FreeRTOS.o
 .debug_macro   0x0000000000000aad      0x208 ./CommonRTOS/ThirdParty/Segger/OS/SEGGER_SYSVIEW_FreeRTOS.o
 .debug_macro   0x0000000000000cb5      0x423 ./CommonRTOS/ThirdParty/Segger/Recorder/segger_uart.o
 .debug_macro   0x00000000000010d8       0x3b ./CommonRTOS/ThirdParty/Segger/Recorder/segger_uart.o
 .debug_macro   0x0000000000001113      0x138 ./CommonRTOS/ThirdParty/Segger/Recorder/segger_uart.o
 .debug_macro   0x000000000000124b       0x2e ./CommonRTOS/ThirdParty/Segger/Recorder/segger_uart.o
 .debug_macro   0x0000000000001279       0x28 ./CommonRTOS/ThirdParty/Segger/Recorder/segger_uart.o
 .debug_macro   0x00000000000012a1       0x1c ./CommonRTOS/ThirdParty/Segger/Recorder/segger_uart.o
 .debug_macro   0x00000000000012bd       0x22 ./CommonRTOS/ThirdParty/Segger/Recorder/segger_uart.o
 .debug_macro   0x00000000000012df       0xfb ./CommonRTOS/ThirdParty/Segger/Recorder/segger_uart.o
 .debug_macro   0x00000000000013da     0x1011 ./CommonRTOS/ThirdParty/Segger/Recorder/segger_uart.o
 .debug_macro   0x00000000000023eb      0x11f ./CommonRTOS/ThirdParty/Segger/Recorder/segger_uart.o
 .debug_macro   0x000000000000250a    0x1a17a ./CommonRTOS/ThirdParty/Segger/Recorder/segger_uart.o
 .debug_macro   0x000000000001c684       0x6d ./CommonRTOS/ThirdParty/Segger/Recorder/segger_uart.o
 .debug_macro   0x000000000001c6f1      0x1a1 ./CommonRTOS/ThirdParty/Segger/Recorder/segger_uart.o
 .debug_macro   0x000000000001c892     0x38e6 ./CommonRTOS/ThirdParty/Segger/Recorder/segger_uart.o
 .debug_macro   0x0000000000020178       0x56 ./CommonRTOS/ThirdParty/Segger/Recorder/segger_uart.o
 .debug_macro   0x00000000000201ce     0x159e ./CommonRTOS/ThirdParty/Segger/Recorder/segger_uart.o
 .debug_macro   0x000000000002176c      0x5a5 ./CommonRTOS/ThirdParty/Segger/Recorder/segger_uart.o
 .debug_macro   0x0000000000021d11      0x1b9 ./CommonRTOS/ThirdParty/Segger/Recorder/segger_uart.o
 .debug_macro   0x0000000000021eca      0x18b ./CommonRTOS/ThirdParty/Segger/Recorder/segger_uart.o
 .debug_macro   0x0000000000022055      0x26b ./CommonRTOS/ThirdParty/Segger/Recorder/segger_uart.o
 .debug_macro   0x00000000000222c0      0x23d ./CommonRTOS/ThirdParty/Segger/Recorder/segger_uart.o
 .debug_macro   0x00000000000224fd      0x241 ./CommonRTOS/ThirdParty/Segger/Recorder/segger_uart.o
 .debug_macro   0x000000000002273e      0x37c ./CommonRTOS/ThirdParty/Segger/Recorder/segger_uart.o
 .debug_macro   0x0000000000022aba       0xd6 ./CommonRTOS/ThirdParty/Segger/Recorder/segger_uart.o
 .debug_macro   0x0000000000022b90      0x122 ./CommonRTOS/ThirdParty/Segger/Recorder/segger_uart.o
 .debug_macro   0x0000000000022cb2      0x3ef ./CommonRTOS/ThirdParty/Segger/Recorder/segger_uart.o
 .debug_macro   0x00000000000230a1      0xa98 ./CommonRTOS/ThirdParty/Segger/Recorder/segger_uart.o
 .debug_macro   0x0000000000023b39      0x1e6 ./CommonRTOS/ThirdParty/Segger/Recorder/segger_uart.o
 .debug_macro   0x0000000000023d1f      0x330 ./CommonRTOS/ThirdParty/Segger/Recorder/segger_uart.o
 .debug_macro   0x000000000002404f      0x1e9 ./CommonRTOS/ThirdParty/Segger/Segger/SEGGER_RTT.o
 .debug_macro   0x0000000000024238       0x35 ./CommonRTOS/ThirdParty/Segger/Segger/SEGGER_RTT.o
 .debug_macro   0x000000000002426d      0x251 ./CommonRTOS/ThirdParty/Segger/Segger/SEGGER_SYSVIEW.o
 .debug_macro   0x00000000000244be      0x220 ./CommonRTOS/ThirdParty/Segger/Segger/SEGGER_SYSVIEW.o
 .debug_macro   0x00000000000246de      0x35c ./Core/Src/main.o
 .debug_macro   0x0000000000024a3a       0x5c ./Core/Src/main.o
 .debug_macro   0x0000000000024a96       0x5e ./Core/Src/main.o
 .debug_macro   0x0000000000024af4      0x181 ./Core/Src/main.o
 .debug_macro   0x0000000000024c75       0x16 ./Core/Src/main.o
 .debug_macro   0x0000000000024c8b       0x16 ./Core/Src/main.o
 .debug_macro   0x0000000000024ca1       0x16 ./Core/Src/main.o
 .debug_macro   0x0000000000024cb7      0x147 ./Core/Src/main.o
 .debug_macro   0x0000000000024dfe      0x271 ./Core/Src/stm32l4xx_hal_msp.o
 .debug_macro   0x000000000002506f      0x1ac ./Core/Src/stm32l4xx_hal_timebase_tim.o
 .debug_macro   0x000000000002521b      0x293 ./Core/Src/stm32l4xx_it.o
 .debug_macro   0x00000000000254ae      0x1ac ./Core/Src/system_stm32l4xx.o
 .debug_macro   0x000000000002565a      0x1fa ./Drivers/STM32L4xx_HAL_Driver/Src/stm32l4xx_hal.o
 .debug_macro   0x0000000000025854      0x1ac ./Drivers/STM32L4xx_HAL_Driver/Src/stm32l4xx_hal_cortex.o
 .debug_macro   0x0000000000025a00      0x1b3 ./Drivers/STM32L4xx_HAL_Driver/Src/stm32l4xx_hal_gpio.o
 .debug_macro   0x0000000000025bb3      0x1d0 ./Drivers/STM32L4xx_HAL_Driver/Src/stm32l4xx_hal_pwr_ex.o
 .debug_macro   0x0000000000025d83      0x1ee ./Drivers/STM32L4xx_HAL_Driver/Src/stm32l4xx_hal_rcc.o
 .debug_macro   0x0000000000025f71      0x1ad ./Drivers/STM32L4xx_HAL_Driver/Src/stm32l4xx_hal_tim.o
 .debug_macro   0x000000000002611e      0x1ac ./Drivers/STM32L4xx_HAL_Driver/Src/stm32l4xx_hal_tim_ex.o

.debug_line     0x0000000000000000    0x15fdf
 .debug_line    0x0000000000000000      0x9e8 ./CommonRTOS/ThirdParty/FreeRTOS/list.o
 .debug_line    0x00000000000009e8     0x240b ./CommonRTOS/ThirdParty/FreeRTOS/tasks.o
 .debug_line    0x0000000000002df3      0x9fd ./CommonRTOS/ThirdParty/FreeRTOS/portable/GCC/ARM_CM4F/port.o
 .debug_line    0x00000000000037f0      0xc69 ./CommonRTOS/ThirdParty/FreeRTOS/portable/MemMang/heap_4.o
 .debug_line    0x0000000000004459      0x671 ./CommonRTOS/ThirdParty/Segger/Config/SEGGER_SYSVIEW_Config_FreeRTOS.o
 .debug_line    0x0000000000004aca      0xa7b ./CommonRTOS/ThirdParty/Segger/OS/SEGGER_SYSVIEW_FreeRTOS.o
 .debug_line    0x0000000000005545      0xc98 ./CommonRTOS/ThirdParty/Segger/Recorder/segger_uart.o
 .debug_line    0x00000000000061dd     0x1055 ./CommonRTOS/ThirdParty/Segger/Segger/SEGGER_RTT.o
 .debug_line    0x0000000000007232       0x86 ./CommonRTOS/ThirdParty/Segger/Segger/SEGGER_RTT_ASM_ARMv7M.o
 .debug_line    0x00000000000072b8     0x2500 ./CommonRTOS/ThirdParty/Segger/Segger/SEGGER_SYSVIEW.o
 .debug_line    0x00000000000097b8      0xd74 ./Core/Src/main.o
 .debug_line    0x000000000000a52c      0x93d ./Core/Src/stm32l4xx_hal_msp.o
 .debug_line    0x000000000000ae69      0x759 ./Core/Src/stm32l4xx_hal_timebase_tim.o
 .debug_line    0x000000000000b5c2      0xa07 ./Core/Src/stm32l4xx_it.o
 .debug_line    0x000000000000bfc9      0x778 ./Core/Src/system_stm32l4xx.o
 .debug_line    0x000000000000c741       0x7a ./Core/Startup/startup_stm32l476rgtx.o
 .debug_line    0x000000000000c7bb      0xad1 ./Drivers/STM32L4xx_HAL_Driver/Src/stm32l4xx_hal.o
 .debug_line    0x000000000000d28c      0xc77 ./Drivers/STM32L4xx_HAL_Driver/Src/stm32l4xx_hal_cortex.o
 .debug_line    0x000000000000df03      0xb44 ./Drivers/STM32L4xx_HAL_Driver/Src/stm32l4xx_hal_gpio.o
 .debug_line    0x000000000000ea47      0xcc8 ./Drivers/STM32L4xx_HAL_Driver/Src/stm32l4xx_hal_pwr_ex.o
 .debug_line    0x000000000000f70f      0xf47 ./Drivers/STM32L4xx_HAL_Driver/Src/stm32l4xx_hal_rcc.o
 .debug_line    0x0000000000010656     0x3daa ./Drivers/STM32L4xx_HAL_Driver/Src/stm32l4xx_hal_tim.o
 .debug_line    0x0000000000014400     0x1bdf ./Drivers/STM32L4xx_HAL_Driver/Src/stm32l4xx_hal_tim_ex.o

.debug_str      0x0000000000000000    0xfb384
 .debug_str     0x0000000000000000     0xeec8 ./CommonRTOS/ThirdParty/FreeRTOS/list.o
                                       0xf11b (size before relaxing)
 .debug_str     0x000000000000eec8     0x33e3 ./CommonRTOS/ThirdParty/FreeRTOS/tasks.o
                                      0x125be (size before relaxing)
 .debug_str     0x00000000000122ab      0x87d ./CommonRTOS/ThirdParty/FreeRTOS/portable/GCC/ARM_CM4F/port.o
                                       0xd9ce (size before relaxing)
 .debug_str     0x0000000000012b28      0x5f7 ./CommonRTOS/ThirdParty/FreeRTOS/portable/MemMang/heap_4.o
                                      0x10945 (size before relaxing)
 .debug_str     0x000000000001311f      0x1f9 ./CommonRTOS/ThirdParty/Segger/Config/SEGGER_SYSVIEW_Config_FreeRTOS.o
                                       0xb496 (size before relaxing)
 .debug_str     0x0000000000013318      0x116 ./CommonRTOS/ThirdParty/Segger/OS/SEGGER_SYSVIEW_FreeRTOS.o
                                      0x103b9 (size before relaxing)
 .debug_str     0x000000000001342e    0xe2de2 ./CommonRTOS/ThirdParty/Segger/Recorder/segger_uart.o
                                      0xebc3f (size before relaxing)
 .debug_str     0x00000000000f6210      0x76e ./CommonRTOS/ThirdParty/Segger/Segger/SEGGER_RTT.o
                                       0x870f (size before relaxing)
 .debug_str     0x00000000000f697e       0x60 ./CommonRTOS/ThirdParty/Segger/Segger/SEGGER_RTT_ASM_ARMv7M.o
                                         0x8d (size before relaxing)
 .debug_str     0x00000000000f69de      0xef4 ./CommonRTOS/ThirdParty/Segger/Segger/SEGGER_SYSVIEW.o
                                       0xa9bb (size before relaxing)
 .debug_str     0x00000000000f78d2     0x10d6 ./Core/Src/main.o
                                      0xf320b (size before relaxing)
 .debug_str     0x00000000000f89a8       0x2c ./Core/Src/stm32l4xx_hal_msp.o
                                      0xece68 (size before relaxing)
 .debug_str     0x00000000000f89d4      0x107 ./Core/Src/stm32l4xx_hal_timebase_tim.o
                                      0xe65d0 (size before relaxing)
 .debug_str     0x00000000000f8adb       0xd3 ./Core/Src/stm32l4xx_it.o
                                      0xef116 (size before relaxing)
 .debug_str     0x00000000000f8bae       0x8e ./Core/Src/system_stm32l4xx.o
                                      0xe5b20 (size before relaxing)
 .debug_str     0x00000000000f8c3c       0x28 ./Core/Startup/startup_stm32l476rgtx.o
                                         0x61 (size before relaxing)
 .debug_str     0x00000000000f8c64      0x66d ./Drivers/STM32L4xx_HAL_Driver/Src/stm32l4xx_hal.o
                                      0xe671f (size before relaxing)
 .debug_str     0x00000000000f92d1      0x2f6 ./Drivers/STM32L4xx_HAL_Driver/Src/stm32l4xx_hal_cortex.o
                                      0xe6367 (size before relaxing)
 .debug_str     0x00000000000f95c7      0x10e ./Drivers/STM32L4xx_HAL_Driver/Src/stm32l4xx_hal_gpio.o
                                      0xe5c99 (size before relaxing)
 .debug_str     0x00000000000f96d5      0x4e3 ./Drivers/STM32L4xx_HAL_Driver/Src/stm32l4xx_hal_pwr_ex.o
                                      0xe607b (size before relaxing)
 .debug_str     0x00000000000f9bb8      0x30f ./Drivers/STM32L4xx_HAL_Driver/Src/stm32l4xx_hal_rcc.o
                                      0xe6166 (size before relaxing)
 .debug_str     0x00000000000f9ec7      0xeb0 ./Drivers/STM32L4xx_HAL_Driver/Src/stm32l4xx_hal_tim.o
                                      0xe6e60 (size before relaxing)
 .debug_str     0x00000000000fad77      0x60d ./Drivers/STM32L4xx_HAL_Driver/Src/stm32l4xx_hal_tim_ex.o
                                      0xe6774 (size before relaxing)

.debug_frame    0x0000000000000000     0x527c
 .debug_frame   0x0000000000000000       0xd8 ./CommonRTOS/ThirdParty/FreeRTOS/list.o
 .debug_frame   0x00000000000000d8      0xaa0 ./CommonRTOS/ThirdParty/FreeRTOS/tasks.o
 .debug_frame   0x0000000000000b78      0x1d0 ./CommonRTOS/ThirdParty/FreeRTOS/portable/GCC/ARM_CM4F/port.o
 .debug_frame   0x0000000000000d48      0x150 ./CommonRTOS/ThirdParty/FreeRTOS/portable/MemMang/heap_4.o
 .debug_frame   0x0000000000000e98       0x48 ./CommonRTOS/ThirdParty/Segger/Config/SEGGER_SYSVIEW_Config_FreeRTOS.o
 .debug_frame   0x0000000000000ee0      0x104 ./CommonRTOS/ThirdParty/Segger/OS/SEGGER_SYSVIEW_FreeRTOS.o
 .debug_frame   0x0000000000000fe4      0x178 ./CommonRTOS/ThirdParty/Segger/Recorder/segger_uart.o
 .debug_frame   0x000000000000115c      0x52c ./CommonRTOS/ThirdParty/Segger/Segger/SEGGER_RTT.o
 .debug_frame   0x0000000000001688      0xd78 ./CommonRTOS/ThirdParty/Segger/Segger/SEGGER_SYSVIEW.o
 .debug_frame   0x0000000000002400      0x114 ./Core/Src/main.o
 .debug_frame   0x0000000000002514       0x34 ./Core/Src/stm32l4xx_hal_msp.o
 .debug_frame   0x0000000000002548       0x74 ./Core/Src/stm32l4xx_hal_timebase_tim.o
 .debug_frame   0x00000000000025bc       0xe8 ./Core/Src/stm32l4xx_it.o
 .debug_frame   0x00000000000026a4       0x58 ./Core/Src/system_stm32l4xx.o
 .debug_frame   0x00000000000026fc      0x498 ./Drivers/STM32L4xx_HAL_Driver/Src/stm32l4xx_hal.o
 .debug_frame   0x0000000000002b94      0x498 ./Drivers/STM32L4xx_HAL_Driver/Src/stm32l4xx_hal_cortex.o
 .debug_frame   0x000000000000302c      0x14c ./Drivers/STM32L4xx_HAL_Driver/Src/stm32l4xx_hal_gpio.o
 .debug_frame   0x0000000000003178      0x584 ./Drivers/STM32L4xx_HAL_Driver/Src/stm32l4xx_hal_pwr_ex.o
 .debug_frame   0x00000000000036fc      0x21c ./Drivers/STM32L4xx_HAL_Driver/Src/stm32l4xx_hal_rcc.o
 .debug_frame   0x0000000000003918     0x1218 ./Drivers/STM32L4xx_HAL_Driver/Src/stm32l4xx_hal_tim.o
 .debug_frame   0x0000000000004b30      0x6b0 ./Drivers/STM32L4xx_HAL_Driver/Src/stm32l4xx_hal_tim_ex.o
 .debug_frame   0x00000000000051e0       0x28 D:/Non-Project/STM CubeIDE/STM32CubeIDE_1.14.0/STM32CubeIDE/plugins/com.st.stm32cube.ide.mcu.externaltools.gnu-tools-for-stm32.11.3.rel1.win32_1.1.100.202309141235/tools/bin/../lib/gcc/arm-none-eabi/11.3.1/../../../../arm-none-eabi/lib/thumb/v7e-m+fp/hard\libc_nano.a(libc_a-memcmp.o)
 .debug_frame   0x0000000000005208       0x20 D:/Non-Project/STM CubeIDE/STM32CubeIDE_1.14.0/STM32CubeIDE/plugins/com.st.stm32cube.ide.mcu.externaltools.gnu-tools-for-stm32.11.3.rel1.win32_1.1.100.202309141235/tools/bin/../lib/gcc/arm-none-eabi/11.3.1/../../../../arm-none-eabi/lib/thumb/v7e-m+fp/hard\libc_nano.a(libc_a-memset.o)
 .debug_frame   0x0000000000005228       0x2c D:/Non-Project/STM CubeIDE/STM32CubeIDE_1.14.0/STM32CubeIDE/plugins/com.st.stm32cube.ide.mcu.externaltools.gnu-tools-for-stm32.11.3.rel1.win32_1.1.100.202309141235/tools/bin/../lib/gcc/arm-none-eabi/11.3.1/../../../../arm-none-eabi/lib/thumb/v7e-m+fp/hard\libc_nano.a(libc_a-init.o)
 .debug_frame   0x0000000000005254       0x28 D:/Non-Project/STM CubeIDE/STM32CubeIDE_1.14.0/STM32CubeIDE/plugins/com.st.stm32cube.ide.mcu.externaltools.gnu-tools-for-stm32.11.3.rel1.win32_1.1.100.202309141235/tools/bin/../lib/gcc/arm-none-eabi/11.3.1/../../../../arm-none-eabi/lib/thumb/v7e-m+fp/hard\libc_nano.a(libc_a-memcpy-stub.o)

.debug_line_str
                0x0000000000000000       0xa9
 .debug_line_str
                0x0000000000000000       0x81 ./CommonRTOS/ThirdParty/Segger/Segger/SEGGER_RTT_ASM_ARMv7M.o
                                         0x99 (size before relaxing)
 .debug_line_str
                0x0000000000000081       0x28 ./Core/Startup/startup_stm32l476rgtx.o
                                         0x6d (size before relaxing)